Archive member included because of file (symbol)

.\CortexM3\ARM_GCC_473\Debug\Decagon_Soilmoisture.a(cyfitter_cfg.o)
                              .\CortexM3\ARM_GCC_473\Debug\Cm3Start.o (cyfitter_cfg)
.\CortexM3\ARM_GCC_473\Debug\Decagon_Soilmoisture.a(UART_SoilMoisture_Decagon.o)
                              .\CortexM3\ARM_GCC_473\Debug\SoilMoisture_Decagon.o (UART_SoilMoisture_Decagon_Start)
.\CortexM3\ARM_GCC_473\Debug\Decagon_Soilmoisture.a(isr_SoilMoisture_Decagon.o)
                              .\CortexM3\ARM_GCC_473\Debug\SoilMoisture_Decagon.o (isr_SoilMoisture_Decagon_StartEx)
.\CortexM3\ARM_GCC_473\Debug\Decagon_Soilmoisture.a(Decagon_Sensor_Power.o)
                              .\CortexM3\ARM_GCC_473\Debug\SoilMoisture_Decagon.o (Decagon_Sensor_Power_Write)
.\CortexM3\ARM_GCC_473\Debug\Decagon_Soilmoisture.a(UART_SoilMoisture_Decagon_IntClock.o)
                              .\CortexM3\ARM_GCC_473\Debug\Decagon_Soilmoisture.a(UART_SoilMoisture_Decagon.o) (UART_SoilMoisture_Decagon_IntClock_Start)
.\CortexM3\ARM_GCC_473\Debug\Decagon_Soilmoisture.a(CyBootAsmGnu.o)
                              .\CortexM3\ARM_GCC_473\Debug\Decagon_Soilmoisture.a(cyfitter_cfg.o) (CyDelayCycles)
.\CortexM3\ARM_GCC_473\Debug\Decagon_Soilmoisture.a(CyLib.o)
                              .\CortexM3\ARM_GCC_473\Debug\Cm3Start.o (CyResetStatus)
.\CortexM3\ARM_GCC_473\Debug\Decagon_Soilmoisture.a(cyPm.o)
                              .\CortexM3\ARM_GCC_473\Debug\Decagon_Soilmoisture.a(CyLib.o) (CyPmReadStatus)
.\CortexM3\ARM_GCC_473\Debug\Decagon_Soilmoisture.a(CyFlash.o)
                              .\CortexM3\ARM_GCC_473\Debug\Decagon_Soilmoisture.a(cyPm.o) (CyFlash_SetWaitCycles)
.\CortexM3\ARM_GCC_473\Debug\Decagon_Soilmoisture.a(CySpc.o)
                              .\CortexM3\ARM_GCC_473\Debug\Decagon_Soilmoisture.a(CyFlash.o) (CySpcStart)
..\..\..\..\neolib\libneomote.a(Mote_API.o)
                              .\CortexM3\ARM_GCC_473\Debug\main.o (Mote_Start)
..\..\..\..\neolib\libneomote.a(OskiSerial.o)
                              ..\..\..\..\neolib\libneomote.a(Mote_API.o) (InitComPort)
..\..\..\..\neolib\libneomote.a(OskiStateMachine.o)
                              ..\..\..\..\neolib\libneomote.a(Mote_API.o) (oskiInitialize)
..\..\..\..\neolib\libneomote.a(NeoRTC.o)
                              .\CortexM3\ARM_GCC_473\Debug\main.o (NeoRTC_Start)
..\..\..\..\neolib\libneomote.a(fcs.o)
                              ..\..\..\..\neolib\libneomote.a(OskiSerial.o) (fcs_calc)
..\..\..\..\neolib\libneomote.a(OskiHdlc.o)
                              ..\..\..\..\neolib\libneomote.a(OskiStateMachine.o) (genOskiPacketForSerial)
..\..\..\..\neolib\libneomote.a(NeoI2C.o)
                              ..\..\..\..\neolib\libneomote.a(NeoRTC.o) (NeoI2C_Start)
.\CortexM3\ARM_GCC_473\Debug\Decagon_Soilmoisture.a(NEOMOTE_1_UART_MOTE.o)
                              ..\..\..\..\neolib\libneomote.a(OskiSerial.o) (NEOMOTE_1_UART_MOTE_Start)
.\CortexM3\ARM_GCC_473\Debug\Decagon_Soilmoisture.a(NEOMOTE_1_UART_MOTE_PM.o)
                              ..\..\..\..\neolib\libneomote.a(Mote_API.o) (NEOMOTE_1_UART_MOTE_Sleep)
.\CortexM3\ARM_GCC_473\Debug\Decagon_Soilmoisture.a(NEOMOTE_1_isr_RX.o)
                              ..\..\..\..\neolib\libneomote.a(Mote_API.o) (NEOMOTE_1_isr_RX_StartEx)
.\CortexM3\ARM_GCC_473\Debug\Decagon_Soilmoisture.a(NEOMOTE_1_RX_RTS_n.o)
                              ..\..\..\..\neolib\libneomote.a(Mote_API.o) (NEOMOTE_1_RX_RTS_n_Read)
.\CortexM3\ARM_GCC_473\Debug\Decagon_Soilmoisture.a(NEOMOTE_1_RX_CTS_n.o)
                              ..\..\..\..\neolib\libneomote.a(Mote_API.o) (NEOMOTE_1_RX_CTS_n_Write)
.\CortexM3\ARM_GCC_473\Debug\Decagon_Soilmoisture.a(NEOMOTE_1_TX_RTS_n.o)
                              ..\..\..\..\neolib\libneomote.a(OskiSerial.o) (NEOMOTE_1_TX_RTS_n_Write)
.\CortexM3\ARM_GCC_473\Debug\Decagon_Soilmoisture.a(NEOMOTE_1_TX_CTS_n.o)
                              ..\..\..\..\neolib\libneomote.a(OskiSerial.o) (NEOMOTE_1_TX_CTS_n_Read)
.\CortexM3\ARM_GCC_473\Debug\Decagon_Soilmoisture.a(NEOMOTE_1_isr_RX_RTSn.o)
                              ..\..\..\..\neolib\libneomote.a(Mote_API.o) (NEOMOTE_1_isr_RX_RTSn_Disable)
.\CortexM3\ARM_GCC_473\Debug\Decagon_Soilmoisture.a(NEOMOTE_1_I2C_0.o)
                              ..\..\..\..\neolib\libneomote.a(NeoI2C.o) (NEOMOTE_1_I2C_0_Start)
.\CortexM3\ARM_GCC_473\Debug\Decagon_Soilmoisture.a(NEOMOTE_1_I2C_0_INT.o)
                              .\CortexM3\ARM_GCC_473\Debug\Decagon_Soilmoisture.a(NEOMOTE_1_I2C_0.o) (NEOMOTE_1_I2C_0_ISR)
.\CortexM3\ARM_GCC_473\Debug\Decagon_Soilmoisture.a(NEOMOTE_1_I2C_0_PM.o)
                              .\CortexM3\ARM_GCC_473\Debug\Decagon_Soilmoisture.a(NEOMOTE_1_I2C_0.o) (NEOMOTE_1_I2C_0_backup)
.\CortexM3\ARM_GCC_473\Debug\Decagon_Soilmoisture.a(NEOMOTE_1_I2C_0_MASTER.o)
[...]
Memory Configuration

Name             Origin             Length             Attributes
rom              0x00000000         0x00040000         xr
ram              0x1fff8000         0x00010000         xrw
*default*        0x00000000         0xffffffff

Linker script and memory map

LOAD c:/program files (x86)/cypress/psoc creator/3.0/psoc creator/import/gnu_cs/arm/4.7.3/bin/../lib/gcc/arm-none-eabi/4.7.3/armv7-m/crti.o
LOAD c:/program files (x86)/cypress/psoc creator/3.0/psoc creator/import/gnu_cs/arm/4.7.3/bin/../lib/gcc/arm-none-eabi/4.7.3/armv7-m/crtbegin.o
LOAD c:/program files (x86)/cypress/psoc creator/3.0/psoc creator/import/gnu_cs/arm/4.7.3/bin/../lib/gcc/arm-none-eabi/4.7.3/../../../../arm-none-eabi/lib/armv7-m/crt0.o
START GROUP
LOAD .\CortexM3\ARM_GCC_473\Debug\main.o
LOAD .\CortexM3\ARM_GCC_473\Debug\SoilMoisture_Decagon.o
LOAD .\CortexM3\ARM_GCC_473\Debug\cymetadata.o
LOAD .\CortexM3\ARM_GCC_473\Debug\Cm3Start.o
LOAD .\CortexM3\ARM_GCC_473\Debug\Decagon_Soilmoisture.a
LOAD C:\Program Files (x86)\Cypress\PSoC Creator\3.0\PSoC Creator\psoc\content\cycomponentlibrary\CyComponentLibrary.cylib\CortexM3\ARM_GCC_473\Debug\CyComponentLibrary.a
LOAD ..\..\..\..\neolib\libneomote.a
END GROUP
START GROUP
LOAD c:/program files (x86)/cypress/psoc creator/3.0/psoc creator/import/gnu_cs/arm/4.7.3/bin/../lib/gcc/arm-none-eabi/4.7.3/armv7-m\libgcc.a
LOAD c:/program files (x86)/cypress/psoc creator/3.0/psoc creator/import/gnu_cs/arm/4.7.3/bin/../lib/gcc/arm-none-eabi/4.7.3/../../../../arm-none-eabi/lib/armv7-m\libg.a
LOAD c:/program files (x86)/cypress/psoc creator/3.0/psoc creator/import/gnu_cs/arm/4.7.3/bin/../lib/gcc/arm-none-eabi/4.7.3/../../../../arm-none-eabi/lib/armv7-m\libc.a
END GROUP
LOAD c:/program files (x86)/cypress/psoc creator/3.0/psoc creator/import/gnu_cs/arm/4.7.3/bin/../lib/gcc/arm-none-eabi/4.7.3/armv7-m/crtend.o
LOAD c:/program files (x86)/cypress/psoc creator/3.0/psoc creator/import/gnu_cs/arm/4.7.3/bin/../lib/gcc/arm-none-eabi/4.7.3/armv7-m/crtn.o
START GROUP
LOAD c:/program files (x86)/cypress/psoc creator/3.0/psoc creator/import/gnu_cs/arm/4.7.3/bin/../lib/gcc/arm-none-eabi/4.7.3/armv7-m\libgcc.a
LOAD c:/program files (x86)/cypress/psoc creator/3.0/psoc creator/import/gnu_cs/arm/4.7.3/bin/../lib/gcc/arm-none-eabi/4.7.3/../../../../arm-none-eabi/lib/armv7-m\libc.a
LOAD c:/program files (x86)/cypress/psoc creator/3.0/psoc creator/import/gnu_cs/arm/4.7.3/bin/../lib/gcc/arm-none-eabi/4.7.3/../../../../arm-none-eabi/lib/armv7-m\libnosys.a
END GROUP
                0x00000000                CY_APPL_ORIGIN = 0x0
                0x00000100                CY_FLASH_ROW_SIZE = 0x100
                0x00000020                CY_ECC_ROW_SIZE = 0x20
                0x00000000                CY_EE_IN_BTLDR = 0x0
                0x00000000                CY_APPL_LOADABLE = 0x0
                0x00000800                CY_EE_SIZE = 0x800
                0x00000001                CY_APPL_NUM = 0x1
                0x00000001                CY_APPL_MAX = 0x1
                0x00000040                CY_METADATA_SIZE = 0x40
                0x1fff9360                PROVIDE (__cy_heap_start, _end)
                0x00000001                PROVIDE (__cy_region_num, ((__cy_regions_end - __cy_regions) / 0x10))
                0x20008000                PROVIDE (__cy_stack, (ORIGIN (ram) + 0x10000))
                0x20004000                PROVIDE (__cy_heap_end, (__cy_stack - 0x4000))

.cybootloader   0x00000000        0x0
 *(.cybootloader)
                0x00000000                appl1_start = CY_APPL_ORIGIN?CY_APPL_ORIGIN:ALIGN (CY_FLASH_ROW_SIZE)
                0x0001ff00                appl2_start = (appl1_start + ALIGN ((((0x40000 - appl1_start) - (0x2 * CY_FLASH_ROW_SIZE)) / 0x2), CY_FLASH_ROW_SIZE))
                0x00000000                appl_start = (CY_APPL_NUM == 0x1)?appl1_start:appl2_start
                0x00000000                ecc_offset = ((appl_start / CY_FLASH_ROW_SIZE) * CY_ECC_ROW_SIZE)
                0x00000000                ee_offset = (CY_APPL_LOADABLE && ! (CY_EE_IN_BTLDR))?((CY_EE_SIZE / CY_APPL_MAX) * (CY_APPL_NUM - 0x1)):0x0
                0x00000800                ee_size = (CY_APPL_LOADABLE && ! (CY_EE_IN_BTLDR))?(CY_EE_SIZE / CY_APPL_MAX):CY_EE_SIZE
                0x00000000                PROVIDE (CY_ECC_OFFSET, ecc_offset)

.text           0x00000000     0xe33c
 CREATE_OBJECT_SYMBOLS
                0x00000000                PROVIDE (__cy_interrupt_vector, RomVectors)
 *(.romvectors)
 .romvectors    0x00000000       0x10 .\CortexM3\ARM_GCC_473\Debug\Cm3Start.o
                0x00000000                RomVectors
                0x00000001                ASSERT ((. != __cy_interrupt_vector), No interrupt vector)
                0x00000001                ASSERT (CY_APPL_ORIGIN?(SIZEOF (.cybootloader) <= CY_APPL_ORIGIN):0x1, Wrong image location)
                0x00000010                PROVIDE (__cy_reset, Reset)
 *(.text.Reset)
 .text.Reset    0x00000010       0x1c .\CortexM3\ARM_GCC_473\Debug\Cm3Start.o
                0x00000010                Reset
                0x00000001                ASSERT ((. != __cy_reset), No reset code)
 *(.dma_init)
                0x00000001                ASSERT ((((appl_start + .) <= 0x10000) || 0x1), DMA Init must be within the first 64k of flash)
 *(.text .text.* .gnu.linkonce.t.*)
 .text          0x0000002c       0x54 c:/program files (x86)/cypress/psoc creator/3.0/psoc creator/import/gnu_cs/arm/4.7.3/bin/../lib/gcc/arm-none-eabi/4.7.3/armv7-m/crtbegin.o
 .text.moteNotificationReceived
                0x00000080       0x34 .\CortexM3\ARM_GCC_473\Debug\main.o
                0x00000080                moteNotificationReceived
 .text.main     0x000000b4       0x38 .\CortexM3\ARM_GCC_473\Debug\main.o
                0x000000b4                main
 .text.rtcCallBackReceived
                0x000000ec       0x54 .\CortexM3\ARM_GCC_473\Debug\main.o
                0x000000ec                rtcCallBackReceived
 .text.SoilMoisture_Decagon_Start
                0x00000140        0xc .\CortexM3\ARM_GCC_473\Debug\SoilMoisture_Decagon.o
                0x00000140                SoilMoisture_Decagon_Start
 .text.IntUartRx_D
                0x0000014c       0x5c .\CortexM3\ARM_GCC_473\Debug\SoilMoisture_Decagon.o
                0x0000014c                IntUartRx_D
 .text.SoilMoisture_Decagon_Convert_Raw_Reading
                0x000001a8       0x64 .\CortexM3\ARM_GCC_473\Debug\SoilMoisture_Decagon.o
                0x000001a8                SoilMoisture_Decagon_Convert_Raw_Reading
 .text.SoilMoisture_Decagon_Take_Reading
                0x0000020c       0x70 .\CortexM3\ARM_GCC_473\Debug\SoilMoisture_Decagon.o
                0x0000020c                SoilMoisture_Decagon_Take_Reading
 .text.IntDefaultHandler
                0x0000027c        0x8 .\CortexM3\ARM_GCC_473\Debug\Cm3Start.o
                0x0000027c                IntDefaultHandler
 .text.Start_c  0x00000284       0xcc .\CortexM3\ARM_GCC_473\Debug\Cm3Start.o
                0x00000284                Start_c
 .text.initialize_psoc
                0x00000350       0xb4 .\CortexM3\ARM_GCC_473\Debug\Cm3Start.o
                0x00000350                initialize_psoc
 .text.CYMEMZERO
                0x00000404       0x20 .\CortexM3\ARM_GCC_473\Debug\Decagon_Soilmoisture.a(cyfitter_cfg.o)
 .text.CYCONFIGCPY
                0x00000424       0x20 .\CortexM3\ARM_GCC_473\Debug\Decagon_Soilmoisture.a(cyfitter_cfg.o)
 .text.CyClockStartupError
                0x00000444        0xc .\CortexM3\ARM_GCC_473\Debug\Decagon_Soilmoisture.a(cyfitter_cfg.o)
 .text.cfg_write_bytes32
                0x00000450       0x84 .\CortexM3\ARM_GCC_473\Debug\Decagon_Soilmoisture.a(cyfitter_cfg.o)
 .text.ClockSetup
                0x000004d4      0x188 .\CortexM3\ARM_GCC_473\Debug\Decagon_Soilmoisture.a(cyfitter_cfg.o)
 .text.AnalogSetDefault
                0x0000065c       0x50 .\CortexM3\ARM_GCC_473\Debug\Decagon_Soilmoisture.a(cyfitter_cfg.o)
 .text.cyfitter_cfg
                0x000006ac      0x23c .\CortexM3\ARM_GCC_473\Debug\Decagon_Soilmoisture.a(cyfitter_cfg.o)
                0x000006ac                cyfitter_cfg
 .text.UART_SoilMoisture_Decagon_Start
                0x000008e8       0x2c .\CortexM3\ARM_GCC_473\Debug\Decagon_Soilmoisture.a(UART_SoilMoisture_Decagon.o)
                0x000008e8                UART_SoilMoisture_Decagon_Start
 .text.UART_SoilMoisture_Decagon_Init
                0x00000914       0x28 .\CortexM3\ARM_GCC_473\Debug\Decagon_Soilmoisture.a(UART_SoilMoisture_Decagon.o)
                0x00000914                UART_SoilMoisture_Decagon_Init
 .text.UART_SoilMoisture_Decagon_Enable
                0x0000093c       0x5c .\CortexM3\ARM_GCC_473\Debug\Decagon_Soilmoisture.a(UART_SoilMoisture_Decagon.o)
                0x0000093c                UART_SoilMoisture_Decagon_Enable
 .text.UART_SoilMoisture_Decagon_GetChar
                0x00000998       0x4c .\CortexM3\ARM_GCC_473\Debug\Decagon_Soilmoisture.a(UART_SoilMoisture_Decagon.o)
                0x00000998                UART_SoilMoisture_Decagon_GetChar
 .text.isr_SoilMoisture_Decagon_StartEx
                0x000009e4       0x28 .\CortexM3\ARM_GCC_473\Debug\Decagon_Soilmoisture.a(isr_SoilMoisture_Decagon.o)
                0x000009e4                isr_SoilMoisture_Decagon_StartEx
 .text.isr_SoilMoisture_Decagon_Stop
                0x00000a0c       0x18 .\CortexM3\ARM_GCC_473\Debug\Decagon_Soilmoisture.a(isr_SoilMoisture_Decagon.o)
                0x00000a0c                isr_SoilMoisture_Decagon_Stop
 .text.isr_SoilMoisture_Decagon_SetVector
                0x00000a24       0x28 .\CortexM3\ARM_GCC_473\Debug\Decagon_Soilmoisture.a(isr_SoilMoisture_Decagon.o)
                0x00000a24                isr_SoilMoisture_Decagon_SetVector
 .text.isr_SoilMoisture_Decagon_SetPriority
                0x00000a4c       0x28 .\CortexM3\ARM_GCC_473\Debug\Decagon_Soilmoisture.a(isr_SoilMoisture_Decagon.o)
                0x00000a4c                isr_SoilMoisture_Decagon_SetPriority
 .text.isr_SoilMoisture_Decagon_Enable
                0x00000a74       0x18 .\CortexM3\ARM_GCC_473\Debug\Decagon_Soilmoisture.a(isr_SoilMoisture_Decagon.o)
                0x00000a74                isr_SoilMoisture_Decagon_Enable
 .text.isr_SoilMoisture_Decagon_Disable
                0x00000a8c       0x18 .\CortexM3\ARM_GCC_473\Debug\Decagon_Soilmoisture.a(isr_SoilMoisture_Decagon.o)
                0x00000a8c                isr_SoilMoisture_Decagon_Disable
 .text.Decagon_Sensor_Power_Write
                0x00000aa4       0x40 .\CortexM3\ARM_GCC_473\Debug\Decagon_Soilmoisture.a(Decagon_Sensor_Power.o)
                0x00000aa4                Decagon_Sensor_Power_Write
 .text.UART_SoilMoisture_Decagon_IntClock_Start
                0x00000ae4       0x44 .\CortexM3\ARM_GCC_473\Debug\Decagon_Soilmoisture.a(UART_SoilMoisture_Decagon_IntClock.o)
                0x00000ae4                UART_SoilMoisture_Decagon_IntClock_Start
 .text          0x00000b28       0x28 .\CortexM3\ARM_GCC_473\Debug\Decagon_Soilmoisture.a(CyBootAsmGnu.o)
                0x00000b28                CyDelayCycles
                0x00000b3c                CyEnterCriticalSection
                0x00000b44                CyExitCriticalSection
 .text.CyHalt   0x00000b50       0x18 .\CortexM3\ARM_GCC_473\Debug\Decagon_Soilmoisture.a(CyLib.o)
                0x00000b50                CyHalt
 .text.CyDelay  0x00000b68       0x48 .\CortexM3\ARM_GCC_473\Debug\Decagon_Soilmoisture.a(CyLib.o)
                0x00000b68                CyDelay
 .text.CyDelayUs
                0x00000bb0       0x28 .\CortexM3\ARM_GCC_473\Debug\Decagon_Soilmoisture.a(CyLib.o)
                0x00000bb0                CyDelayUs
 .text.CyIntSetVector
                0x00000bd8       0x60 .\CortexM3\ARM_GCC_473\Debug\Decagon_Soilmoisture.a(CyLib.o)
                0x00000bd8                CyIntSetVector
 .text.CyIntSetPriority
                0x00000c38       0x4c .\CortexM3\ARM_GCC_473\Debug\Decagon_Soilmoisture.a(CyLib.o)
                0x00000c38                CyIntSetPriority
 .text          0x00000c84      0x310 ..\..\..\..\neolib\libneomote.a(Mote_API.o)
                0x00000c84                Mote_Serial_Busy
                0x00000cac                Mote_Process_Notification
                0x00000cc4                UpdateMoteState
                0x00000cdc                Mote_Has_Packets_In_Queue
                0x00000d00                Mote_Process_Queue
                0x00000d2c                vMoteUART_RX_INT
                0x00000d6c                vMoteUART_RX_RTSN_INT
                0x00000db8                PACKET_DELAY_INT
                0x00000dd4                Mote_Start
                0x00000e5c                Mote_Reset
                0x00000e68                Mote_Sleep
                0x00000e78                Mote_Wakeup
                0x00000e8c                Mote_Process_Tasks
                0x00000f08                Mote_Send_Packet
                0x00000f2c                Mote_Hardware_Busy
                0x00000f5c                Mote_Get_State
 .text          0x00000f94      0x3dc ..\..\..\..\neolib\libneomote.a(OskiSerial.o)
                0x00000f94                InitComPort
                0x00000fb8                clearPacket
                0x00000ffc                parseStoredPacket
                0x0000115c                sendHDLCPacket
                0x00001300                ProcessHDLCPacket
 .text          0x00001370      0xa84 ..\..\..\..\neolib\libneomote.a(OskiStateMachine.o)
                0x00001370                oskiInitialize
                0x000013a4                resetOski
                0x000013e0                sendJoinRequest
                0x0000141c                requestSocket
                0x00001460                bindSocketToPort
                0x000014b4                closeSocket
                0x000014fc                getParameter
                0x00001544                getStatus
                0x00001580                oski_send_packet
                0x00001720                checkHardware
                0x00001784                processNotificationFromOski
                0x00001ba0                clearQueuePacket
                0x00001c2c                packetQueueClear
                0x00001c70                packetQueuePush
                0x00001d04                packetQueuePop
                0x00001d98                processQueue
 .text          0x00001df4      0xbdc ..\..\..\..\neolib\libneomote.a(NeoRTC.o)
                0x00001df4                NeoRTC_Start
                0x00001e0c                NeoRTC_Sleep
                0x00001e18                NeoRTC_Wakeup
                0x00001e24                NeoRTC_Process_Tasks
                0x00001e34                NeoRTC_Set_Repeating_Minute_Alarm
                0x00001e50                NeoRTC_Enable_Second_Interrupt
                0x00001e5c                NeoRTC_Disable_Second_Interrupt
                0x00001e68                NeoRTC_WriteTime
                0x00001e88                NeoRTC_WriteTimeUtc
                0x00001ea0                NeoRTC_Read_Time
                0x00001ebc                RTC_Start
                0x00001ee8                RTC_Start_noOS
                0x00001f00                RTC_Sleep
                0x00001f0c                RTC_Wakeup
                0x00001f18                RTC_Process_Tasks
                0x00001f38                RTC_WriteTime
                0x00001fbc                RTC_WriteTimeUtc
                0x00001fe4                RTC_Epoch_To_TimeStruct
                0x0000205c                RTC_Read_Time
                0x0000210c                RTC_Clear_Control_Registers
                0x00002138                CheckBackupBattery
                0x00002168                RTC_Hardware_Busy
                0x00002180                RTC_ReadByteFromRegister
                0x000021a4                RTC_ReadSuccessiveBytesStartingAtRegister
                0x000021d0                RTC_WriteByteToRegister
                0x000021f8                RTC_WriteSuccessiveBytesStartingAtRegister
                0x00002220                vRTC_INT1_ISR
                0x0000222c                RTC_Set_Next_Repeating_MinuteAlarm
                0x000022c4                RTC_Set_Repeating_Minute_Alarm
                0x00002308                RTC_Enable_Second_Interrupt
                0x00002338                RTC_Clear_Second_Interrupt
                0x00002368                RTC_Disable_Second_Interrupt
                0x00002398                RTC_Disable_Clockout
                0x000023c8                RTC_Process_Int1
                0x00002430                task_ProcessRTC
                0x0000247c                RTC_Read_Seconds
                0x00002498                RTC_Read_Minutes
                0x000024b4                RTC_Read_Hours24
                0x000024d0                RTC_Read_Days
                0x000024ec                RTC_Read_WeekDays
                0x00002508                RTC_Read_Months
                0x00002524                RTC_Read_Years
                0x00002544                RTC_Write_Seconds
                0x00002578                RTC_Write_Minutes
                0x000025ac                RTC_Write_Hours24
                0x000025e0                RTC_Write_Days
                0x00002614                RTC_Write_WeekDays
                0x00002648                RTC_Write_Months
                0x0000267c                RTC_Write_Years
                0x000026ac                Byte_To_BCD
                0x000026f4                Sec_Byte_To_BCD
                0x00002740                Min_Byte_To_BCD
                0x00002768                Hour24_Byte_To_BCD
                0x00002790                Day_Byte_To_BCD
                0x000027b8                WeekDay_Byte_To_BCD
                0x000027d8                Month_Byte_To_BCD
                0x00002800                Year_Byte_To_BCD
                0x00002828                BCD_To_Byte
                0x000028c0                Sec_BCD_To_Byte
                0x000028e8                Min_BCD_To_Byte
                0x00002910                Hour24_BCD_To_Byte
                0x00002938                Day_BCD_To_Byte
                0x00002960                WeekDay_BCD_To_Byte
                0x00002980                Month_BCD_To_Byte
                0x000029a8                Year_BCD_To_Byte
 .text          0x000029d0      0x10c ..\..\..\..\neolib\libneomote.a(fcs.o)
                0x000029d0                fcs_fcs16
                0x00002a0c                fcs_calc
                0x00002a6c                fcs_compare
 .text          0x00002adc      0x1ac ..\..\..\..\neolib\libneomote.a(OskiHdlc.o)
                0x00002adc                genOskiPacketForSerial
                0x00002b60                genOskiAck
                0x00002be8                parseOskiHDLC
 .text          0x00002c88      0x240 ..\..\..\..\neolib\libneomote.a(NeoI2C.o)
                0x00002c88                NeoI2C_Start
                0x00002c94                NeoI2C_Write
                0x00002d0c                NeoI2C_WriteByteToRegister
                0x00002d40                NeoI2C_WriteSuccessiveBytesToRegister
                0x00002e04                NeoI2C_Read
                0x00002e50                NeoI2C_ReadByteFromRegister
                0x00002e8c                NeoI2C_ReadSuccessiveBytesStartingAtRegister
 .text.NEOMOTE_1_UART_MOTE_Start
                0x00002ec8       0x2c .\CortexM3\ARM_GCC_473\Debug\Decagon_Soilmoisture.a(NEOMOTE_1_UART_MOTE.o)
                0x00002ec8                NEOMOTE_1_UART_MOTE_Start
 .text.NEOMOTE_1_UART_MOTE_Init
                0x00002ef4       0x50 .\CortexM3\ARM_GCC_473\Debug\Decagon_Soilmoisture.a(NEOMOTE_1_UART_MOTE.o)
                0x00002ef4                NEOMOTE_1_UART_MOTE_Init
 .text.NEOMOTE_1_UART_MOTE_Enable
                0x00002f44       0x78 .\CortexM3\ARM_GCC_473\Debug\Decagon_Soilmoisture.a(NEOMOTE_1_UART_MOTE.o)
                0x00002f44                NEOMOTE_1_UART_MOTE_Enable
 .text.NEOMOTE_1_UART_MOTE_Stop
                0x00002fbc       0x78 .\CortexM3\ARM_GCC_473\Debug\Decagon_Soilmoisture.a(NEOMOTE_1_UART_MOTE.o)
                0x00002fbc                NEOMOTE_1_UART_MOTE_Stop
 .text.NEOMOTE_1_UART_MOTE_ReadRxData
                0x00003034       0x20 .\CortexM3\ARM_GCC_473\Debug\Decagon_Soilmoisture.a(NEOMOTE_1_UART_MOTE.o)
                0x00003034                NEOMOTE_1_UART_MOTE_ReadRxData
 .text.NEOMOTE_1_UART_MOTE_ClearRxBuffer
                0x00003054       0x58 .\CortexM3\ARM_GCC_473\Debug\Decagon_Soilmoisture.a(NEOMOTE_1_UART_MOTE.o)
                0x00003054                NEOMOTE_1_UART_MOTE_ClearRxBuffer
 .text.NEOMOTE_1_UART_MOTE_ReadTxStatus
                0x000030ac       0x18 .\CortexM3\ARM_GCC_473\Debug\Decagon_Soilmoisture.a(NEOMOTE_1_UART_MOTE.o)
                0x000030ac                NEOMOTE_1_UART_MOTE_ReadTxStatus
 .text.NEOMOTE_1_UART_MOTE_PutChar
                0x000030c4       0x38 .\CortexM3\ARM_GCC_473\Debug\Decagon_Soilmoisture.a(NEOMOTE_1_UART_MOTE.o)
                0x000030c4                NEOMOTE_1_UART_MOTE_PutChar
 .text.NEOMOTE_1_UART_MOTE_ClearTxBuffer
                0x000030fc       0x58 .\CortexM3\ARM_GCC_473\Debug\Decagon_Soilmoisture.a(NEOMOTE_1_UART_MOTE.o)
                0x000030fc                NEOMOTE_1_UART_MOTE_ClearTxBuffer
 .text.NEOMOTE_1_UART_MOTE_SaveConfig
                0x00003154        0xc .\CortexM3\ARM_GCC_473\Debug\Decagon_Soilmoisture.a(NEOMOTE_1_UART_MOTE_PM.o)
                0x00003154                NEOMOTE_1_UART_MOTE_SaveConfig
 .text.NEOMOTE_1_UART_MOTE_RestoreConfig
                0x00003160        0xc .\CortexM3\ARM_GCC_473\Debug\Decagon_Soilmoisture.a(NEOMOTE_1_UART_MOTE_PM.o)
                0x00003160                NEOMOTE_1_UART_MOTE_RestoreConfig
 .text.NEOMOTE_1_UART_MOTE_Sleep
                0x0000316c       0x40 .\CortexM3\ARM_GCC_473\Debug\Decagon_Soilmoisture.a(NEOMOTE_1_UART_MOTE_PM.o)
                0x0000316c                NEOMOTE_1_UART_MOTE_Sleep
 .text.NEOMOTE_1_UART_MOTE_Wakeup
                0x000031ac       0x24 .\CortexM3\ARM_GCC_473\Debug\Decagon_Soilmoisture.a(NEOMOTE_1_UART_MOTE_PM.o)
                0x000031ac                NEOMOTE_1_UART_MOTE_Wakeup
 .text.NEOMOTE_1_isr_RX_StartEx
                0x000031d0       0x28 .\CortexM3\ARM_GCC_473\Debug\Decagon_Soilmoisture.a(NEOMOTE_1_isr_RX.o)
                0x000031d0                NEOMOTE_1_isr_RX_StartEx
 .text.NEOMOTE_1_isr_RX_SetVector
                0x000031f8       0x28 .\CortexM3\ARM_GCC_473\Debug\Decagon_Soilmoisture.a(NEOMOTE_1_isr_RX.o)
                0x000031f8                NEOMOTE_1_isr_RX_SetVector
 .text.NEOMOTE_1_isr_RX_SetPriority
                0x00003220       0x28 .\CortexM3\ARM_GCC_473\Debug\Decagon_Soilmoisture.a(NEOMOTE_1_isr_RX.o)
                0x00003220                NEOMOTE_1_isr_RX_SetPriority
 .text.NEOMOTE_1_isr_RX_Enable
                0x00003248       0x18 .\CortexM3\ARM_GCC_473\Debug\Decagon_Soilmoisture.a(NEOMOTE_1_isr_RX.o)
                0x00003248                NEOMOTE_1_isr_RX_Enable
 .text.NEOMOTE_1_isr_RX_Disable
                0x00003260       0x18 .\CortexM3\ARM_GCC_473\Debug\Decagon_Soilmoisture.a(NEOMOTE_1_isr_RX.o)
                0x00003260                NEOMOTE_1_isr_RX_Disable
 .text.NEOMOTE_1_isr_RX_ClearPending
                0x00003278       0x18 .\CortexM3\ARM_GCC_473\Debug\Decagon_Soilmoisture.a(NEOMOTE_1_isr_RX.o)
                0x00003278                NEOMOTE_1_isr_RX_ClearPending
 .text.NEOMOTE_1_RX_RTS_n_Read
                0x00003290       0x24 .\CortexM3\ARM_GCC_473\Debug\Decagon_Soilmoisture.a(NEOMOTE_1_RX_RTS_n.o)
                0x00003290                NEOMOTE_1_RX_RTS_n_Read
 .text.NEOMOTE_1_RX_RTS_n_ClearInterrupt
                0x000032b4       0x24 .\CortexM3\ARM_GCC_473\Debug\Decagon_Soilmoisture.a(NEOMOTE_1_RX_RTS_n.o)
                0x000032b4                NEOMOTE_1_RX_RTS_n_ClearInterrupt
 .text.NEOMOTE_1_RX_CTS_n_Write
                0x000032d8       0x44 .\CortexM3\ARM_GCC_473\Debug\Decagon_Soilmoisture.a(NEOMOTE_1_RX_CTS_n.o)
                0x000032d8                NEOMOTE_1_RX_CTS_n_Write
 .text.NEOMOTE_1_RX_CTS_n_Read
                0x0000331c       0x24 .\CortexM3\ARM_GCC_473\Debug\Decagon_Soilmoisture.a(NEOMOTE_1_RX_CTS_n.o)
                0x0000331c                NEOMOTE_1_RX_CTS_n_Read
 .text.NEOMOTE_1_TX_RTS_n_Write
                0x00003340       0x44 .\CortexM3\ARM_GCC_473\Debug\Decagon_Soilmoisture.a(NEOMOTE_1_TX_RTS_n.o)
                0x00003340                NEOMOTE_1_TX_RTS_n_Write
 .text.NEOMOTE_1_TX_CTS_n_Read
                0x00003384       0x24 .\CortexM3\ARM_GCC_473\Debug\Decagon_Soilmoisture.a(NEOMOTE_1_TX_CTS_n.o)
                0x00003384                NEOMOTE_1_TX_CTS_n_Read
 .text.NEOMOTE_1_isr_RX_RTSn_StartEx
                0x000033a8       0x28 .\CortexM3\ARM_GCC_473\Debug\Decagon_Soilmoisture.a(NEOMOTE_1_isr_RX_RTSn.o)
                0x000033a8                NEOMOTE_1_isr_RX_RTSn_StartEx
 .text.NEOMOTE_1_isr_RX_RTSn_SetVector
                0x000033d0       0x28 .\CortexM3\ARM_GCC_473\Debug\Decagon_Soilmoisture.a(NEOMOTE_1_isr_RX_RTSn.o)
                0x000033d0                NEOMOTE_1_isr_RX_RTSn_SetVector
 .text.NEOMOTE_1_isr_RX_RTSn_SetPriority
                0x000033f8       0x28 .\CortexM3\ARM_GCC_473\Debug\Decagon_Soilmoisture.a(NEOMOTE_1_isr_RX_RTSn.o)
                0x000033f8                NEOMOTE_1_isr_RX_RTSn_SetPriority
 .text.NEOMOTE_1_isr_RX_RTSn_Enable
                0x00003420       0x18 .\CortexM3\ARM_GCC_473\Debug\Decagon_Soilmoisture.a(NEOMOTE_1_isr_RX_RTSn.o)
                0x00003420                NEOMOTE_1_isr_RX_RTSn_Enable
 .text.NEOMOTE_1_isr_RX_RTSn_Disable
                0x00003438       0x18 .\CortexM3\ARM_GCC_473\Debug\Decagon_Soilmoisture.a(NEOMOTE_1_isr_RX_RTSn.o)
                0x00003438                NEOMOTE_1_isr_RX_RTSn_Disable
 .text.NEOMOTE_1_isr_RX_RTSn_SetPending
                0x00003450       0x18 .\CortexM3\ARM_GCC_473\Debug\Decagon_Soilmoisture.a(NEOMOTE_1_isr_RX_RTSn.o)
                0x00003450                NEOMOTE_1_isr_RX_RTSn_SetPending
 .text.NEOMOTE_1_I2C_0_Init
                0x00003468       0x84 .\CortexM3\ARM_GCC_473\Debug\Decagon_Soilmoisture.a(NEOMOTE_1_I2C_0.o)
                0x00003468                NEOMOTE_1_I2C_0_Init
 .text.NEOMOTE_1_I2C_0_Enable
                0x000034ec       0x58 .\CortexM3\ARM_GCC_473\Debug\Decagon_Soilmoisture.a(NEOMOTE_1_I2C_0.o)
                0x000034ec                NEOMOTE_1_I2C_0_Enable
 .text.NEOMOTE_1_I2C_0_Start
                0x00003544       0x38 .\CortexM3\ARM_GCC_473\Debug\Decagon_Soilmoisture.a(NEOMOTE_1_I2C_0.o)
                0x00003544                NEOMOTE_1_I2C_0_Start
 .text.NEOMOTE_1_I2C_0_Stop
                0x0000357c      0x13c .\CortexM3\ARM_GCC_473\Debug\Decagon_Soilmoisture.a(NEOMOTE_1_I2C_0.o)
                0x0000357c                NEOMOTE_1_I2C_0_Stop
 .text.NEOMOTE_1_I2C_0_ISR
                0x000036b8      0x598 .\CortexM3\ARM_GCC_473\Debug\Decagon_Soilmoisture.a(NEOMOTE_1_I2C_0_INT.o)
                0x000036b8                NEOMOTE_1_I2C_0_ISR
 .text.NEOMOTE_1_I2C_0_SaveConfig
                0x00003c50       0x64 .\CortexM3\ARM_GCC_473\Debug\Decagon_Soilmoisture.a(NEOMOTE_1_I2C_0_PM.o)
                0x00003c50                NEOMOTE_1_I2C_0_SaveConfig
 .text.NEOMOTE_1_I2C_0_Sleep
                0x00003cb4       0x48 .\CortexM3\ARM_GCC_473\Debug\Decagon_Soilmoisture.a(NEOMOTE_1_I2C_0_PM.o)
                0x00003cb4                NEOMOTE_1_I2C_0_Sleep
 .text.NEOMOTE_1_I2C_0_RestoreConfig
                0x00003cfc       0xb8 .\CortexM3\ARM_GCC_473\Debug\Decagon_Soilmoisture.a(NEOMOTE_1_I2C_0_PM.o)
                0x00003cfc                NEOMOTE_1_I2C_0_RestoreConfig
 .text.NEOMOTE_1_I2C_0_Wakeup
                0x00003db4       0x2c .\CortexM3\ARM_GCC_473\Debug\Decagon_Soilmoisture.a(NEOMOTE_1_I2C_0_PM.o)
                0x00003db4                NEOMOTE_1_I2C_0_Wakeup
 .text.NEOMOTE_1_I2C_0_MasterWriteBuf
                0x00003de0      0x158 .\CortexM3\ARM_GCC_473\Debug\Decagon_Soilmoisture.a(NEOMOTE_1_I2C_0_MASTER.o)
                0x00003de0                NEOMOTE_1_I2C_0_MasterWriteBuf
 .text.NEOMOTE_1_I2C_0_MasterReadBuf
                0x00003f38      0x160 .\CortexM3\ARM_GCC_473\Debug\Decagon_Soilmoisture.a(NEOMOTE_1_I2C_0_MASTER.o)
                0x00003f38                NEOMOTE_1_I2C_0_MasterReadBuf
 .text.NEOMOTE_1_I2C_0_MasterStatus
                0x00004098       0x40 .\CortexM3\ARM_GCC_473\Debug\Decagon_Soilmoisture.a(NEOMOTE_1_I2C_0_MASTER.o)
                0x00004098                NEOMOTE_1_I2C_0_MasterStatus
 .text.NEOMOTE_1_I2C_0_MasterClearStatus
                0x000040d8       0x30 .\CortexM3\ARM_GCC_473\Debug\Decagon_Soilmoisture.a(NEOMOTE_1_I2C_0_MASTER.o)
                0x000040d8                NEOMOTE_1_I2C_0_MasterClearStatus
 .text.NEOMOTE_1_I2C_0_MasterClearReadBuf
                0x00004108       0x34 .\CortexM3\ARM_GCC_473\Debug\Decagon_Soilmoisture.a(NEOMOTE_1_I2C_0_MASTER.o)
                0x00004108                NEOMOTE_1_I2C_0_MasterClearReadBuf
 .text.NEOMOTE_1_I2C_0_MasterClearWriteBuf
                0x0000413c       0x34 .\CortexM3\ARM_GCC_473\Debug\Decagon_Soilmoisture.a(NEOMOTE_1_I2C_0_MASTER.o)
                0x0000413c                NEOMOTE_1_I2C_0_MasterClearWriteBuf
 .text.NEOMOTE_1_I2C_0_Workaround
                0x00004170        0xc .\CortexM3\ARM_GCC_473\Debug\Decagon_Soilmoisture.a(NEOMOTE_1_I2C_0_MASTER.o)
                0x00004170                NEOMOTE_1_I2C_0_Workaround
 .text.NEOMOTE_1_NEO_RTC_INT1_Read
                0x0000417c       0x24 .\CortexM3\ARM_GCC_473\Debug\Decagon_Soilmoisture.a(NEOMOTE_1_NEO_RTC_INT1.o)
                0x0000417c                NEOMOTE_1_NEO_RTC_INT1_Read
 .text.NEOMOTE_1_NEO_RTC_INT1_ClearInterrupt
                0x000041a0       0x24 .\CortexM3\ARM_GCC_473\Debug\Decagon_Soilmoisture.a(NEOMOTE_1_NEO_RTC_INT1.o)
                0x000041a0                NEOMOTE_1_NEO_RTC_INT1_ClearInterrupt
 .text.NEOMOTE_1_DELAY_COUNTER_Init
                0x000041c4       0xe4 .\CortexM3\ARM_GCC_473\Debug\Decagon_Soilmoisture.a(NEOMOTE_1_DELAY_COUNTER.o)
                0x000041c4                NEOMOTE_1_DELAY_COUNTER_Init
 .text.NEOMOTE_1_DELAY_COUNTER_Enable
                0x000042a8       0x60 .\CortexM3\ARM_GCC_473\Debug\Decagon_Soilmoisture.a(NEOMOTE_1_DELAY_COUNTER.o)
                0x000042a8                NEOMOTE_1_DELAY_COUNTER_Enable
 .text.NEOMOTE_1_DELAY_COUNTER_Start
                0x00004308       0x2c .\CortexM3\ARM_GCC_473\Debug\Decagon_Soilmoisture.a(NEOMOTE_1_DELAY_COUNTER.o)
                0x00004308                NEOMOTE_1_DELAY_COUNTER_Start
 .text.NEOMOTE_1_DELAY_COUNTER_Stop
                0x00004334       0x60 .\CortexM3\ARM_GCC_473\Debug\Decagon_Soilmoisture.a(NEOMOTE_1_DELAY_COUNTER.o)
                0x00004334                NEOMOTE_1_DELAY_COUNTER_Stop
 .text.NEOMOTE_1_DELAY_COUNTER_SetInterruptMode
                0x00004394       0x20 .\CortexM3\ARM_GCC_473\Debug\Decagon_Soilmoisture.a(NEOMOTE_1_DELAY_COUNTER.o)
                0x00004394                NEOMOTE_1_DELAY_COUNTER_SetInterruptMode
 .text.NEOMOTE_1_DELAY_COUNTER_ReadStatusRegister
                0x000043b4       0x18 .\CortexM3\ARM_GCC_473\Debug\Decagon_Soilmoisture.a(NEOMOTE_1_DELAY_COUNTER.o)
                0x000043b4                NEOMOTE_1_DELAY_COUNTER_ReadStatusRegister
 .text.NEOMOTE_1_DELAY_COUNTER_WriteCounter
                0x000043cc       0x74 .\CortexM3\ARM_GCC_473\Debug\Decagon_Soilmoisture.a(NEOMOTE_1_DELAY_COUNTER.o)
                0x000043cc                NEOMOTE_1_DELAY_COUNTER_WriteCounter
 .text.NEOMOTE_1_DELAY_COUNTER_WritePeriod
                0x00004440       0x20 .\CortexM3\ARM_GCC_473\Debug\Decagon_Soilmoisture.a(NEOMOTE_1_DELAY_COUNTER.o)
                0x00004440                NEOMOTE_1_DELAY_COUNTER_WritePeriod
 .text.NEOMOTE_1_isr_packet_delay_StartEx
                0x00004460       0x28 .\CortexM3\ARM_GCC_473\Debug\Decagon_Soilmoisture.a(NEOMOTE_1_isr_packet_delay.o)
                0x00004460                NEOMOTE_1_isr_packet_delay_StartEx
 .text.NEOMOTE_1_isr_packet_delay_SetVector
                0x00004488       0x28 .\CortexM3\ARM_GCC_473\Debug\Decagon_Soilmoisture.a(NEOMOTE_1_isr_packet_delay.o)
                0x00004488                NEOMOTE_1_isr_packet_delay_SetVector
 .text.NEOMOTE_1_isr_packet_delay_SetPriority
                0x000044b0       0x28 .\CortexM3\ARM_GCC_473\Debug\Decagon_Soilmoisture.a(NEOMOTE_1_isr_packet_delay.o)
                0x000044b0                NEOMOTE_1_isr_packet_delay_SetPriority
 .text.NEOMOTE_1_isr_packet_delay_Enable
                0x000044d8       0x18 .\CortexM3\ARM_GCC_473\Debug\Decagon_Soilmoisture.a(NEOMOTE_1_isr_packet_delay.o)
                0x000044d8                NEOMOTE_1_isr_packet_delay_Enable
 .text.NEOMOTE_1_isr_packet_delay_Disable
                0x000044f0       0x18 .\CortexM3\ARM_GCC_473\Debug\Decagon_Soilmoisture.a(NEOMOTE_1_isr_packet_delay.o)
                0x000044f0                NEOMOTE_1_isr_packet_delay_Disable
 .text.NEOMOTE_1_UART_MOTE_IntClock_Start
                0x00004508       0x44 .\CortexM3\ARM_GCC_473\Debug\Decagon_Soilmoisture.a(NEOMOTE_1_UART_MOTE_IntClock.o)
                0x00004508                NEOMOTE_1_UART_MOTE_IntClock_Start
 .text.NEOMOTE_1_UART_MOTE_IntClock_Stop
                0x0000454c       0x44 .\CortexM3\ARM_GCC_473\Debug\Decagon_Soilmoisture.a(NEOMOTE_1_UART_MOTE_IntClock.o)
                0x0000454c                NEOMOTE_1_UART_MOTE_IntClock_Stop
 .text.__register_exitproc
                0x00004590       0xac c:/program files (x86)/cypress/psoc creator/3.0/psoc creator/import/gnu_cs/arm/4.7.3/bin/../lib/gcc/arm-none-eabi/4.7.3/../../../../arm-none-eabi/lib/armv7-m\libg.a(lib_a-__atexit.o)
                0x00004590                __register_exitproc
 .text.__libc_fini_array
                0x0000463c       0x50 c:/program files (x86)/cypress/psoc creator/3.0/psoc creator/import/gnu_cs/arm/4.7.3/bin/../lib/gcc/arm-none-eabi/4.7.3/../../../../arm-none-eabi/lib/armv7-m\libg.a(lib_a-fini.o)
                0x0000463c                __libc_fini_array
 .text.gmtime   0x0000468c       0x10 c:/program files (x86)/cypress/psoc creator/3.0/psoc creator/import/gnu_cs/arm/4.7.3/bin/../lib/gcc/arm-none-eabi/4.7.3/../../../../arm-none-eabi/lib/armv7-m\libg.a(lib_a-gmtime.o)
                0x0000468c                gmtime
 .text.gmtime_r
                0x0000469c        0x8 c:/program files (x86)/cypress/psoc creator/3.0/psoc creator/import/gnu_cs/arm/4.7.3/bin/../lib/gcc/arm-none-eabi/4.7.3/../../../../arm-none-eabi/lib/armv7-m\libg.a(lib_a-gmtime_r.o)
                0x0000469c                gmtime_r
 .text.__libc_init_array
                0x000046a4       0x94 c:/program files (x86)/cypress/psoc creator/3.0/psoc creator/import/gnu_cs/arm/4.7.3/bin/../lib/gcc/arm-none-eabi/4.7.3/../../../../arm-none-eabi/lib/armv7-m\libg.a(lib_a-init.o)
                0x000046a4                __libc_init_array
 .text.memcmp   0x00004738       0xb8 c:/program files (x86)/cypress/psoc creator/3.0/psoc creator/import/gnu_cs/arm/4.7.3/bin/../lib/gcc/arm-none-eabi/4.7.3/../../../../arm-none-eabi/lib/armv7-m\libg.a(lib_a-memcmp.o)
                0x00004738                memcmp
 .text.memcpy   0x000047f0      0x15c c:/program files (x86)/cypress/psoc creator/3.0/psoc creator/import/gnu_cs/arm/4.7.3/bin/../lib/gcc/arm-none-eabi/4.7.3/../../../../arm-none-eabi/lib/armv7-m\libg.a(lib_a-memcpy.o)
                0x000047f0                memcpy
 .text.memset   0x0000494c      0x12c c:/program files (x86)/cypress/psoc creator/3.0/psoc creator/import/gnu_cs/arm/4.7.3/bin/../lib/gcc/arm-none-eabi/4.7.3/../../../../arm-none-eabi/lib/armv7-m\libg.a(lib_a-memset.o)
                0x0000494c                memset
 .text.__tzcalc_limits
                0x00004a78      0x1ac c:/program files (x86)/cypress/psoc creator/3.0/psoc creator/import/gnu_cs/arm/4.7.3/bin/../lib/gcc/arm-none-eabi/4.7.3/../../../../arm-none-eabi/lib/armv7-m\libg.a(lib_a-mktm_r.o)
                0x00004a78                __tzcalc_limits
 .text._mktm_r  0x00004c24      0x37c c:/program files (x86)/cypress/psoc creator/3.0/psoc creator/import/gnu_cs/arm/4.7.3/bin/../lib/gcc/arm-none-eabi/4.7.3/../../../../arm-none-eabi/lib/armv7-m\libg.a(lib_a-mktm_r.o)
                0x00004c24                _mktm_r
 .text.sscanf   0x00004fa0       0x5c c:/program files (x86)/cypress/psoc creator/3.0/psoc creator/import/gnu_cs/arm/4.7.3/bin/../lib/gcc/arm-none-eabi/4.7.3/../../../../arm-none-eabi/lib/armv7-m\libg.a(lib_a-sscanf.o)
                0x00004fa0                sscanf
 .text.__seofread
                0x00004ffc        0x4 c:/program files (x86)/cypress/psoc creator/3.0/psoc creator/import/gnu_cs/arm/4.7.3/bin/../lib/gcc/arm-none-eabi/4.7.3/../../../../arm-none-eabi/lib/armv7-m\libg.a(lib_a-stdio.o)
                0x00004ffc                __seofread
 .text.strlen   0x00005000       0x60 c:/program files (x86)/cypress/psoc creator/3.0/psoc creator/import/gnu_cs/arm/4.7.3/bin/../lib/gcc/arm-none-eabi/4.7.3/../../../../arm-none-eabi/lib/armv7-m\libg.a(lib_a-strlen.o)
                0x00005000                strlen
 .text.__ssvfscanf_r
                0x00005060     0x11b8 c:/program files (x86)/cypress/psoc creator/3.0/psoc creator/import/gnu_cs/arm/4.7.3/bin/../lib/gcc/arm-none-eabi/4.7.3/../../../../arm-none-eabi/lib/armv7-m\libg.a(lib_a-svfscanf.o)
                0x00005060                __ssvfscanf_r
 .text.__tz_lock
                0x00006218        0x4 c:/program files (x86)/cypress/psoc creator/3.0/psoc creator/import/gnu_cs/arm/4.7.3/bin/../lib/gcc/arm-none-eabi/4.7.3/../../../../arm-none-eabi/lib/armv7-m\libg.a(lib_a-tzlock.o)
                0x00006218                __tz_lock
 .text.__tz_unlock
                0x0000621c        0x4 c:/program files (x86)/cypress/psoc creator/3.0/psoc creator/import/gnu_cs/arm/4.7.3/bin/../lib/gcc/arm-none-eabi/4.7.3/../../../../arm-none-eabi/lib/armv7-m\libg.a(lib_a-tzlock.o)
                0x0000621c                __tz_unlock
 .text.startup.register_fini
                0x00006220       0x14 c:/program files (x86)/cypress/psoc creator/3.0/psoc creator/import/gnu_cs/arm/4.7.3/bin/../lib/gcc/arm-none-eabi/4.7.3/../../../../arm-none-eabi/lib/armv7-m\libg.a(lib_a-__call_atexit.o)
 .text.atexit   0x00006234        0xc c:/program files (x86)/cypress/psoc creator/3.0/psoc creator/import/gnu_cs/arm/4.7.3/bin/../lib/gcc/arm-none-eabi/4.7.3/../../../../arm-none-eabi/lib/armv7-m\libg.a(lib_a-atexit.o)
                0x00006234                atexit
 .text.__sfp_lock_acquire
                0x00006240        0x4 c:/program files (x86)/cypress/psoc creator/3.0/psoc creator/import/gnu_cs/arm/4.7.3/bin/../lib/gcc/arm-none-eabi/4.7.3/../../../../arm-none-eabi/lib/armv7-m\libg.a(lib_a-findfp.o)
                0x00006240                __sfp_lock_acquire
 .text.__sfp_lock_release
                0x00006244        0x4 c:/program files (x86)/cypress/psoc creator/3.0/psoc creator/import/gnu_cs/arm/4.7.3/bin/../lib/gcc/arm-none-eabi/4.7.3/../../../../arm-none-eabi/lib/armv7-m\libg.a(lib_a-findfp.o)
                0x00006244                __sfp_lock_release
 .text.__gettzinfo
                0x00006248        0xc c:/program files (x86)/cypress/psoc creator/3.0/psoc creator/import/gnu_cs/arm/4.7.3/bin/../lib/gcc/arm-none-eabi/4.7.3/../../../../arm-none-eabi/lib/armv7-m\libg.a(lib_a-gettzinfo.o)
                0x00006248                __gettzinfo
 .text.iswspace
                0x00006254       0x1c c:/program files (x86)/cypress/psoc creator/3.0/psoc creator/import/gnu_cs/arm/4.7.3/bin/../lib/gcc/arm-none-eabi/4.7.3/../../../../arm-none-eabi/lib/armv7-m\libg.a(lib_a-iswspace.o)
                0x00006254                iswspace
 .text.__locale_charset
                0x00006270        0xc c:/program files (x86)/cypress/psoc creator/3.0/psoc creator/import/gnu_cs/arm/4.7.3/bin/../lib/gcc/arm-none-eabi/4.7.3/../../../../arm-none-eabi/lib/armv7-m\libg.a(lib_a-locale.o)
                0x00006270                __locale_charset
 .text.__locale_mb_cur_max
                0x0000627c        0xc c:/program files (x86)/cypress/psoc creator/3.0/psoc creator/import/gnu_cs/arm/4.7.3/bin/../lib/gcc/arm-none-eabi/4.7.3/../../../../arm-none-eabi/lib/armv7-m\libg.a(lib_a-locale.o)
                0x0000627c                __locale_mb_cur_max
 .text._localeconv_r
                0x00006288        0xc c:/program files (x86)/cypress/psoc creator/3.0/psoc creator/import/gnu_cs/arm/4.7.3/bin/../lib/gcc/arm-none-eabi/4.7.3/../../../../arm-none-eabi/lib/armv7-m\libg.a(lib_a-locale.o)
                0x00006288                _localeconv_r
 .text._malloc_r
                0x00006294      0x530 c:/program files (x86)/cypress/psoc creator/3.0/psoc creator/import/gnu_cs/arm/4.7.3/bin/../lib/gcc/arm-none-eabi/4.7.3/../../../../arm-none-eabi/lib/armv7-m\libg.a(lib_a-mallocr.o)
                0x00006294                _malloc_r
 .text._mbrtowc_r
                0x000067c4       0x5c c:/program files (x86)/cypress/psoc creator/3.0/psoc creator/import/gnu_cs/arm/4.7.3/bin/../lib/gcc/arm-none-eabi/4.7.3/../../../../arm-none-eabi/lib/armv7-m\libg.a(lib_a-mbrtowc.o)
                0x000067c4                _mbrtowc_r
 .text.__ascii_mbtowc
                0x00006820       0x28 c:/program files (x86)/cypress/psoc creator/3.0/psoc creator/import/gnu_cs/arm/4.7.3/bin/../lib/gcc/arm-none-eabi/4.7.3/../../../../arm-none-eabi/lib/armv7-m\libg.a(lib_a-mbtowc_r.o)
                0x00006820                __ascii_mbtowc
 .text.__malloc_lock
                0x00006848        0x4 c:/program files (x86)/cypress/psoc creator/3.0/psoc creator/import/gnu_cs/arm/4.7.3/bin/../lib/gcc/arm-none-eabi/4.7.3/../../../../arm-none-eabi/lib/armv7-m\libg.a(lib_a-mlock.o)
                0x00006848                __malloc_lock
 .text.__malloc_unlock
                0x0000684c        0x4 c:/program files (x86)/cypress/psoc creator/3.0/psoc creator/import/gnu_cs/arm/4.7.3/bin/../lib/gcc/arm-none-eabi/4.7.3/../../../../arm-none-eabi/lib/armv7-m\libg.a(lib_a-mlock.o)
                0x0000684c                __malloc_unlock
 .text.__fpclassifyd
                0x00006850       0x68 c:/program files (x86)/cypress/psoc creator/3.0/psoc creator/import/gnu_cs/arm/4.7.3/bin/../lib/gcc/arm-none-eabi/4.7.3/../../../../arm-none-eabi/lib/armv7-m\libg.a(lib_a-s_fpclassify.o)
                0x00006850                __fpclassifyd
 .text._sbrk_r  0x000068b8       0x24 c:/program files (x86)/cypress/psoc creator/3.0/psoc creator/import/gnu_cs/arm/4.7.3/bin/../lib/gcc/arm-none-eabi/4.7.3/../../../../arm-none-eabi/lib/armv7-m\libg.a(lib_a-sbrkr.o)
                0x000068b8                _sbrk_r
 .text.__sccl   0x000068dc       0x94 c:/program files (x86)/cypress/psoc creator/3.0/psoc creator/import/gnu_cs/arm/4.7.3/bin/../lib/gcc/arm-none-eabi/4.7.3/../../../../arm-none-eabi/lib/armv7-m\libg.a(lib_a-sccl.o)
                0x000068dc                __sccl
 .text.nanf     0x00006970        0x8 c:/program files (x86)/cypress/psoc creator/3.0/psoc creator/import/gnu_cs/arm/4.7.3/bin/../lib/gcc/arm-none-eabi/4.7.3/../../../../arm-none-eabi/lib/armv7-m\libg.a(lib_a-sf_nan.o)
                0x00006970                nanf
 .text.sprintf  0x00006978       0x50 c:/program files (x86)/cypress/psoc creator/3.0/psoc creator/import/gnu_cs/arm/4.7.3/bin/../lib/gcc/arm-none-eabi/4.7.3/../../../../arm-none-eabi/lib/armv7-m\libg.a(lib_a-sprintf.o)
                0x00006978                sprintf
 .text._strtod_r
                0x000069c8      0xeb0 c:/program files (x86)/cypress/psoc creator/3.0/psoc creator/import/gnu_cs/arm/4.7.3/bin/../lib/gcc/arm-none-eabi/4.7.3/../../../../arm-none-eabi/lib/armv7-m\libg.a(lib_a-strtod.o)
                0x000069c8                _strtod_r
 .text._strtol_r
                0x00007878      0x130 c:/program files (x86)/cypress/psoc creator/3.0/psoc creator/import/gnu_cs/arm/4.7.3/bin/../lib/gcc/arm-none-eabi/4.7.3/../../../../arm-none-eabi/lib/armv7-m\libg.a(lib_a-strtol.o)
                0x00007878                _strtol_r
 .text._strtoll_r
                0x000079a8      0x1b0 c:/program files (x86)/cypress/psoc creator/3.0/psoc creator/import/gnu_cs/arm/4.7.3/bin/../lib/gcc/arm-none-eabi/4.7.3/../../../../arm-none-eabi/lib/armv7-m\libg.a(lib_a-strtoll_r.o)
                0x000079a8                _strtoll_r
 .text._strtoul_r
                0x00007b58      0x150 c:/program files (x86)/cypress/psoc creator/3.0/psoc creator/import/gnu_cs/arm/4.7.3/bin/../lib/gcc/arm-none-eabi/4.7.3/../../../../arm-none-eabi/lib/armv7-m\libg.a(lib_a-strtoul.o)
                0x00007b58                _strtoul_r
 .text._strtoull_r
                0x00007ca8      0x1f0 c:/program files (x86)/cypress/psoc creator/3.0/psoc creator/import/gnu_cs/arm/4.7.3/bin/../lib/gcc/arm-none-eabi/4.7.3/../../../../arm-none-eabi/lib/armv7-m\libg.a(lib_a-strtoull_r.o)
                0x00007ca8                _strtoull_r
 .text._sungetc_r
                0x00007e98       0x80 c:/program files (x86)/cypress/psoc creator/3.0/psoc creator/import/gnu_cs/arm/4.7.3/bin/../lib/gcc/arm-none-eabi/4.7.3/../../../../arm-none-eabi/lib/armv7-m\libg.a(lib_a-svfiscanf.o)
                0x00007e98                _sungetc_r
 .text.__ssrefill_r
                0x00007f18       0x3c c:/program files (x86)/cypress/psoc creator/3.0/psoc creator/import/gnu_cs/arm/4.7.3/bin/../lib/gcc/arm-none-eabi/4.7.3/../../../../arm-none-eabi/lib/armv7-m\libg.a(lib_a-svfiscanf.o)
                0x00007f18                __ssrefill_r
 .text._sfread_r
                0x00007f54       0x7c c:/program files (x86)/cypress/psoc creator/3.0/psoc creator/import/gnu_cs/arm/4.7.3/bin/../lib/gcc/arm-none-eabi/4.7.3/../../../../arm-none-eabi/lib/armv7-m\libg.a(lib_a-svfiscanf.o)
                0x00007f54                _sfread_r
 .text._svfprintf_r
                0x00007fd0     0x1adc c:/program files (x86)/cypress/psoc creator/3.0/psoc creator/import/gnu_cs/arm/4.7.3/bin/../lib/gcc/arm-none-eabi/4.7.3/../../../../arm-none-eabi/lib/armv7-m\libg.a(lib_a-svfprintf.o)
                0x00007fd0                _svfprintf_r
 .text.__submore
                0x00009aac       0x7c c:/program files (x86)/cypress/psoc creator/3.0/psoc creator/import/gnu_cs/arm/4.7.3/bin/../lib/gcc/arm-none-eabi/4.7.3/../../../../arm-none-eabi/lib/armv7-m\libg.a(lib_a-ungetc.o)
                0x00009aac                __submore
 .text.quorem   0x00009b28      0x2ec c:/program files (x86)/cypress/psoc creator/3.0/psoc creator/import/gnu_cs/arm/4.7.3/bin/../lib/gcc/arm-none-eabi/4.7.3/../../../../arm-none-eabi/lib/armv7-m\libg.a(lib_a-dtoa.o)
 *fill*         0x00009e14        0x4 00
 .text._dtoa_r  0x00009e18     0x11f8 c:/program files (x86)/cypress/psoc creator/3.0/psoc creator/import/gnu_cs/arm/4.7.3/bin/../lib/gcc/arm-none-eabi/4.7.3/../../../../arm-none-eabi/lib/armv7-m\libg.a(lib_a-dtoa.o)
                0x00009e18                _dtoa_r
 .text._malloc_trim_r
                0x0000b010       0x98 c:/program files (x86)/cypress/psoc creator/3.0/psoc creator/import/gnu_cs/arm/4.7.3/bin/../lib/gcc/arm-none-eabi/4.7.3/../../../../arm-none-eabi/lib/armv7-m\libg.a(lib_a-freer.o)
                0x0000b010                _malloc_trim_r
 .text._free_r  0x0000b0a8      0x194 c:/program files (x86)/cypress/psoc creator/3.0/psoc creator/import/gnu_cs/arm/4.7.3/bin/../lib/gcc/arm-none-eabi/4.7.3/../../../../arm-none-eabi/lib/armv7-m\libg.a(lib_a-freer.o)
                0x0000b0a8                _free_r
 .text.rshift   0x0000b23c      0x148 c:/program files (x86)/cypress/psoc creator/3.0/psoc creator/import/gnu_cs/arm/4.7.3/bin/../lib/gcc/arm-none-eabi/4.7.3/../../../../arm-none-eabi/lib/armv7-m\libg.a(lib_a-gdtoa-gethex.o)
 .text.__hexdig_init
                0x0000b384       0x50 c:/program files (x86)/cypress/psoc creator/3.0/psoc creator/import/gnu_cs/arm/4.7.3/bin/../lib/gcc/arm-none-eabi/4.7.3/../../../../arm-none-eabi/lib/armv7-m\libg.a(lib_a-gdtoa-gethex.o)
                0x0000b384                __hexdig_init
 .text.__gethex
                0x0000b3d4      0x588 c:/program files (x86)/cypress/psoc creator/3.0/psoc creator/import/gnu_cs/arm/4.7.3/bin/../lib/gcc/arm-none-eabi/4.7.3/../../../../arm-none-eabi/lib/armv7-m\libg.a(lib_a-gdtoa-gethex.o)
                0x0000b3d4                __gethex
 .text.__hexnan
                0x0000b95c      0x2f0 c:/program files (x86)/cypress/psoc creator/3.0/psoc creator/import/gnu_cs/arm/4.7.3/bin/../lib/gcc/arm-none-eabi/4.7.3/../../../../arm-none-eabi/lib/armv7-m\libg.a(lib_a-gdtoa-hexnan.o)
                0x0000b95c                __hexnan
 .text.memchr   0x0000bc4c      0x140 c:/program files (x86)/cypress/psoc creator/3.0/psoc creator/import/gnu_cs/arm/4.7.3/bin/../lib/gcc/arm-none-eabi/4.7.3/../../../../arm-none-eabi/lib/armv7-m\libg.a(lib_a-memchr.o)
                0x0000bc4c                memchr
 .text._Balloc  0x0000bd8c       0x4c c:/program files (x86)/cypress/psoc creator/3.0/psoc creator/import/gnu_cs/arm/4.7.3/bin/../lib/gcc/arm-none-eabi/4.7.3/../../../../arm-none-eabi/lib/armv7-m\libg.a(lib_a-mprec.o)
                0x0000bd8c                _Balloc
 .text._Bfree   0x0000bdd8       0x14 c:/program files (x86)/cypress/psoc creator/3.0/psoc creator/import/gnu_cs/arm/4.7.3/bin/../lib/gcc/arm-none-eabi/4.7.3/../../../../arm-none-eabi/lib/armv7-m\libg.a(lib_a-mprec.o)
                0x0000bdd8                _Bfree
 .text.__multadd
                0x0000bdec       0xfc c:/program files (x86)/cypress/psoc creator/3.0/psoc creator/import/gnu_cs/arm/4.7.3/bin/../lib/gcc/arm-none-eabi/4.7.3/../../../../arm-none-eabi/lib/armv7-m\libg.a(lib_a-mprec.o)
                0x0000bdec                __multadd
 .text.__s2b    0x0000bee8      0x140 c:/program files (x86)/cypress/psoc creator/3.0/psoc creator/import/gnu_cs/arm/4.7.3/bin/../lib/gcc/arm-none-eabi/4.7.3/../../../../arm-none-eabi/lib/armv7-m\libg.a(lib_a-mprec.o)
                0x0000bee8                __s2b
 .text.__hi0bits
                0x0000c028       0x3c c:/program files (x86)/cypress/psoc creator/3.0/psoc creator/import/gnu_cs/arm/4.7.3/bin/../lib/gcc/arm-none-eabi/4.7.3/../../../../arm-none-eabi/lib/armv7-m\libg.a(lib_a-mprec.o)
                0x0000c028                __hi0bits
 .text.__lo0bits
                0x0000c064       0x5c c:/program files (x86)/cypress/psoc creator/3.0/psoc creator/import/gnu_cs/arm/4.7.3/bin/../lib/gcc/arm-none-eabi/4.7.3/../../../../arm-none-eabi/lib/armv7-m\libg.a(lib_a-mprec.o)
                0x0000c064                __lo0bits
 .text.__i2b    0x0000c0c0       0x14 c:/program files (x86)/cypress/psoc creator/3.0/psoc creator/import/gnu_cs/arm/4.7.3/bin/../lib/gcc/arm-none-eabi/4.7.3/../../../../arm-none-eabi/lib/armv7-m\libg.a(lib_a-mprec.o)
                0x0000c0c0                __i2b
 .text.__multiply
                0x0000c0d4      0x2d0 c:/program files (x86)/cypress/psoc creator/3.0/psoc creator/import/gnu_cs/arm/4.7.3/bin/../lib/gcc/arm-none-eabi/4.7.3/../../../../arm-none-eabi/lib/armv7-m\libg.a(lib_a-mprec.o)
                0x0000c0d4                __multiply
 .text.__pow5mult
                0x0000c3a4       0x94 c:/program files (x86)/cypress/psoc creator/3.0/psoc creator/import/gnu_cs/arm/4.7.3/bin/../lib/gcc/arm-none-eabi/4.7.3/../../../../arm-none-eabi/lib/armv7-m\libg.a(lib_a-mprec.o)
                0x0000c3a4                __pow5mult
 .text.__lshift
                0x0000c438      0x16c c:/program files (x86)/cypress/psoc creator/3.0/psoc creator/import/gnu_cs/arm/4.7.3/bin/../lib/gcc/arm-none-eabi/4.7.3/../../../../arm-none-eabi/lib/armv7-m\libg.a(lib_a-mprec.o)
                0x0000c438                __lshift
 .text.__mcmp   0x0000c5a4       0x5c c:/program files (x86)/cypress/psoc creator/3.0/psoc creator/import/gnu_cs/arm/4.7.3/bin/../lib/gcc/arm-none-eabi/4.7.3/../../../../arm-none-eabi/lib/armv7-m\libg.a(lib_a-mprec.o)
                0x0000c5a4                __mcmp
 .text.__mdiff  0x0000c600      0x218 c:/program files (x86)/cypress/psoc creator/3.0/psoc creator/import/gnu_cs/arm/4.7.3/bin/../lib/gcc/arm-none-eabi/4.7.3/../../../../arm-none-eabi/lib/armv7-m\libg.a(lib_a-mprec.o)
                0x0000c600                __mdiff
 .text.__ulp    0x0000c818       0x44 c:/program files (x86)/cypress/psoc creator/3.0/psoc creator/import/gnu_cs/arm/4.7.3/bin/../lib/gcc/arm-none-eabi/4.7.3/../../../../arm-none-eabi/lib/armv7-m\libg.a(lib_a-mprec.o)
                0x0000c818                __ulp
 .text.__b2d    0x0000c85c       0xbc c:/program files (x86)/cypress/psoc creator/3.0/psoc creator/import/gnu_cs/arm/4.7.3/bin/../lib/gcc/arm-none-eabi/4.7.3/../../../../arm-none-eabi/lib/armv7-m\libg.a(lib_a-mprec.o)
                0x0000c85c                __b2d
 .text.__d2b    0x0000c918       0xc0 c:/program files (x86)/cypress/psoc creator/3.0/psoc creator/import/gnu_cs/arm/4.7.3/bin/../lib/gcc/arm-none-eabi/4.7.3/../../../../arm-none-eabi/lib/armv7-m\libg.a(lib_a-mprec.o)
                0x0000c918                __d2b
 .text.__ratio  0x0000c9d8       0x54 c:/program files (x86)/cypress/psoc creator/3.0/psoc creator/import/gnu_cs/arm/4.7.3/bin/../lib/gcc/arm-none-eabi/4.7.3/../../../../arm-none-eabi/lib/armv7-m\libg.a(lib_a-mprec.o)
                0x0000c9d8                __ratio
 .text.__copybits
                0x0000ca2c       0xa0 c:/program files (x86)/cypress/psoc creator/3.0/psoc creator/import/gnu_cs/arm/4.7.3/bin/../lib/gcc/arm-none-eabi/4.7.3/../../../../arm-none-eabi/lib/armv7-m\libg.a(lib_a-mprec.o)
                0x0000ca2c                __copybits
 .text.__any_on
                0x0000cacc       0x74 c:/program files (x86)/cypress/psoc creator/3.0/psoc creator/import/gnu_cs/arm/4.7.3/bin/../lib/gcc/arm-none-eabi/4.7.3/../../../../arm-none-eabi/lib/armv7-m\libg.a(lib_a-mprec.o)
                0x0000cacc                __any_on
 .text._realloc_r
                0x0000cb40      0x3ec c:/program files (x86)/cypress/psoc creator/3.0/psoc creator/import/gnu_cs/arm/4.7.3/bin/../lib/gcc/arm-none-eabi/4.7.3/../../../../arm-none-eabi/lib/armv7-m\libg.a(lib_a-reallocr.o)
                0x0000cb40                _realloc_r
 .text.strncmp  0x0000cf2c      0x120 c:/program files (x86)/cypress/psoc creator/3.0/psoc creator/import/gnu_cs/arm/4.7.3/bin/../lib/gcc/arm-none-eabi/4.7.3/../../../../arm-none-eabi/lib/armv7-m\libg.a(lib_a-strncmp.o)
                0x0000cf2c                strncmp
 .text.__ssprint_r
                0x0000d04c      0x100 c:/program files (x86)/cypress/psoc creator/3.0/psoc creator/import/gnu_cs/arm/4.7.3/bin/../lib/gcc/arm-none-eabi/4.7.3/../../../../arm-none-eabi/lib/armv7-m\libg.a(lib_a-svfiprintf.o)
                0x0000d04c                __ssprint_r
 .text._calloc_r
                0x0000d14c       0x60 c:/program files (x86)/cypress/psoc creator/3.0/psoc creator/import/gnu_cs/arm/4.7.3/bin/../lib/gcc/arm-none-eabi/4.7.3/../../../../arm-none-eabi/lib/armv7-m\libg.a(lib_a-callocr.o)
                0x0000d14c                _calloc_r
 .text.memmove  0x0000d1ac      0x1b0 c:/program files (x86)/cypress/psoc creator/3.0/psoc creator/import/gnu_cs/arm/4.7.3/bin/../lib/gcc/arm-none-eabi/4.7.3/../../../../arm-none-eabi/lib/armv7-m\libg.a(lib_a-memmove.o)
                0x0000d1ac                memmove
 .text          0x0000d35c      0x370 c:/program files (x86)/cypress/psoc creator/3.0/psoc creator/import/gnu_cs/arm/4.7.3/bin/../lib/gcc/arm-none-eabi/4.7.3/armv7-m\libgcc.a(_arm_addsubdf3.o)
                0x0000d35c                __aeabi_drsub
                0x0000d364                __aeabi_dsub
                0x0000d364                __subdf3
                0x0000d368                __aeabi_dadd
                0x0000d368                __adddf3
                0x0000d5e0                __floatunsidf
                0x0000d5e0                __aeabi_ui2d
                0x0000d600                __floatsidf
                0x0000d600                __aeabi_i2d
                0x0000d624                __aeabi_f2d
                0x0000d624                __extendsfdf2
                0x0000d660                __floatundidf
                0x0000d660                __aeabi_ul2d
                0x0000d670                __floatdidf
                0x0000d670                __aeabi_l2d
 .text          0x0000d6cc      0x424 c:/program files (x86)/cypress/psoc creator/3.0/psoc creator/import/gnu_cs/arm/4.7.3/bin/../lib/gcc/arm-none-eabi/4.7.3/armv7-m\libgcc.a(_arm_muldivdf3.o)
                0x0000d6cc                __aeabi_dmul
                0x0000d6cc                __muldf3
                0x0000d920                __divdf3
                0x0000d920                __aeabi_ddiv
 .text          0x0000daf0      0x110 c:/program files (x86)/cypress/psoc creator/3.0/psoc creator/import/gnu_cs/arm/4.7.3/bin/../lib/gcc/arm-none-eabi/4.7.3/armv7-m\libgcc.a(_arm_cmpdf2.o)
                0x0000daf0                __gtdf2
                0x0000daf0                __gedf2
                0x0000daf8                __ltdf2
                0x0000daf8                __ledf2
                0x0000db00                __nedf2
                0x0000db00                __eqdf2
                0x0000db00                __cmpdf2
                0x0000db7c                __aeabi_cdrcmple
                0x0000db8c                __aeabi_cdcmpeq
                0x0000db8c                __aeabi_cdcmple
                0x0000db9c                __aeabi_dcmpeq
                0x0000dbb0                __aeabi_dcmplt
                0x0000dbc4                __aeabi_dcmple
                0x0000dbd8                __aeabi_dcmpge
                0x0000dbec                __aeabi_dcmpgt
 .text          0x0000dc00       0x50 c:/program files (x86)/cypress/psoc creator/3.0/psoc creator/import/gnu_cs/arm/4.7.3/bin/../lib/gcc/arm-none-eabi/4.7.3/armv7-m\libgcc.a(_arm_fixdfsi.o)
                0x0000dc00                __aeabi_d2iz
                0x0000dc00                __fixdfsi
 .text          0x0000dc50       0x40 c:/program files (x86)/cypress/psoc creator/3.0/psoc creator/import/gnu_cs/arm/4.7.3/bin/../lib/gcc/arm-none-eabi/4.7.3/armv7-m\libgcc.a(_arm_fixunsdfsi.o)
                0x0000dc50                __aeabi_d2uiz
                0x0000dc50                __fixunsdfsi
 .text          0x0000dc90       0xa0 c:/program files (x86)/cypress/psoc creator/3.0/psoc creator/import/gnu_cs/arm/4.7.3/bin/../lib/gcc/arm-none-eabi/4.7.3/armv7-m\libgcc.a(_arm_truncdfsf2.o)
                0x0000dc90                __truncdfsf2
                0x0000dc90                __aeabi_d2f
 .text          0x0000dd30       0x2c c:/program files (x86)/cypress/psoc creator/3.0/psoc creator/import/gnu_cs/arm/4.7.3/bin/../lib/gcc/arm-none-eabi/4.7.3/armv7-m\libgcc.a(_aeabi_uldivmod.o)
                0x0000dd30                __aeabi_uldivmod
 .text          0x0000dd5c       0x60 c:/program files (x86)/cypress/psoc creator/3.0/psoc creator/import/gnu_cs/arm/4.7.3/bin/../lib/gcc/arm-none-eabi/4.7.3/armv7-m\libgcc.a(bpabi.o)
                0x0000dd5c                __gnu_ldivmod_helper
                0x0000dd8c                __gnu_uldivmod_helper
 .text          0x0000ddbc        0x4 c:/program files (x86)/cypress/psoc creator/3.0/psoc creator/import/gnu_cs/arm/4.7.3/bin/../lib/gcc/arm-none-eabi/4.7.3/armv7-m\libgcc.a(_dvmd_tls.o)
                0x0000ddbc                __aeabi_idiv0
                0x0000ddbc                __aeabi_ldiv0
 .text          0x0000ddc0      0x2bc c:/program files (x86)/cypress/psoc creator/3.0/psoc creator/import/gnu_cs/arm/4.7.3/bin/../lib/gcc/arm-none-eabi/4.7.3/armv7-m\libgcc.a(_divdi3.o)
                0x0000ddc0                __divdi3
 .text          0x0000e07c      0x28c c:/program files (x86)/cypress/psoc creator/3.0/psoc creator/import/gnu_cs/arm/4.7.3/bin/../lib/gcc/arm-none-eabi/4.7.3/armv7-m\libgcc.a(_udivdi3.o)
                0x0000e07c                __udivdi3
 .text._sbrk    0x0000e308       0x34 c:/program files (x86)/cypress/psoc creator/3.0/psoc creator/import/gnu_cs/arm/4.7.3/bin/../lib/gcc/arm-none-eabi/4.7.3/../../../../arm-none-eabi/lib/armv7-m\libnosys.a(sbrk.o)
                0x0000e308                _sbrk
 *(.plt)
 *(.gnu.warning)
 *(.glue_7t)
 .glue_7t       0x00000000        0x0 linker stubs
 *(.glue_7)
 .glue_7        0x00000000        0x0 linker stubs
 *(.vfp11_veneer)
 .vfp11_veneer  0x00000000        0x0 linker stubs
 *(.bootloader)
 *(.ARM.extab* .gnu.linkonce.armextab.*)
 *(.gcc_except_table)

.v4_bx          0x0000e33c        0x0
 .v4_bx         0x00000000        0x0 linker stubs

.iplt           0x0000e33c        0x0
 .iplt          0x00000000        0x0 c:/program files (x86)/cypress/psoc creator/3.0/psoc creator/import/gnu_cs/arm/4.7.3/bin/../lib/gcc/arm-none-eabi/4.7.3/armv7-m/crtbegin.o

.eh_frame_hdr
 *(.eh_frame_hdr)

.eh_frame       0x0000e33c        0x4
 *(.eh_frame)
 .eh_frame      0x0000e33c        0x0 c:/program files (x86)/cypress/psoc creator/3.0/psoc creator/import/gnu_cs/arm/4.7.3/bin/../lib/gcc/arm-none-eabi/4.7.3/armv7-m/crtbegin.o
 .eh_frame      0x0000e33c        0x4 c:/program files (x86)/cypress/psoc creator/3.0/psoc creator/import/gnu_cs/arm/4.7.3/bin/../lib/gcc/arm-none-eabi/4.7.3/armv7-m/crtend.o
                0x0000e340                PROVIDE (__exidx_start, .)

.ARM.exidx      0x0000e340        0x8
 *(.ARM.exidx* .gnu.linkonce.armexidx.*)
 .ARM.exidx     0x0000e340        0x8 c:/program files (x86)/cypress/psoc creator/3.0/psoc creator/import/gnu_cs/arm/4.7.3/bin/../lib/gcc/arm-none-eabi/4.7.3/armv7-m\libgcc.a(_divdi3.o)
 .ARM.exidx     0x0000e348        0x0 c:/program files (x86)/cypress/psoc creator/3.0/psoc creator/import/gnu_cs/arm/4.7.3/bin/../lib/gcc/arm-none-eabi/4.7.3/armv7-m\libgcc.a(_udivdi3.o)
                                  0x8 (size before relaxing)
                0x0000e348                __exidx_end = .

.rodata         0x0000e348      0x610
 *(.rodata .rodata.* .gnu.linkonce.r.*)
 .rodata        0x0000e348       0x10 .\CortexM3\ARM_GCC_473\Debug\SoilMoisture_Decagon.o
 .rodata        0x0000e358       0x50 .\CortexM3\ARM_GCC_473\Debug\Decagon_Soilmoisture.a(cyfitter_cfg.o)
 .rodata        0x0000e3a8      0x200 ..\..\..\..\neolib\libneomote.a(fcs.o)
 .rodata.str1.4
                0x0000e5a8        0x2 c:/program files (x86)/cypress/psoc creator/3.0/psoc creator/import/gnu_cs/arm/4.7.3/bin/../lib/gcc/arm-none-eabi/4.7.3/../../../../arm-none-eabi/lib/armv7-m\libg.a(lib_a-impure.o)
                                  0x4 (size before relaxing)
 *fill*         0x0000e5aa        0x2 00
 .rodata._global_impure_ptr
                0x0000e5ac        0x4 c:/program files (x86)/cypress/psoc creator/3.0/psoc creator/import/gnu_cs/arm/4.7.3/bin/../lib/gcc/arm-none-eabi/4.7.3/../../../../arm-none-eabi/lib/armv7-m\libg.a(lib_a-impure.o)
                0x0000e5ac                _global_impure_ptr
 .rodata.mon_lengths
                0x0000e5b0       0x60 c:/program files (x86)/cypress/psoc creator/3.0/psoc creator/import/gnu_cs/arm/4.7.3/bin/../lib/gcc/arm-none-eabi/4.7.3/../../../../arm-none-eabi/lib/armv7-m\libg.a(lib_a-mktm_r.o)
 .rodata.year_lengths
                0x0000e610        0x8 c:/program files (x86)/cypress/psoc creator/3.0/psoc creator/import/gnu_cs/arm/4.7.3/bin/../lib/gcc/arm-none-eabi/4.7.3/../../../../arm-none-eabi/lib/armv7-m\libg.a(lib_a-mktm_r.o)
 .rodata.basefix.6637
                0x0000e618       0x24 c:/program files (x86)/cypress/psoc creator/3.0/psoc creator/import/gnu_cs/arm/4.7.3/bin/../lib/gcc/arm-none-eabi/4.7.3/../../../../arm-none-eabi/lib/armv7-m\libg.a(lib_a-svfscanf.o)
 .rodata.str1.4
                0x0000e63c        0x5 c:/program files (x86)/cypress/psoc creator/3.0/psoc creator/import/gnu_cs/arm/4.7.3/bin/../lib/gcc/arm-none-eabi/4.7.3/../../../../arm-none-eabi/lib/armv7-m\libg.a(lib_a-svfscanf.o)
                                  0x8 (size before relaxing)
 *fill*         0x0000e641        0x3 00
 .rodata._ctype_
                0x0000e644      0x104 c:/program files (x86)/cypress/psoc creator/3.0/psoc creator/import/gnu_cs/arm/4.7.3/bin/../lib/gcc/arm-none-eabi/4.7.3/../../../../arm-none-eabi/lib/armv7-m\libg.a(lib_a-ctype_.o)
                0x0000e644                _ctype_
 .rodata.str1.4
                0x0000e748        0xa c:/program files (x86)/cypress/psoc creator/3.0/psoc creator/import/gnu_cs/arm/4.7.3/bin/../lib/gcc/arm-none-eabi/4.7.3/../../../../arm-none-eabi/lib/armv7-m\libg.a(lib_a-locale.o)
                                 0x14 (size before relaxing)
 .rodata.str1.4
                0x00000000        0x4 c:/program files (x86)/cypress/psoc creator/3.0/psoc creator/import/gnu_cs/arm/4.7.3/bin/../lib/gcc/arm-none-eabi/4.7.3/../../../../arm-none-eabi/lib/armv7-m\libg.a(lib_a-mbrtowc.o)
 *fill*         0x0000e752        0x2 00
 .rodata.str1.4
                0x0000e754        0xf c:/program files (x86)/cypress/psoc creator/3.0/psoc creator/import/gnu_cs/arm/4.7.3/bin/../lib/gcc/arm-none-eabi/4.7.3/../../../../arm-none-eabi/lib/armv7-m\libg.a(lib_a-strtod.o)
                                 0x10 (size before relaxing)
 *fill*         0x0000e763        0x5 00
 .rodata.tinytens
                0x0000e768       0x28 c:/program files (x86)/cypress/psoc creator/3.0/psoc creator/import/gnu_cs/arm/4.7.3/bin/../lib/gcc/arm-none-eabi/4.7.3/../../../../arm-none-eabi/lib/armv7-m\libg.a(lib_a-strtod.o)
 .rodata.str1.4
                0x0000e790       0x42 c:/program files (x86)/cypress/psoc creator/3.0/psoc creator/import/gnu_cs/arm/4.7.3/bin/../lib/gcc/arm-none-eabi/4.7.3/../../../../arm-none-eabi/lib/armv7-m\libg.a(lib_a-svfprintf.o)
                                 0x44 (size before relaxing)
 *fill*         0x0000e7d2        0x2 00
 .rodata.zeroes.6721
                0x0000e7d4       0x10 c:/program files (x86)/cypress/psoc creator/3.0/psoc creator/import/gnu_cs/arm/4.7.3/bin/../lib/gcc/arm-none-eabi/4.7.3/../../../../arm-none-eabi/lib/armv7-m\libg.a(lib_a-svfprintf.o)
 .rodata.blanks.6720
                0x0000e7e4       0x10 c:/program files (x86)/cypress/psoc creator/3.0/psoc creator/import/gnu_cs/arm/4.7.3/bin/../lib/gcc/arm-none-eabi/4.7.3/../../../../arm-none-eabi/lib/armv7-m\libg.a(lib_a-svfprintf.o)
 .rodata.str1.4
                0x0000e7f4       0x10 c:/program files (x86)/cypress/psoc creator/3.0/psoc creator/import/gnu_cs/arm/4.7.3/bin/../lib/gcc/arm-none-eabi/4.7.3/../../../../arm-none-eabi/lib/armv7-m\libg.a(lib_a-dtoa.o)
                                 0x14 (size before relaxing)
 .rodata.str1.4
                0x0000e804       0x1c c:/program files (x86)/cypress/psoc creator/3.0/psoc creator/import/gnu_cs/arm/4.7.3/bin/../lib/gcc/arm-none-eabi/4.7.3/../../../../arm-none-eabi/lib/armv7-m\libg.a(lib_a-gdtoa-gethex.o)
 .rodata.p05.5242
                0x0000e820        0xc c:/program files (x86)/cypress/psoc creator/3.0/psoc creator/import/gnu_cs/arm/4.7.3/bin/../lib/gcc/arm-none-eabi/4.7.3/../../../../arm-none-eabi/lib/armv7-m\libg.a(lib_a-mprec.o)
 *fill*         0x0000e82c        0x4 00
 .rodata.__mprec_tens
                0x0000e830       0xc8 c:/program files (x86)/cypress/psoc creator/3.0/psoc creator/import/gnu_cs/arm/4.7.3/bin/../lib/gcc/arm-none-eabi/4.7.3/../../../../arm-none-eabi/lib/armv7-m\libg.a(lib_a-mprec.o)
                0x0000e830                __mprec_tens
 .rodata.__mprec_bigtens
                0x0000e8f8       0x28 c:/program files (x86)/cypress/psoc creator/3.0/psoc creator/import/gnu_cs/arm/4.7.3/bin/../lib/gcc/arm-none-eabi/4.7.3/../../../../arm-none-eabi/lib/armv7-m\libg.a(lib_a-mprec.o)
                0x0000e8f8                __mprec_bigtens
                0x0000e920                . = ALIGN (0x4)
 *(.init)
 .init          0x0000e920        0x4 c:/program files (x86)/cypress/psoc creator/3.0/psoc creator/import/gnu_cs/arm/4.7.3/bin/../lib/gcc/arm-none-eabi/4.7.3/armv7-m/crti.o
                0x0000e920                _init
 .init          0x0000e924        0x8 c:/program files (x86)/cypress/psoc creator/3.0/psoc creator/import/gnu_cs/arm/4.7.3/bin/../lib/gcc/arm-none-eabi/4.7.3/armv7-m/crtn.o
                0x0000e92c                . = ALIGN (0x4)
                0x0000e92c                __preinit_array_start = .
 *(.preinit_array)
                0x0000e92c                __preinit_array_end = .
                0x0000e92c                . = ALIGN (0x4)
                0x0000e92c                __init_array_start = .
 *(SORT(.init_array.*))
 .init_array.00000
                0x0000e92c        0x4 c:/program files (x86)/cypress/psoc creator/3.0/psoc creator/import/gnu_cs/arm/4.7.3/bin/../lib/gcc/arm-none-eabi/4.7.3/../../../../arm-none-eabi/lib/armv7-m\libg.a(lib_a-__call_atexit.o)
 *(.init_array)
 .init_array    0x0000e930        0x4 c:/program files (x86)/cypress/psoc creator/3.0/psoc creator/import/gnu_cs/arm/4.7.3/bin/../lib/gcc/arm-none-eabi/4.7.3/armv7-m/crtbegin.o
 .init_array    0x0000e934        0x4 .\CortexM3\ARM_GCC_473\Debug\Cm3Start.o
                0x0000e938                __init_array_end = .
                0x0000e938                . = ALIGN (0x4)
 *(.fini)
 .fini          0x0000e938        0x4 c:/program files (x86)/cypress/psoc creator/3.0/psoc creator/import/gnu_cs/arm/4.7.3/bin/../lib/gcc/arm-none-eabi/4.7.3/armv7-m/crti.o
                0x0000e938                _fini
 .fini          0x0000e93c        0x8 c:/program files (x86)/cypress/psoc creator/3.0/psoc creator/import/gnu_cs/arm/4.7.3/bin/../lib/gcc/arm-none-eabi/4.7.3/armv7-m/crtn.o
                0x0000e944                . = ALIGN (0x4)
                0x0000e944                __fini_array_start = .
 *(.fini_array)
 .fini_array    0x0000e944        0x4 c:/program files (x86)/cypress/psoc creator/3.0/psoc creator/import/gnu_cs/arm/4.7.3/bin/../lib/gcc/arm-none-eabi/4.7.3/armv7-m/crtbegin.o
 *(SORT(.fini_array.*))
                0x0000e948                __fini_array_end = .
                0x0000e948                . = ALIGN (0x4)
 *crtbegin.o(.ctors)
 *(EXCLUDE_FILE(*crtend.o) .ctors)
 *(SORT(.ctors.*))
 *crtend.o(.ctors)
                0x0000e948                . = ALIGN (0x4)
 *crtbegin.o(.dtors)
 *(EXCLUDE_FILE(*crtend.o) .dtors)
 *(SORT(.dtors.*))
 *crtend.o(.dtors)
                0x0000e948                . = ALIGN (0x4)
                0x0000e948                __cy_regions = .
                0x0000e948        0x4 LONG 0xe958 __cy_region_init_ram
                0x0000e94c        0x4 LONG 0x1fff8108 __cy_region_start_data
                0x0000e950        0x4 LONG 0xa70 __cy_region_init_size_ram
                0x0000e954        0x4 LONG 0x7e8 __cy_region_zero_size_ram
                0x0000e958                __cy_regions_end = .
                0x0000e958                . = ALIGN (0x8)
                0x0000e958                _etext = .

.ramvectors     0x1fff8000      0x100
                0x1fff8000                __cy_region_start_ram = .
 *(.ramvectors)
 .ramvectors    0x1fff8000      0x100 .\CortexM3\ARM_GCC_473\Debug\Cm3Start.o
                0x1fff8000                CyRamVectors

.noinit         0x1fff8100        0x5
 *(.noinit)
 .noinit        0x1fff8100        0x4 .\CortexM3\ARM_GCC_473\Debug\Cm3Start.o
 .noinit        0x1fff8104        0x1 .\CortexM3\ARM_GCC_473\Debug\Decagon_Soilmoisture.a(CyLib.o)
                0x1fff8104                CyResetStatus

.data           0x1fff8108      0xa70 load address 0x0000e958
                0x1fff8108                __cy_region_start_data = .
 *(.jcr)
 .jcr           0x1fff8108        0x0 c:/program files (x86)/cypress/psoc creator/3.0/psoc creator/import/gnu_cs/arm/4.7.3/bin/../lib/gcc/arm-none-eabi/4.7.3/armv7-m/crtbegin.o
 .jcr           0x1fff8108        0x4 c:/program files (x86)/cypress/psoc creator/3.0/psoc creator/import/gnu_cs/arm/4.7.3/bin/../lib/gcc/arm-none-eabi/4.7.3/armv7-m/crtend.o
 *(.got.plt)
 *(.got)
 *(.shdata)
 *(.data .data.* .gnu.linkonce.d.*)
 .data          0x1fff810c       0x10 .\CortexM3\ARM_GCC_473\Debug\Decagon_Soilmoisture.a(CyLib.o)
                0x1fff810c                cydelay_freq_hz
                0x1fff8110                cydelay_freq_khz
                0x1fff8114                cydelay_freq_mhz
                0x1fff8118                cydelay_32k_ms
 .data          0x1fff811c      0x148 ..\..\..\..\neolib\libneomote.a(OskiStateMachine.o)
                0x1fff811c                val_add
 .data          0x1fff8264        0x8 .\CortexM3\ARM_GCC_473\Debug\Decagon_Soilmoisture.a(NEOMOTE_1_I2C_0_PM.o)
                0x1fff8264                NEOMOTE_1_I2C_0_backup
 *fill*         0x1fff826c        0x4 00
 .data.impure_data
                0x1fff8270      0x428 c:/program files (x86)/cypress/psoc creator/3.0/psoc creator/import/gnu_cs/arm/4.7.3/bin/../lib/gcc/arm-none-eabi/4.7.3/../../../../arm-none-eabi/lib/armv7-m\libg.a(lib_a-impure.o)
 .data._impure_ptr
                0x1fff8698        0x4 c:/program files (x86)/cypress/psoc creator/3.0/psoc creator/import/gnu_cs/arm/4.7.3/bin/../lib/gcc/arm-none-eabi/4.7.3/../../../../arm-none-eabi/lib/armv7-m\libg.a(lib_a-impure.o)
                0x1fff8698                _impure_ptr
 .data.__ctype_ptr__
                0x1fff869c        0x4 c:/program files (x86)/cypress/psoc creator/3.0/psoc creator/import/gnu_cs/arm/4.7.3/bin/../lib/gcc/arm-none-eabi/4.7.3/../../../../arm-none-eabi/lib/armv7-m\libg.a(lib_a-ctype_.o)
                0x1fff869c                __ctype_ptr__
 .data.tzinfo   0x1fff86a0       0x40 c:/program files (x86)/cypress/psoc creator/3.0/psoc creator/import/gnu_cs/arm/4.7.3/bin/../lib/gcc/arm-none-eabi/4.7.3/../../../../arm-none-eabi/lib/armv7-m\libg.a(lib_a-gettzinfo.o)
 .data.lconv    0x1fff86e0       0x38 c:/program files (x86)/cypress/psoc creator/3.0/psoc creator/import/gnu_cs/arm/4.7.3/bin/../lib/gcc/arm-none-eabi/4.7.3/../../../../arm-none-eabi/lib/armv7-m\libg.a(lib_a-locale.o)
 .data.lc_ctype_charset
                0x1fff8718       0x20 c:/program files (x86)/cypress/psoc creator/3.0/psoc creator/import/gnu_cs/arm/4.7.3/bin/../lib/gcc/arm-none-eabi/4.7.3/../../../../arm-none-eabi/lib/armv7-m\libg.a(lib_a-locale.o)
 .data.__mb_cur_max
                0x1fff8738        0x4 c:/program files (x86)/cypress/psoc creator/3.0/psoc creator/import/gnu_cs/arm/4.7.3/bin/../lib/gcc/arm-none-eabi/4.7.3/../../../../arm-none-eabi/lib/armv7-m\libg.a(lib_a-locale.o)
                0x1fff8738                __mb_cur_max
 .data.__malloc_av_
                0x1fff873c      0x408 c:/program files (x86)/cypress/psoc creator/3.0/psoc creator/import/gnu_cs/arm/4.7.3/bin/../lib/gcc/arm-none-eabi/4.7.3/../../../../arm-none-eabi/lib/armv7-m\libg.a(lib_a-mallocr.o)
                0x1fff873c                __malloc_av_
 .data.__malloc_trim_threshold
                0x1fff8b44        0x4 c:/program files (x86)/cypress/psoc creator/3.0/psoc creator/import/gnu_cs/arm/4.7.3/bin/../lib/gcc/arm-none-eabi/4.7.3/../../../../arm-none-eabi/lib/armv7-m\libg.a(lib_a-mallocr.o)
                0x1fff8b44                __malloc_trim_threshold
 .data.__malloc_sbrk_base
                0x1fff8b48        0x4 c:/program files (x86)/cypress/psoc creator/3.0/psoc creator/import/gnu_cs/arm/4.7.3/bin/../lib/gcc/arm-none-eabi/4.7.3/../../../../arm-none-eabi/lib/armv7-m\libg.a(lib_a-mallocr.o)
                0x1fff8b48                __malloc_sbrk_base
 .data.__mbtowc
                0x1fff8b4c        0x4 c:/program files (x86)/cypress/psoc creator/3.0/psoc creator/import/gnu_cs/arm/4.7.3/bin/../lib/gcc/arm-none-eabi/4.7.3/../../../../arm-none-eabi/lib/armv7-m\libg.a(lib_a-mbtowc_r.o)
                0x1fff8b4c                __mbtowc
 .data.fpi.5202
                0x1fff8b50       0x14 c:/program files (x86)/cypress/psoc creator/3.0/psoc creator/import/gnu_cs/arm/4.7.3/bin/../lib/gcc/arm-none-eabi/4.7.3/../../../../arm-none-eabi/lib/armv7-m\libg.a(lib_a-strtod.o)
 .data.fpinan.5238
                0x1fff8b64       0x14 c:/program files (x86)/cypress/psoc creator/3.0/psoc creator/import/gnu_cs/arm/4.7.3/bin/../lib/gcc/arm-none-eabi/4.7.3/../../../../arm-none-eabi/lib/armv7-m\libg.a(lib_a-strtod.o)
                0x1fff8b78                . = ALIGN (0x8)
 *(.ram)
                0x1fff8b78                _edata = .

.igot.plt       0x1fff8b78        0x0 load address 0x0000f3c8
 .igot.plt      0x00000000        0x0 c:/program files (x86)/cypress/psoc creator/3.0/psoc creator/import/gnu_cs/arm/4.7.3/bin/../lib/gcc/arm-none-eabi/4.7.3/armv7-m/crtbegin.o

.bss            0x1fff8b78      0x7e8 load address 0x0000f3c8
                0x1fff8b78                PROVIDE (__bss_start__, .)
 *(.shbss)
 *(.bss .bss.* .gnu.linkonce.b.*)
 .bss           0x1fff8b78       0x1c c:/program files (x86)/cypress/psoc creator/3.0/psoc creator/import/gnu_cs/arm/4.7.3/bin/../lib/gcc/arm-none-eabi/4.7.3/armv7-m/crtbegin.o
 .bss           0x1fff8b94        0x1 .\CortexM3\ARM_GCC_473\Debug\Decagon_Soilmoisture.a(UART_SoilMoisture_Decagon.o)
                0x1fff8b94                UART_SoilMoisture_Decagon_initVar
 *fill*         0x1fff8b95        0x3 00
 .bss           0x1fff8b98      0x104 ..\..\..\..\neolib\libneomote.a(OskiHdlc.o)
 .bss           0x1fff8c9c        0x2 .\CortexM3\ARM_GCC_473\Debug\Decagon_Soilmoisture.a(NEOMOTE_1_UART_MOTE.o)
                0x1fff8c9c                NEOMOTE_1_UART_MOTE_initVar
 *fill*         0x1fff8c9e        0x2 00
 .bss           0x1fff8ca0        0x4 .\CortexM3\ARM_GCC_473\Debug\Decagon_Soilmoisture.a(NEOMOTE_1_UART_MOTE_PM.o)
 .bss           0x1fff8ca4        0x1 .\CortexM3\ARM_GCC_473\Debug\Decagon_Soilmoisture.a(NEOMOTE_1_I2C_0.o)
                0x1fff8ca4                NEOMOTE_1_I2C_0_initVar
 .bss           0x1fff8ca5        0x1 .\CortexM3\ARM_GCC_473\Debug\Decagon_Soilmoisture.a(NEOMOTE_1_DELAY_COUNTER.o)
                0x1fff8ca5                NEOMOTE_1_DELAY_COUNTER_initVar
 *fill*         0x1fff8ca6        0x2 00
 .bss._daylight
                0x1fff8ca8        0x4 c:/program files (x86)/cypress/psoc creator/3.0/psoc creator/import/gnu_cs/arm/4.7.3/bin/../lib/gcc/arm-none-eabi/4.7.3/../../../../arm-none-eabi/lib/armv7-m\libg.a(lib_a-tzvars.o)
                0x1fff8ca8                _daylight
 .bss.__malloc_max_total_mem
                0x1fff8cac        0x4 c:/program files (x86)/cypress/psoc creator/3.0/psoc creator/import/gnu_cs/arm/4.7.3/bin/../lib/gcc/arm-none-eabi/4.7.3/../../../../arm-none-eabi/lib/armv7-m\libg.a(lib_a-mallocr.o)
                0x1fff8cac                __malloc_max_total_mem
 .bss.__malloc_max_sbrked_mem
                0x1fff8cb0        0x4 c:/program files (x86)/cypress/psoc creator/3.0/psoc creator/import/gnu_cs/arm/4.7.3/bin/../lib/gcc/arm-none-eabi/4.7.3/../../../../arm-none-eabi/lib/armv7-m\libg.a(lib_a-mallocr.o)
                0x1fff8cb0                __malloc_max_sbrked_mem
 .bss.__malloc_top_pad
                0x1fff8cb4        0x4 c:/program files (x86)/cypress/psoc creator/3.0/psoc creator/import/gnu_cs/arm/4.7.3/bin/../lib/gcc/arm-none-eabi/4.7.3/../../../../arm-none-eabi/lib/armv7-m\libg.a(lib_a-mallocr.o)
                0x1fff8cb4                __malloc_top_pad
 .bss.__malloc_current_mallinfo
                0x1fff8cb8       0x28 c:/program files (x86)/cypress/psoc creator/3.0/psoc creator/import/gnu_cs/arm/4.7.3/bin/../lib/gcc/arm-none-eabi/4.7.3/../../../../arm-none-eabi/lib/armv7-m\libg.a(lib_a-mallocr.o)
                0x1fff8cb8                __malloc_current_mallinfo
 .bss.heap_end.4231
                0x1fff8ce0        0x4 c:/program files (x86)/cypress/psoc creator/3.0/psoc creator/import/gnu_cs/arm/4.7.3/bin/../lib/gcc/arm-none-eabi/4.7.3/../../../../arm-none-eabi/lib/armv7-m\libnosys.a(sbrk.o)
 *(COMMON)
 COMMON         0x1fff8ce4       0x68 .\CortexM3\ARM_GCC_473\Debug\SoilMoisture_Decagon.o
                0x1fff8ce4                raw_serial_data_count_d
                0x1fff8ce8                raw_serial_data_d
 COMMON         0x1fff8d4c      0x4d8 ..\..\..\..\neolib\libneomote.a(Mote_API.o)
                0x1fff8d4c                packetQueue
                0x1fff910c                packet
                0x1fff920c                motePacketReady
                0x1fff920d                oski_state
                0x1fff920e                serialMode
                0x1fff920f                numOfPacketsInQueue
                0x1fff9210                timeDelta
                0x1fff9218                apiCallBack
                0x1fff921c                hardware_valid
                0x1fff921d                updateMoteState
                0x1fff921e                oski_socket
                0x1fff9220                packetPointer
                0x1fff9222                justSentPacket
                0x1fff9223                timeNeedsUpdating
 COMMON         0x1fff9224       0x20 ..\..\..\..\neolib\libneomote.a(NeoRTC.o)
                0x1fff9224                i2cBufferWrite
                0x1fff9230                minuteAlarmInterval
                0x1fff9234                i2cBufferRead
                0x1fff9240                receivedIntCallBack
 COMMON         0x1fff9244        0x1 .\CortexM3\ARM_GCC_473\Debug\Decagon_Soilmoisture.a(NEOMOTE_1_I2C_0.o)
                0x1fff9244                NEOMOTE_1_I2C_0_state
 *fill*         0x1fff9245        0x3 00
 COMMON         0x1fff9248       0x11 .\CortexM3\ARM_GCC_473\Debug\Decagon_Soilmoisture.a(NEOMOTE_1_I2C_0_MASTER.o)
                0x1fff9248                NEOMOTE_1_I2C_0_mstrWrBufPtr
                0x1fff924c                NEOMOTE_1_I2C_0_mstrControl
                0x1fff924d                NEOMOTE_1_I2C_0_mstrRdBufSize
                0x1fff924e                NEOMOTE_1_I2C_0_mstrStatus
                0x1fff924f                NEOMOTE_1_I2C_0_mstrRdBufIndex
                0x1fff9250                NEOMOTE_1_I2C_0_mstrWrBufIndex
                0x1fff9254                NEOMOTE_1_I2C_0_mstrRdBufPtr
                0x1fff9258                NEOMOTE_1_I2C_0_mstrWrBufSize
 *fill*         0x1fff9259        0x3 00
 COMMON         0x1fff925c        0x4 c:/program files (x86)/cypress/psoc creator/3.0/psoc creator/import/gnu_cs/arm/4.7.3/bin/../lib/gcc/arm-none-eabi/4.7.3/../../../../arm-none-eabi/lib/armv7-m\libg.a(lib_a-reent.o)
                0x1fff925c                errno
 COMMON         0x1fff9260      0x100 c:/program files (x86)/cypress/psoc creator/3.0/psoc creator/import/gnu_cs/arm/4.7.3/bin/../lib/gcc/arm-none-eabi/4.7.3/../../../../arm-none-eabi/lib/armv7-m\libg.a(lib_a-gdtoa-gethex.o)
                0x1fff9260                __hexdig
                0x1fff9360                . = ALIGN (0x8)
 *(.ram.b)
                0x1fff9360                _end = .
                0x1fff9360                __end = .
                0x1fff9360                PROVIDE (end, .)
                0x1fff9360                PROVIDE (__bss_end__, .)
                0x0000e958                __cy_region_init_ram = LOADADDR (.data)
                0x00000a70                __cy_region_init_size_ram = (_edata - ADDR (.data))
                0x000007e8                __cy_region_zero_size_ram = (_end - _edata)

.heap           0x1fff9360     0x1000 load address 0x0000f3c8
                0x1fff9360                . = _end
                0x1fffa360                . = (. + 0x1000)
 *fill*         0x1fff9360     0x1000 00
                0x1fffa360                __cy_heap_limit = .

.stack          0x20004000     0x4000
                0x20004000                __cy_stack_limit = .
                0x20008000                . = (. + 0x4000)
 *fill*         0x20004000     0x4000 00
                0x00000001                ASSERT ((__cy_stack_limit >= __cy_heap_limit), region RAM overflowed with stack)

.cyloadermeta
 *(.cyloadermeta)

.cyloadablemeta
 *(.cyloadablemeta)

.cyconfigecc    0x80000000      0x60c
 *(.cyconfigecc)
 .cyconfigecc   0x80000000      0x60c .\CortexM3\ARM_GCC_473\Debug\cymetadata.o
                0x80000000                cy_meta_configecc

.cycustnvl      0x90000000        0x4
 *(.cycustnvl)
 .cycustnvl     0x90000000        0x4 .\CortexM3\ARM_GCC_473\Debug\cymetadata.o
                0x90000000                cy_meta_custnvl

.cywolatch      0x90100000        0x4
 *(.cywolatch)
 .cywolatch     0x90100000        0x4 .\CortexM3\ARM_GCC_473\Debug\cymetadata.o
                0x90100000                cy_meta_wonvl

.cyeeprom       0x90200000        0x0
 *(.cyeeprom)
                0x00000001                ASSERT ((. <= ((0x90200000 + ee_offset) + ee_size)), .cyeeprom data will not fit in EEPROM)

.cyflashprotect
                0x90400000      0x100
 *(.cyflashprotect)
 .cyflashprotect
                0x90400000      0x100 .\CortexM3\ARM_GCC_473\Debug\cymetadata.o
                0x90400000                cy_meta_flashprotect

.cymeta         0x90500000        0xc
 *(.cymeta)
 .cymeta        0x90500000        0xc .\CortexM3\ARM_GCC_473\Debug\cymetadata.o
                0x90500000                cy_metadata

.rel.dyn        0x0000f3c8        0x0 load address 0x9050000c
 .rel.iplt      0x00000000        0x0 c:/program files (x86)/cypress/psoc creator/3.0/psoc creator/import/gnu_cs/arm/4.7.3/bin/../lib/gcc/arm-none-eabi/4.7.3/armv7-m/crtbegin.o

.stab           0x00000000       0x6c
 *(.stab)
 .stab          0x00000000       0x24 c:/program files (x86)/cypress/psoc creator/3.0/psoc creator/import/gnu_cs/arm/4.7.3/bin/../lib/gcc/arm-none-eabi/4.7.3/../../../../arm-none-eabi/lib/armv7-m\libnosys.a(close.o)
 .stab          0x00000024       0x18 c:/program files (x86)/cypress/psoc creator/3.0/psoc creator/import/gnu_cs/arm/4.7.3/bin/../lib/gcc/arm-none-eabi/4.7.3/../../../../arm-none-eabi/lib/armv7-m\libnosys.a(lseek.o)
                                 0x24 (size before relaxing)
 .stab          0x0000003c       0x18 c:/program files (x86)/cypress/psoc creator/3.0/psoc creator/import/gnu_cs/arm/4.7.3/bin/../lib/gcc/arm-none-eabi/4.7.3/../../../../arm-none-eabi/lib/armv7-m\libnosys.a(read.o)
                                 0x24 (size before relaxing)
 .stab          0x00000054       0x18 c:/program files (x86)/cypress/psoc creator/3.0/psoc creator/import/gnu_cs/arm/4.7.3/bin/../lib/gcc/arm-none-eabi/4.7.3/../../../../arm-none-eabi/lib/armv7-m\libnosys.a(write.o)
                                 0x24 (size before relaxing)

.stabstr        0x00000000       0xdf
 *(.stabstr)
 .stabstr       0x00000000       0xdf c:/program files (x86)/cypress/psoc creator/3.0/psoc creator/import/gnu_cs/arm/4.7.3/bin/../lib/gcc/arm-none-eabi/4.7.3/../../../../arm-none-eabi/lib/armv7-m\libnosys.a(close.o)

.debug
 *(.debug)

.line
 *(.line)

.debug_srcinfo
 *(.debug_srcinfo)

.debug_sfnames
 *(.debug_sfnames)

.debug_aranges  0x00000000      0xc60
 *(.debug_aranges)
 .debug_aranges
                0x00000000       0x30 .\CortexM3\ARM_GCC_473\Debug\main.o
 .debug_aranges
                0x00000030       0x38 .\CortexM3\ARM_GCC_473\Debug\SoilMoisture_Decagon.o
 .debug_aranges
                0x00000068       0x18 .\CortexM3\ARM_GCC_473\Debug\cymetadata.o
 .debug_aranges
                0x00000080       0x40 .\CortexM3\ARM_GCC_473\Debug\Cm3Start.o
 .debug_aranges
                0x000000c0       0x60 .\CortexM3\ARM_GCC_473\Debug\Decagon_Soilmoisture.a(cyfitter_cfg.o)
 .debug_aranges
                0x00000120       0x98 .\CortexM3\ARM_GCC_473\Debug\Decagon_Soilmoisture.a(UART_SoilMoisture_Decagon.o)
 .debug_aranges
                0x000001b8       0x80 .\CortexM3\ARM_GCC_473\Debug\Decagon_Soilmoisture.a(isr_SoilMoisture_Decagon.o)
 .debug_aranges
                0x00000238       0x38 .\CortexM3\ARM_GCC_473\Debug\Decagon_Soilmoisture.a(Decagon_Sensor_Power.o)
 .debug_aranges
                0x00000270       0x70 .\CortexM3\ARM_GCC_473\Debug\Decagon_Soilmoisture.a(UART_SoilMoisture_Decagon_IntClock.o)
 .debug_aranges
                0x000002e0       0x20 .\CortexM3\ARM_GCC_473\Debug\Decagon_Soilmoisture.a(CyBootAsmGnu.o)
 .debug_aranges
                0x00000300      0x218 .\CortexM3\ARM_GCC_473\Debug\Decagon_Soilmoisture.a(CyLib.o)
 .debug_aranges
                0x00000518       0x90 .\CortexM3\ARM_GCC_473\Debug\Decagon_Soilmoisture.a(cyPm.o)
 .debug_aranges
                0x000005a8       0x78 .\CortexM3\ARM_GCC_473\Debug\Decagon_Soilmoisture.a(CyFlash.o)
 .debug_aranges
                0x00000620       0x68 .\CortexM3\ARM_GCC_473\Debug\Decagon_Soilmoisture.a(CySpc.o)
 .debug_aranges
                0x00000688       0xf0 .\CortexM3\ARM_GCC_473\Debug\Decagon_Soilmoisture.a(NEOMOTE_1_UART_MOTE.o)
 .debug_aranges
                0x00000778       0x38 .\CortexM3\ARM_GCC_473\Debug\Decagon_Soilmoisture.a(NEOMOTE_1_UART_MOTE_PM.o)
 .debug_aranges
                0x000007b0       0x80 .\CortexM3\ARM_GCC_473\Debug\Decagon_Soilmoisture.a(NEOMOTE_1_isr_RX.o)
 .debug_aranges
                0x00000830       0x40 .\CortexM3\ARM_GCC_473\Debug\Decagon_Soilmoisture.a(NEOMOTE_1_RX_RTS_n.o)
 .debug_aranges
                0x00000870       0x38 .\CortexM3\ARM_GCC_473\Debug\Decagon_Soilmoisture.a(NEOMOTE_1_RX_CTS_n.o)
 .debug_aranges
                0x000008a8       0x38 .\CortexM3\ARM_GCC_473\Debug\Decagon_Soilmoisture.a(NEOMOTE_1_TX_RTS_n.o)
 .debug_aranges
                0x000008e0       0x38 .\CortexM3\ARM_GCC_473\Debug\Decagon_Soilmoisture.a(NEOMOTE_1_TX_CTS_n.o)
 .debug_aranges
                0x00000918       0x80 .\CortexM3\ARM_GCC_473\Debug\Decagon_Soilmoisture.a(NEOMOTE_1_isr_RX_RTSn.o)
 .debug_aranges
                0x00000998       0x38 .\CortexM3\ARM_GCC_473\Debug\Decagon_Soilmoisture.a(NEOMOTE_1_I2C_0.o)
 .debug_aranges
                0x000009d0       0x20 .\CortexM3\ARM_GCC_473\Debug\Decagon_Soilmoisture.a(NEOMOTE_1_I2C_0_INT.o)
 .debug_aranges
                0x000009f0       0x38 .\CortexM3\ARM_GCC_473\Debug\Decagon_Soilmoisture.a(NEOMOTE_1_I2C_0_PM.o)
 .debug_aranges
                0x00000a28       0x88 .\CortexM3\ARM_GCC_473\Debug\Decagon_Soilmoisture.a(NEOMOTE_1_I2C_0_MASTER.o)
 .debug_aranges
                0x00000ab0       0x40 .\CortexM3\ARM_GCC_473\Debug\Decagon_Soilmoisture.a(NEOMOTE_1_NEO_RTC_INT1.o)
 .debug_aranges
                0x00000af0       0x80 .\CortexM3\ARM_GCC_473\Debug\Decagon_Soilmoisture.a(NEOMOTE_1_DELAY_COUNTER.o)
 .debug_aranges
                0x00000b70       0x80 .\CortexM3\ARM_GCC_473\Debug\Decagon_Soilmoisture.a(NEOMOTE_1_isr_packet_delay.o)
 .debug_aranges
                0x00000bf0       0x70 .\CortexM3\ARM_GCC_473\Debug\Decagon_Soilmoisture.a(NEOMOTE_1_UART_MOTE_IntClock.o)

.debug_pubnames
 *(.debug_pubnames)

.debug_info     0x00000000     0x544c
 *(.debug_info .gnu.linkonce.wi.*)
 .debug_info    0x00000000      0x2bd .\CortexM3\ARM_GCC_473\Debug\main.o
 .debug_info    0x000002bd      0x21e .\CortexM3\ARM_GCC_473\Debug\SoilMoisture_Decagon.o
 .debug_info    0x000004db      0x140 .\CortexM3\ARM_GCC_473\Debug\cymetadata.o
 .debug_info    0x0000061b      0x2ea .\CortexM3\ARM_GCC_473\Debug\Cm3Start.o
 .debug_info    0x00000905      0x47e .\CortexM3\ARM_GCC_473\Debug\Decagon_Soilmoisture.a(cyfitter_cfg.o)
 .debug_info    0x00000d83      0x345 .\CortexM3\ARM_GCC_473\Debug\Decagon_Soilmoisture.a(UART_SoilMoisture_Decagon.o)
 .debug_info    0x000010c8      0x278 .\CortexM3\ARM_GCC_473\Debug\Decagon_Soilmoisture.a(isr_SoilMoisture_Decagon.o)
 .debug_info    0x00001340      0x134 .\CortexM3\ARM_GCC_473\Debug\Decagon_Soilmoisture.a(Decagon_Sensor_Power.o)
 .debug_info    0x00001474      0x294 .\CortexM3\ARM_GCC_473\Debug\Decagon_Soilmoisture.a(UART_SoilMoisture_Decagon_IntClock.o)
 .debug_info    0x00001708       0xdb .\CortexM3\ARM_GCC_473\Debug\Decagon_Soilmoisture.a(CyBootAsmGnu.o)
 .debug_info    0x000017e3      0xcd7 .\CortexM3\ARM_GCC_473\Debug\Decagon_Soilmoisture.a(CyLib.o)
 .debug_info    0x000024ba      0x5c3 .\CortexM3\ARM_GCC_473\Debug\Decagon_Soilmoisture.a(cyPm.o)
 .debug_info    0x00002a7d      0x354 .\CortexM3\ARM_GCC_473\Debug\Decagon_Soilmoisture.a(CyFlash.o)
 .debug_info    0x00002dd1      0x3d9 .\CortexM3\ARM_GCC_473\Debug\Decagon_Soilmoisture.a(CySpc.o)
 .debug_info    0x000031aa      0x58b .\CortexM3\ARM_GCC_473\Debug\Decagon_Soilmoisture.a(NEOMOTE_1_UART_MOTE.o)
 .debug_info    0x00003735      0x152 .\CortexM3\ARM_GCC_473\Debug\Decagon_Soilmoisture.a(NEOMOTE_1_UART_MOTE_PM.o)
 .debug_info    0x00003887      0x278 .\CortexM3\ARM_GCC_473\Debug\Decagon_Soilmoisture.a(NEOMOTE_1_isr_RX.o)
 .debug_info    0x00003aff      0x14e .\CortexM3\ARM_GCC_473\Debug\Decagon_Soilmoisture.a(NEOMOTE_1_RX_RTS_n.o)
 .debug_info    0x00003c4d      0x134 .\CortexM3\ARM_GCC_473\Debug\Decagon_Soilmoisture.a(NEOMOTE_1_RX_CTS_n.o)
 .debug_info    0x00003d81      0x134 .\CortexM3\ARM_GCC_473\Debug\Decagon_Soilmoisture.a(NEOMOTE_1_TX_RTS_n.o)
 .debug_info    0x00003eb5      0x134 .\CortexM3\ARM_GCC_473\Debug\Decagon_Soilmoisture.a(NEOMOTE_1_TX_CTS_n.o)
 .debug_info    0x00003fe9      0x278 .\CortexM3\ARM_GCC_473\Debug\Decagon_Soilmoisture.a(NEOMOTE_1_isr_RX_RTSn.o)
 .debug_info    0x00004261      0x1d6 .\CortexM3\ARM_GCC_473\Debug\Decagon_Soilmoisture.a(NEOMOTE_1_I2C_0.o)
 .debug_info    0x00004437      0x166 .\CortexM3\ARM_GCC_473\Debug\Decagon_Soilmoisture.a(NEOMOTE_1_I2C_0_INT.o)
 .debug_info    0x0000459d      0x1a5 .\CortexM3\ARM_GCC_473\Debug\Decagon_Soilmoisture.a(NEOMOTE_1_I2C_0_PM.o)
 .debug_info    0x00004742      0x453 .\CortexM3\ARM_GCC_473\Debug\Decagon_Soilmoisture.a(NEOMOTE_1_I2C_0_MASTER.o)
 .debug_info    0x00004b95      0x14e .\CortexM3\ARM_GCC_473\Debug\Decagon_Soilmoisture.a(NEOMOTE_1_NEO_RTC_INT1.o)