Archive member included because of file (symbol)

.\CortexM3\ARM_GCC_473\Debug\Sensor_Node.a(cyfitter_cfg.o)
                              .\CortexM3\ARM_GCC_473\Debug\Cm3Start.o (cyfitter_cfg)
.\CortexM3\ARM_GCC_473\Debug\Sensor_Node.a(UART_SoilMoisture_Decagon.o)
                              .\CortexM3\ARM_GCC_473\Debug\main.o (UART_SoilMoisture_Decagon_Start)
.\CortexM3\ARM_GCC_473\Debug\Sensor_Node.a(UART_Ultrasonic_Maxbotix.o)
                              .\CortexM3\ARM_GCC_473\Debug\main.o (UART_Ultrasonic_Maxbotix_Start)
.\CortexM3\ARM_GCC_473\Debug\Sensor_Node.a(isr_Ultrasonic_Maxbotix.o)
                              .\CortexM3\ARM_GCC_473\Debug\Ultrasonic_Maxbotix.o (isr_Ultrasonic_Maxbotix_StartEx)
.\CortexM3\ARM_GCC_473\Debug\Sensor_Node.a(Decagon_Sensor_Power.o)
                              .\CortexM3\ARM_GCC_473\Debug\SoilMoisture_Decagon.o (Decagon_Sensor_Power_Write)
.\CortexM3\ARM_GCC_473\Debug\Sensor_Node.a(isr_SoilMoisture_Decagon.o)
                              .\CortexM3\ARM_GCC_473\Debug\SoilMoisture_Decagon.o (isr_SoilMoisture_Decagon_StartEx)
.\CortexM3\ARM_GCC_473\Debug\Sensor_Node.a(UART_SoilMoisture_Decagon_IntClock.o)
                              .\CortexM3\ARM_GCC_473\Debug\Sensor_Node.a(UART_SoilMoisture_Decagon.o) (UART_SoilMoisture_Decagon_IntClock_Start)
.\CortexM3\ARM_GCC_473\Debug\Sensor_Node.a(UART_Ultrasonic_Maxbotix_IntClock.o)
                              .\CortexM3\ARM_GCC_473\Debug\Sensor_Node.a(UART_Ultrasonic_Maxbotix.o) (UART_Ultrasonic_Maxbotix_IntClock_Start)
.\CortexM3\ARM_GCC_473\Debug\Sensor_Node.a(NEOMOTE_1_SD_Card_Power.o)
                              .\CortexM3\ARM_GCC_473\Debug\main.o (NEOMOTE_1_SD_Card_Power_Write)
.\CortexM3\ARM_GCC_473\Debug\Sensor_Node.a(CyBootAsmGnu.o)
                              .\CortexM3\ARM_GCC_473\Debug\Sensor_Node.a(cyfitter_cfg.o) (CyDelayCycles)
.\CortexM3\ARM_GCC_473\Debug\Sensor_Node.a(CyLib.o)
                              .\CortexM3\ARM_GCC_473\Debug\Cm3Start.o (CyResetStatus)
.\CortexM3\ARM_GCC_473\Debug\Sensor_Node.a(cyPm.o)
                              .\CortexM3\ARM_GCC_473\Debug\Sensor_Node.a(CyLib.o) (CyPmReadStatus)
.\CortexM3\ARM_GCC_473\Debug\Sensor_Node.a(CyFlash.o)
                              .\CortexM3\ARM_GCC_473\Debug\Sensor_Node.a(cyPm.o) (CyFlash_SetWaitCycles)
.\CortexM3\ARM_GCC_473\Debug\Sensor_Node.a(CySpc.o)
                              .\CortexM3\ARM_GCC_473\Debug\Sensor_Node.a(CyFlash.o) (CySpcStart)
..\..\..\neolib\libneomote.a(Mote_API.o)
                              .\CortexM3\ARM_GCC_473\Debug\main.o (Mote_Start)
..\..\..\neolib\libneomote.a(OskiSerial.o)
                              ..\..\..\neolib\libneomote.a(Mote_API.o) (InitComPort)
..\..\..\neolib\libneomote.a(OskiStateMachine.o)
                              ..\..\..\neolib\libneomote.a(Mote_API.o) (oskiInitialize)
..\..\..\neolib\libneomote.a(NeoRTC.o)
                              .\CortexM3\ARM_GCC_473\Debug\main.o (NeoRTC_Start)
..\..\..\neolib\libneomote.a(fcs.o)
                              ..\..\..\neolib\libneomote.a(OskiSerial.o) (fcs_calc)
..\..\..\neolib\libneomote.a(OskiHdlc.o)
                              ..\..\..\neolib\libneomote.a(OskiStateMachine.o) (genOskiPacketForSerial)
..\..\..\neolib\libneomote.a(NeoI2C.o)
                              ..\..\..\neolib\libneomote.a(NeoRTC.o) (NeoI2C_Start)
..\..\..\emFile_V322b\LinkLibrary\PSoC5\GCC\libemf32nosnlfn.a(FS_Core.o)
                              .\CortexM3\ARM_GCC_473\Debug\main.o (FS_DeInit)
..\..\..\emFile_V322b\LinkLibrary\PSoC5\GCC\libemf32nosnlfn.a(FS_Misc.o)
                              .\CortexM3\ARM_GCC_473\Debug\main.o (FS_Init)
..\..\..\emFile_V322b\LinkLibrary\PSoC5\GCC\libemf32nosnlfn.a(FS_Storage.o)
                              .\CortexM3\ARM_GCC_473\Debug\main.o (FS_GetVolumeName)
..\..\..\emFile_V322b\LinkLibrary\PSoC5\GCC\libemf32nosnlfn.a(FS_Unmount.o)
                              ..\..\..\emFile_V322b\LinkLibrary\PSoC5\GCC\libemf32nosnlfn.a(FS_Misc.o) (FS__UnmountForcedNL)
..\..\..\emFile_V322b\LinkLibrary\PSoC5\GCC\libemf32nosnlfn.a(FS_Volume.o)
                              ..\..\..\emFile_V322b\LinkLibrary\PSoC5\GCC\libemf32nosnlfn.a(FS_Misc.o) (FS__AutoMount)
..\..\..\emFile_V322b\LinkLibrary\PSoC5\GCC\libemf32nosnlfn.a(FS_Write.o)
                              .\CortexM3\ARM_GCC_473\Debug\main.o (FS_Write)
..\..\..\emFile_V322b\LinkLibrary\PSoC5\GCC\libemf32nosnlfn.a(FAT_CheckDisk.o)
                              ..\..\..\emFile_V322b\LinkLibrary\PSoC5\GCC\libemf32nosnlfn.a(FS_Volume.o) (FS_FAT__CheckDisk)
..\..\..\emFile_V322b\LinkLibrary\PSoC5\GCC\libemf32nosnlfn.a(FAT_Dir.o)
                              ..\..\..\emFile_V322b\LinkLibrary\PSoC5\GCC\libemf32nosnlfn.a(FAT_CheckDisk.o) (FS_FAT_CreateDirEx)
..\..\..\emFile_V322b\LinkLibrary\PSoC5\GCC\libemf32nosnlfn.a(FAT_DiskInfo.o)
[...]
Memory Configuration

Name             Origin             Length             Attributes
rom              0x00000000         0x00040000         xr
ram              0x1fff8000         0x00010000         xrw
*default*        0x00000000         0xffffffff

Linker script and memory map

LOAD c:/program files (x86)/cypress/psoc creator/3.0/psoc creator/import/gnu_cs/arm/4.7.3/bin/../lib/gcc/arm-none-eabi/4.7.3/armv7-m/crti.o
LOAD c:/program files (x86)/cypress/psoc creator/3.0/psoc creator/import/gnu_cs/arm/4.7.3/bin/../lib/gcc/arm-none-eabi/4.7.3/armv7-m/crtbegin.o
LOAD c:/program files (x86)/cypress/psoc creator/3.0/psoc creator/import/gnu_cs/arm/4.7.3/bin/../lib/gcc/arm-none-eabi/4.7.3/../../../../arm-none-eabi/lib/armv7-m/crt0.o
START GROUP
LOAD .\CortexM3\ARM_GCC_473\Debug\main.o
LOAD .\CortexM3\ARM_GCC_473\Debug\Ultrasonic_Maxbotix.o
LOAD .\CortexM3\ARM_GCC_473\Debug\SoilMoisture_Decagon.o
LOAD .\CortexM3\ARM_GCC_473\Debug\cymetadata.o
LOAD .\CortexM3\ARM_GCC_473\Debug\Cm3Start.o
LOAD .\CortexM3\ARM_GCC_473\Debug\Sensor_Node.a
LOAD C:\Program Files (x86)\Cypress\PSoC Creator\3.0\PSoC Creator\psoc\content\cycomponentlibrary\CyComponentLibrary.cylib\CortexM3\ARM_GCC_473\Debug\CyComponentLibrary.a
LOAD ..\..\..\neolib\libneomote.a
LOAD ..\..\..\emFile_V322b\LinkLibrary\PSoC5\GCC\libemf32nosnlfn.a
END GROUP
START GROUP
LOAD c:/program files (x86)/cypress/psoc creator/3.0/psoc creator/import/gnu_cs/arm/4.7.3/bin/../lib/gcc/arm-none-eabi/4.7.3/armv7-m\libgcc.a
LOAD c:/program files (x86)/cypress/psoc creator/3.0/psoc creator/import/gnu_cs/arm/4.7.3/bin/../lib/gcc/arm-none-eabi/4.7.3/../../../../arm-none-eabi/lib/armv7-m\libg.a
LOAD c:/program files (x86)/cypress/psoc creator/3.0/psoc creator/import/gnu_cs/arm/4.7.3/bin/../lib/gcc/arm-none-eabi/4.7.3/../../../../arm-none-eabi/lib/armv7-m\libc.a
END GROUP
LOAD c:/program files (x86)/cypress/psoc creator/3.0/psoc creator/import/gnu_cs/arm/4.7.3/bin/../lib/gcc/arm-none-eabi/4.7.3/armv7-m/crtend.o
LOAD c:/program files (x86)/cypress/psoc creator/3.0/psoc creator/import/gnu_cs/arm/4.7.3/bin/../lib/gcc/arm-none-eabi/4.7.3/armv7-m/crtn.o
START GROUP
LOAD c:/program files (x86)/cypress/psoc creator/3.0/psoc creator/import/gnu_cs/arm/4.7.3/bin/../lib/gcc/arm-none-eabi/4.7.3/armv7-m\libgcc.a
LOAD c:/program files (x86)/cypress/psoc creator/3.0/psoc creator/import/gnu_cs/arm/4.7.3/bin/../lib/gcc/arm-none-eabi/4.7.3/../../../../arm-none-eabi/lib/armv7-m\libc.a
LOAD c:/program files (x86)/cypress/psoc creator/3.0/psoc creator/import/gnu_cs/arm/4.7.3/bin/../lib/gcc/arm-none-eabi/4.7.3/../../../../arm-none-eabi/lib/armv7-m\libnosys.a
END GROUP
                0x00000000                CY_APPL_ORIGIN = 0x0
                0x00000100                CY_FLASH_ROW_SIZE = 0x100
                0x00000020                CY_ECC_ROW_SIZE = 0x20
                0x00000000                CY_EE_IN_BTLDR = 0x0
                0x00000000                CY_APPL_LOADABLE = 0x0
                0x00000800                CY_EE_SIZE = 0x800
                0x00000001                CY_APPL_NUM = 0x1
                0x00000001                CY_APPL_MAX = 0x1
                0x00000040                CY_METADATA_SIZE = 0x40
                0x1fffa430                PROVIDE (__cy_heap_start, _end)
                0x00000001                PROVIDE (__cy_region_num, ((__cy_regions_end - __cy_regions) / 0x10))
                0x20008000                PROVIDE (__cy_stack, (ORIGIN (ram) + 0x10000))
                0x20004000                PROVIDE (__cy_heap_end, (__cy_stack - 0x4000))

.cybootloader   0x00000000        0x0
 *(.cybootloader)
                0x00000000                appl1_start = CY_APPL_ORIGIN?CY_APPL_ORIGIN:ALIGN (CY_FLASH_ROW_SIZE)
                0x0001ff00                appl2_start = (appl1_start + ALIGN ((((0x40000 - appl1_start) - (0x2 * CY_FLASH_ROW_SIZE)) / 0x2), CY_FLASH_ROW_SIZE))
                0x00000000                appl_start = (CY_APPL_NUM == 0x1)?appl1_start:appl2_start
                0x00000000                ecc_offset = ((appl_start / CY_FLASH_ROW_SIZE) * CY_ECC_ROW_SIZE)
                0x00000000                ee_offset = (CY_APPL_LOADABLE && ! (CY_EE_IN_BTLDR))?((CY_EE_SIZE / CY_APPL_MAX) * (CY_APPL_NUM - 0x1)):0x0
                0x00000800                ee_size = (CY_APPL_LOADABLE && ! (CY_EE_IN_BTLDR))?(CY_EE_SIZE / CY_APPL_MAX):CY_EE_SIZE
                0x00000000                PROVIDE (CY_ECC_OFFSET, ecc_offset)

.text           0x00000000     0xfc04
 CREATE_OBJECT_SYMBOLS
                0x00000000                PROVIDE (__cy_interrupt_vector, RomVectors)
 *(.romvectors)
 .romvectors    0x00000000       0x10 .\CortexM3\ARM_GCC_473\Debug\Cm3Start.o
                0x00000000                RomVectors
                0x00000001                ASSERT ((. != __cy_interrupt_vector), No interrupt vector)
                0x00000001                ASSERT (CY_APPL_ORIGIN?(SIZEOF (.cybootloader) <= CY_APPL_ORIGIN):0x1, Wrong image location)
                0x00000010                PROVIDE (__cy_reset, Reset)
 *(.text.Reset)
 .text.Reset    0x00000010       0x1c .\CortexM3\ARM_GCC_473\Debug\Cm3Start.o
                0x00000010                Reset
                0x00000001                ASSERT ((. != __cy_reset), No reset code)
 *(.dma_init)
                0x00000001                ASSERT ((((appl_start + .) <= 0x10000) || 0x1), DMA Init must be within the first 64k of flash)
 *(.text .text.* .gnu.linkonce.t.*)
 .text          0x0000002c       0x54 c:/program files (x86)/cypress/psoc creator/3.0/psoc creator/import/gnu_cs/arm/4.7.3/bin/../lib/gcc/arm-none-eabi/4.7.3/armv7-m/crtbegin.o
 .text.TakeReading
                0x00000080       0x68 .\CortexM3\ARM_GCC_473\Debug\main.o
                0x00000080                TakeReading
 .text.moteNotificationReceived
                0x000000e8       0x34 .\CortexM3\ARM_GCC_473\Debug\main.o
                0x000000e8                moteNotificationReceived
 .text.main     0x0000011c       0x5c .\CortexM3\ARM_GCC_473\Debug\main.o
                0x0000011c                main
 .text.rtcCallBackReceived
                0x00000178       0xbc .\CortexM3\ARM_GCC_473\Debug\main.o
                0x00000178                rtcCallBackReceived
 .text.IntUartRx_M
                0x00000234       0x5c .\CortexM3\ARM_GCC_473\Debug\Ultrasonic_Maxbotix.o
                0x00000234                IntUartRx_M
 .text.Ultrasonic_Maxbotix_Convert_Raw_Reading
                0x00000290       0xe8 .\CortexM3\ARM_GCC_473\Debug\Ultrasonic_Maxbotix.o
                0x00000290                Ultrasonic_Maxbotix_Convert_Raw_Reading
 .text.Ultrasonic_Maxbotix_Take_Reading
                0x00000378       0x58 .\CortexM3\ARM_GCC_473\Debug\Ultrasonic_Maxbotix.o
                0x00000378                Ultrasonic_Maxbotix_Take_Reading
 .text.IntUartRx_D
                0x000003d0       0x5c .\CortexM3\ARM_GCC_473\Debug\SoilMoisture_Decagon.o
                0x000003d0                IntUartRx_D
 .text.SoilMoisture_Decagon_Convert_Raw_Reading
                0x0000042c       0x64 .\CortexM3\ARM_GCC_473\Debug\SoilMoisture_Decagon.o
                0x0000042c                SoilMoisture_Decagon_Convert_Raw_Reading
 .text.SoilMoisture_Decagon_Take_Reading
                0x00000490       0x70 .\CortexM3\ARM_GCC_473\Debug\SoilMoisture_Decagon.o
                0x00000490                SoilMoisture_Decagon_Take_Reading
 .text.IntDefaultHandler
                0x00000500        0x8 .\CortexM3\ARM_GCC_473\Debug\Cm3Start.o
                0x00000500                IntDefaultHandler
 .text.Start_c  0x00000508       0xcc .\CortexM3\ARM_GCC_473\Debug\Cm3Start.o
                0x00000508                Start_c
 .text.initialize_psoc
                0x000005d4       0xb4 .\CortexM3\ARM_GCC_473\Debug\Cm3Start.o
                0x000005d4                initialize_psoc
 .text.CYMEMZERO
                0x00000688       0x20 .\CortexM3\ARM_GCC_473\Debug\Sensor_Node.a(cyfitter_cfg.o)
 .text.CYCONFIGCPY
                0x000006a8       0x20 .\CortexM3\ARM_GCC_473\Debug\Sensor_Node.a(cyfitter_cfg.o)
 .text.CyClockStartupError
                0x000006c8        0xc .\CortexM3\ARM_GCC_473\Debug\Sensor_Node.a(cyfitter_cfg.o)
 .text.cfg_write_bytes32
                0x000006d4       0x84 .\CortexM3\ARM_GCC_473\Debug\Sensor_Node.a(cyfitter_cfg.o)
 .text.ClockSetup
                0x00000758      0x1dc .\CortexM3\ARM_GCC_473\Debug\Sensor_Node.a(cyfitter_cfg.o)
 .text.AnalogSetDefault
                0x00000934       0x50 .\CortexM3\ARM_GCC_473\Debug\Sensor_Node.a(cyfitter_cfg.o)
 .text.cyfitter_cfg
                0x00000984      0x254 .\CortexM3\ARM_GCC_473\Debug\Sensor_Node.a(cyfitter_cfg.o)
                0x00000984                cyfitter_cfg
 .text.UART_SoilMoisture_Decagon_Start
                0x00000bd8       0x2c .\CortexM3\ARM_GCC_473\Debug\Sensor_Node.a(UART_SoilMoisture_Decagon.o)
                0x00000bd8                UART_SoilMoisture_Decagon_Start
 .text.UART_SoilMoisture_Decagon_Init
                0x00000c04       0x28 .\CortexM3\ARM_GCC_473\Debug\Sensor_Node.a(UART_SoilMoisture_Decagon.o)
                0x00000c04                UART_SoilMoisture_Decagon_Init
 .text.UART_SoilMoisture_Decagon_Enable
                0x00000c2c       0x5c .\CortexM3\ARM_GCC_473\Debug\Sensor_Node.a(UART_SoilMoisture_Decagon.o)
                0x00000c2c                UART_SoilMoisture_Decagon_Enable
 .text.UART_SoilMoisture_Decagon_GetChar
                0x00000c88       0x4c .\CortexM3\ARM_GCC_473\Debug\Sensor_Node.a(UART_SoilMoisture_Decagon.o)
                0x00000c88                UART_SoilMoisture_Decagon_GetChar
 .text.UART_Ultrasonic_Maxbotix_Start
                0x00000cd4       0x2c .\CortexM3\ARM_GCC_473\Debug\Sensor_Node.a(UART_Ultrasonic_Maxbotix.o)
                0x00000cd4                UART_Ultrasonic_Maxbotix_Start
 .text.UART_Ultrasonic_Maxbotix_Init
                0x00000d00       0x28 .\CortexM3\ARM_GCC_473\Debug\Sensor_Node.a(UART_Ultrasonic_Maxbotix.o)
                0x00000d00                UART_Ultrasonic_Maxbotix_Init
 .text.UART_Ultrasonic_Maxbotix_Enable
                0x00000d28       0x5c .\CortexM3\ARM_GCC_473\Debug\Sensor_Node.a(UART_Ultrasonic_Maxbotix.o)
                0x00000d28                UART_Ultrasonic_Maxbotix_Enable
 .text.UART_Ultrasonic_Maxbotix_GetChar
                0x00000d84       0x4c .\CortexM3\ARM_GCC_473\Debug\Sensor_Node.a(UART_Ultrasonic_Maxbotix.o)
                0x00000d84                UART_Ultrasonic_Maxbotix_GetChar
 .text.isr_Ultrasonic_Maxbotix_StartEx
                0x00000dd0       0x28 .\CortexM3\ARM_GCC_473\Debug\Sensor_Node.a(isr_Ultrasonic_Maxbotix.o)
                0x00000dd0                isr_Ultrasonic_Maxbotix_StartEx
 .text.isr_Ultrasonic_Maxbotix_Stop
                0x00000df8       0x18 .\CortexM3\ARM_GCC_473\Debug\Sensor_Node.a(isr_Ultrasonic_Maxbotix.o)
                0x00000df8                isr_Ultrasonic_Maxbotix_Stop
 .text.isr_Ultrasonic_Maxbotix_SetVector
                0x00000e10       0x28 .\CortexM3\ARM_GCC_473\Debug\Sensor_Node.a(isr_Ultrasonic_Maxbotix.o)
                0x00000e10                isr_Ultrasonic_Maxbotix_SetVector
 .text.isr_Ultrasonic_Maxbotix_SetPriority
                0x00000e38       0x28 .\CortexM3\ARM_GCC_473\Debug\Sensor_Node.a(isr_Ultrasonic_Maxbotix.o)
                0x00000e38                isr_Ultrasonic_Maxbotix_SetPriority
 .text.isr_Ultrasonic_Maxbotix_Enable
                0x00000e60       0x18 .\CortexM3\ARM_GCC_473\Debug\Sensor_Node.a(isr_Ultrasonic_Maxbotix.o)
                0x00000e60                isr_Ultrasonic_Maxbotix_Enable
 .text.isr_Ultrasonic_Maxbotix_Disable
                0x00000e78       0x18 .\CortexM3\ARM_GCC_473\Debug\Sensor_Node.a(isr_Ultrasonic_Maxbotix.o)
                0x00000e78                isr_Ultrasonic_Maxbotix_Disable
 .text.Decagon_Sensor_Power_Write
                0x00000e90       0x40 .\CortexM3\ARM_GCC_473\Debug\Sensor_Node.a(Decagon_Sensor_Power.o)
                0x00000e90                Decagon_Sensor_Power_Write
 .text.isr_SoilMoisture_Decagon_StartEx
                0x00000ed0       0x28 .\CortexM3\ARM_GCC_473\Debug\Sensor_Node.a(isr_SoilMoisture_Decagon.o)
                0x00000ed0                isr_SoilMoisture_Decagon_StartEx
 .text.isr_SoilMoisture_Decagon_Stop
                0x00000ef8       0x18 .\CortexM3\ARM_GCC_473\Debug\Sensor_Node.a(isr_SoilMoisture_Decagon.o)
                0x00000ef8                isr_SoilMoisture_Decagon_Stop
 .text.isr_SoilMoisture_Decagon_SetVector
                0x00000f10       0x28 .\CortexM3\ARM_GCC_473\Debug\Sensor_Node.a(isr_SoilMoisture_Decagon.o)
                0x00000f10                isr_SoilMoisture_Decagon_SetVector
 .text.isr_SoilMoisture_Decagon_SetPriority
                0x00000f38       0x28 .\CortexM3\ARM_GCC_473\Debug\Sensor_Node.a(isr_SoilMoisture_Decagon.o)
                0x00000f38                isr_SoilMoisture_Decagon_SetPriority
 .text.isr_SoilMoisture_Decagon_Enable
                0x00000f60       0x18 .\CortexM3\ARM_GCC_473\Debug\Sensor_Node.a(isr_SoilMoisture_Decagon.o)
                0x00000f60                isr_SoilMoisture_Decagon_Enable
 .text.isr_SoilMoisture_Decagon_Disable
                0x00000f78       0x18 .\CortexM3\ARM_GCC_473\Debug\Sensor_Node.a(isr_SoilMoisture_Decagon.o)
                0x00000f78                isr_SoilMoisture_Decagon_Disable
 .text.UART_SoilMoisture_Decagon_IntClock_Start
                0x00000f90       0x44 .\CortexM3\ARM_GCC_473\Debug\Sensor_Node.a(UART_SoilMoisture_Decagon_IntClock.o)
                0x00000f90                UART_SoilMoisture_Decagon_IntClock_Start
 .text.UART_Ultrasonic_Maxbotix_IntClock_Start
                0x00000fd4       0x44 .\CortexM3\ARM_GCC_473\Debug\Sensor_Node.a(UART_Ultrasonic_Maxbotix_IntClock.o)
                0x00000fd4                UART_Ultrasonic_Maxbotix_IntClock_Start
 .text          0x00001018       0x28 .\CortexM3\ARM_GCC_473\Debug\Sensor_Node.a(CyBootAsmGnu.o)
                0x00001018                CyDelayCycles
                0x0000102c                CyEnterCriticalSection
                0x00001034                CyExitCriticalSection
 .text.CyHalt   0x00001040       0x18 .\CortexM3\ARM_GCC_473\Debug\Sensor_Node.a(CyLib.o)
                0x00001040                CyHalt
 .text.CyDelay  0x00001058       0x48 .\CortexM3\ARM_GCC_473\Debug\Sensor_Node.a(CyLib.o)
                0x00001058                CyDelay
 .text.CyDelayUs
                0x000010a0       0x28 .\CortexM3\ARM_GCC_473\Debug\Sensor_Node.a(CyLib.o)
                0x000010a0                CyDelayUs
 .text.CyIntSetVector
                0x000010c8       0x60 .\CortexM3\ARM_GCC_473\Debug\Sensor_Node.a(CyLib.o)
                0x000010c8                CyIntSetVector
 .text.CyIntSetPriority
                0x00001128       0x4c .\CortexM3\ARM_GCC_473\Debug\Sensor_Node.a(CyLib.o)
                0x00001128                CyIntSetPriority
 .text          0x00001174      0x310 ..\..\..\neolib\libneomote.a(Mote_API.o)
                0x00001174                Mote_Serial_Busy
                0x0000119c                Mote_Process_Notification
                0x000011b4                UpdateMoteState
                0x000011cc                Mote_Has_Packets_In_Queue
                0x000011f0                Mote_Process_Queue
                0x0000121c                vMoteUART_RX_INT
                0x0000125c                vMoteUART_RX_RTSN_INT
                0x000012a8                PACKET_DELAY_INT
                0x000012c4                Mote_Start
                0x0000134c                Mote_Reset
                0x00001358                Mote_Sleep
                0x00001368                Mote_Wakeup
                0x0000137c                Mote_Process_Tasks
                0x000013f8                Mote_Send_Packet
                0x0000141c                Mote_Hardware_Busy
                0x0000144c                Mote_Get_State
 .text          0x00001484      0x3dc ..\..\..\neolib\libneomote.a(OskiSerial.o)
                0x00001484                InitComPort
                0x000014a8                clearPacket
                0x000014ec                parseStoredPacket
                0x0000164c                sendHDLCPacket
                0x000017f0                ProcessHDLCPacket
 .text          0x00001860      0xa84 ..\..\..\neolib\libneomote.a(OskiStateMachine.o)
                0x00001860                oskiInitialize
                0x00001894                resetOski
                0x000018d0                sendJoinRequest
                0x0000190c                requestSocket
                0x00001950                bindSocketToPort
                0x000019a4                closeSocket
                0x000019ec                getParameter
                0x00001a34                getStatus
                0x00001a70                oski_send_packet
                0x00001c10                checkHardware
                0x00001c74                processNotificationFromOski
                0x00002090                clearQueuePacket
                0x0000211c                packetQueueClear
                0x00002160                packetQueuePush
                0x000021f4                packetQueuePop
                0x00002288                processQueue
 .text          0x000022e4      0xbdc ..\..\..\neolib\libneomote.a(NeoRTC.o)
                0x000022e4                NeoRTC_Start
                0x000022fc                NeoRTC_Sleep
                0x00002308                NeoRTC_Wakeup
                0x00002314                NeoRTC_Process_Tasks
                0x00002324                NeoRTC_Set_Repeating_Minute_Alarm
                0x00002340                NeoRTC_Enable_Second_Interrupt
                0x0000234c                NeoRTC_Disable_Second_Interrupt
                0x00002358                NeoRTC_WriteTime
                0x00002378                NeoRTC_WriteTimeUtc
                0x00002390                NeoRTC_Read_Time
                0x000023ac                RTC_Start
                0x000023d8                RTC_Start_noOS
                0x000023f0                RTC_Sleep
                0x000023fc                RTC_Wakeup
                0x00002408                RTC_Process_Tasks
                0x00002428                RTC_WriteTime
                0x000024ac                RTC_WriteTimeUtc
                0x000024d4                RTC_Epoch_To_TimeStruct
                0x0000254c                RTC_Read_Time
                0x000025fc                RTC_Clear_Control_Registers
                0x00002628                CheckBackupBattery
                0x00002658                RTC_Hardware_Busy
                0x00002670                RTC_ReadByteFromRegister
                0x00002694                RTC_ReadSuccessiveBytesStartingAtRegister
                0x000026c0                RTC_WriteByteToRegister
                0x000026e8                RTC_WriteSuccessiveBytesStartingAtRegister
                0x00002710                vRTC_INT1_ISR
                0x0000271c                RTC_Set_Next_Repeating_MinuteAlarm
                0x000027b4                RTC_Set_Repeating_Minute_Alarm
                0x000027f8                RTC_Enable_Second_Interrupt
                0x00002828                RTC_Clear_Second_Interrupt
                0x00002858                RTC_Disable_Second_Interrupt
                0x00002888                RTC_Disable_Clockout
                0x000028b8                RTC_Process_Int1
                0x00002920                task_ProcessRTC
                0x0000296c                RTC_Read_Seconds
                0x00002988                RTC_Read_Minutes
                0x000029a4                RTC_Read_Hours24
                0x000029c0                RTC_Read_Days
                0x000029dc                RTC_Read_WeekDays
                0x000029f8                RTC_Read_Months
                0x00002a14                RTC_Read_Years
                0x00002a34                RTC_Write_Seconds
                0x00002a68                RTC_Write_Minutes
                0x00002a9c                RTC_Write_Hours24
                0x00002ad0                RTC_Write_Days
                0x00002b04                RTC_Write_WeekDays
                0x00002b38                RTC_Write_Months
                0x00002b6c                RTC_Write_Years
                0x00002b9c                Byte_To_BCD
                0x00002be4                Sec_Byte_To_BCD
                0x00002c30                Min_Byte_To_BCD
                0x00002c58                Hour24_Byte_To_BCD
                0x00002c80                Day_Byte_To_BCD
                0x00002ca8                WeekDay_Byte_To_BCD
                0x00002cc8                Month_Byte_To_BCD
                0x00002cf0                Year_Byte_To_BCD
                0x00002d18                BCD_To_Byte
                0x00002db0                Sec_BCD_To_Byte
                0x00002dd8                Min_BCD_To_Byte
                0x00002e00                Hour24_BCD_To_Byte
                0x00002e28                Day_BCD_To_Byte
                0x00002e50                WeekDay_BCD_To_Byte
                0x00002e70                Month_BCD_To_Byte
                0x00002e98                Year_BCD_To_Byte
 .text          0x00002ec0      0x10c ..\..\..\neolib\libneomote.a(fcs.o)
                0x00002ec0                fcs_fcs16
                0x00002efc                fcs_calc
                0x00002f5c                fcs_compare
 .text          0x00002fcc      0x1ac ..\..\..\neolib\libneomote.a(OskiHdlc.o)
                0x00002fcc                genOskiPacketForSerial
                0x00003050                genOskiAck
                0x000030d8                parseOskiHDLC
 .text          0x00003178      0x240 ..\..\..\neolib\libneomote.a(NeoI2C.o)
                0x00003178                NeoI2C_Start
                0x00003184                NeoI2C_Write
                0x000031fc                NeoI2C_WriteByteToRegister
                0x00003230                NeoI2C_WriteSuccessiveBytesToRegister
                0x000032f4                NeoI2C_Read
                0x00003340                NeoI2C_ReadByteFromRegister
                0x0000337c                NeoI2C_ReadSuccessiveBytesStartingAtRegister
 .text.FS_LoadU32BE
                0x000033b8       0x18 ..\..\..\emFile_V322b\LinkLibrary\PSoC5\GCC\libemf32nosnlfn.a(FS_Core.o)
                0x000033b8                FS_LoadU32BE
 .text._Alloc   0x000033d0       0x30 ..\..\..\emFile_V322b\LinkLibrary\PSoC5\GCC\libemf32nosnlfn.a(FS_Core.o)
 .text.FS_Alloc
                0x00003400        0xc ..\..\..\emFile_V322b\LinkLibrary\PSoC5\GCC\libemf32nosnlfn.a(FS_Core.o)
                0x00003400                FS_Alloc
 .text.FS_TryAlloc
                0x0000340c        0x4 ..\..\..\emFile_V322b\LinkLibrary\PSoC5\GCC\libemf32nosnlfn.a(FS_Core.o)
                0x0000340c                FS_TryAlloc
 .text.FS_Free  0x00003410       0x1c ..\..\..\emFile_V322b\LinkLibrary\PSoC5\GCC\libemf32nosnlfn.a(FS_Core.o)
                0x00003410                FS_Free
 .text.FS_AssignMemory
                0x0000342c        0xc ..\..\..\emFile_V322b\LinkLibrary\PSoC5\GCC\libemf32nosnlfn.a(FS_Core.o)
                0x0000342c                FS_AssignMemory
 .text.FS_AllocZeroed
                0x00003438       0x16 ..\..\..\emFile_V322b\LinkLibrary\PSoC5\GCC\libemf32nosnlfn.a(FS_Core.o)
                0x00003438                FS_AllocZeroed
 *fill*         0x0000344e        0x2 00
 .text.FS_STORAGE_Init
                0x00003450       0x28 ..\..\..\emFile_V322b\LinkLibrary\PSoC5\GCC\libemf32nosnlfn.a(FS_Core.o)
                0x00003450                FS_STORAGE_Init
 .text.FS_Init  0x00003478       0x58 ..\..\..\emFile_V322b\LinkLibrary\PSoC5\GCC\libemf32nosnlfn.a(FS_Misc.o)
                0x00003478                FS_Init
 .text.FS__AddPhysDevice
                0x000034d0       0x10 ..\..\..\emFile_V322b\LinkLibrary\PSoC5\GCC\libemf32nosnlfn.a(FS_Storage.o)
                0x000034d0                FS__AddPhysDevice
 .text.FS__AddDevice
                0x000034e0       0x68 ..\..\..\emFile_V322b\LinkLibrary\PSoC5\GCC\libemf32nosnlfn.a(FS_Storage.o)
                0x000034e0                FS__AddDevice
 .text.FS_AddDevice
                0x00003548        0x4 ..\..\..\emFile_V322b\LinkLibrary\PSoC5\GCC\libemf32nosnlfn.a(FS_Storage.o)
                0x00003548                FS_AddDevice
 .text.FS__CLIB_memset
                0x0000354c       0x6c ..\..\..\emFile_V322b\LinkLibrary\PSoC5\GCC\libemf32nosnlfn.a(FS_CLib.o)
                0x0000354c                FS__CLIB_memset
 .text.FS_X_AddDevices
                0x000035b8       0x24 .\CortexM3\ARM_GCC_473\Debug\Sensor_Node.a(emFile_1_ConfigMMC_SPI.o)
                0x000035b8                FS_X_AddDevices
 .text.NEOMOTE_1_UART_MOTE_Start
                0x000035dc       0x2c .\CortexM3\ARM_GCC_473\Debug\Sensor_Node.a(NEOMOTE_1_UART_MOTE.o)
                0x000035dc                NEOMOTE_1_UART_MOTE_Start
 .text.NEOMOTE_1_UART_MOTE_Init
                0x00003608       0x50 .\CortexM3\ARM_GCC_473\Debug\Sensor_Node.a(NEOMOTE_1_UART_MOTE.o)
                0x00003608                NEOMOTE_1_UART_MOTE_Init
 .text.NEOMOTE_1_UART_MOTE_Enable
                0x00003658       0x78 .\CortexM3\ARM_GCC_473\Debug\Sensor_Node.a(NEOMOTE_1_UART_MOTE.o)
                0x00003658                NEOMOTE_1_UART_MOTE_Enable
 .text.NEOMOTE_1_UART_MOTE_Stop
                0x000036d0       0x78 .\CortexM3\ARM_GCC_473\Debug\Sensor_Node.a(NEOMOTE_1_UART_MOTE.o)
                0x000036d0                NEOMOTE_1_UART_MOTE_Stop
 .text.NEOMOTE_1_UART_MOTE_ReadRxData
                0x00003748       0x20 .\CortexM3\ARM_GCC_473\Debug\Sensor_Node.a(NEOMOTE_1_UART_MOTE.o)
                0x00003748                NEOMOTE_1_UART_MOTE_ReadRxData
 .text.NEOMOTE_1_UART_MOTE_ClearRxBuffer
                0x00003768       0x58 .\CortexM3\ARM_GCC_473\Debug\Sensor_Node.a(NEOMOTE_1_UART_MOTE.o)
                0x00003768                NEOMOTE_1_UART_MOTE_ClearRxBuffer
 .text.NEOMOTE_1_UART_MOTE_ReadTxStatus
                0x000037c0       0x18 .\CortexM3\ARM_GCC_473\Debug\Sensor_Node.a(NEOMOTE_1_UART_MOTE.o)
                0x000037c0                NEOMOTE_1_UART_MOTE_ReadTxStatus
 .text.NEOMOTE_1_UART_MOTE_PutChar
                0x000037d8       0x38 .\CortexM3\ARM_GCC_473\Debug\Sensor_Node.a(NEOMOTE_1_UART_MOTE.o)
                0x000037d8                NEOMOTE_1_UART_MOTE_PutChar
 .text.NEOMOTE_1_UART_MOTE_ClearTxBuffer
                0x00003810       0x58 .\CortexM3\ARM_GCC_473\Debug\Sensor_Node.a(NEOMOTE_1_UART_MOTE.o)
                0x00003810                NEOMOTE_1_UART_MOTE_ClearTxBuffer
 .text.NEOMOTE_1_UART_MOTE_SaveConfig
                0x00003868        0xc .\CortexM3\ARM_GCC_473\Debug\Sensor_Node.a(NEOMOTE_1_UART_MOTE_PM.o)
                0x00003868                NEOMOTE_1_UART_MOTE_SaveConfig
 .text.NEOMOTE_1_UART_MOTE_RestoreConfig
                0x00003874        0xc .\CortexM3\ARM_GCC_473\Debug\Sensor_Node.a(NEOMOTE_1_UART_MOTE_PM.o)
                0x00003874                NEOMOTE_1_UART_MOTE_RestoreConfig
 .text.NEOMOTE_1_UART_MOTE_Sleep
                0x00003880       0x40 .\CortexM3\ARM_GCC_473\Debug\Sensor_Node.a(NEOMOTE_1_UART_MOTE_PM.o)
                0x00003880                NEOMOTE_1_UART_MOTE_Sleep
 .text.NEOMOTE_1_UART_MOTE_Wakeup
                0x000038c0       0x24 .\CortexM3\ARM_GCC_473\Debug\Sensor_Node.a(NEOMOTE_1_UART_MOTE_PM.o)
                0x000038c0                NEOMOTE_1_UART_MOTE_Wakeup
 .text.NEOMOTE_1_isr_RX_StartEx
                0x000038e4       0x28 .\CortexM3\ARM_GCC_473\Debug\Sensor_Node.a(NEOMOTE_1_isr_RX.o)
                0x000038e4                NEOMOTE_1_isr_RX_StartEx
 .text.NEOMOTE_1_isr_RX_SetVector
                0x0000390c       0x28 .\CortexM3\ARM_GCC_473\Debug\Sensor_Node.a(NEOMOTE_1_isr_RX.o)
                0x0000390c                NEOMOTE_1_isr_RX_SetVector
 .text.NEOMOTE_1_isr_RX_SetPriority
                0x00003934       0x28 .\CortexM3\ARM_GCC_473\Debug\Sensor_Node.a(NEOMOTE_1_isr_RX.o)
                0x00003934                NEOMOTE_1_isr_RX_SetPriority
 .text.NEOMOTE_1_isr_RX_Enable
                0x0000395c       0x18 .\CortexM3\ARM_GCC_473\Debug\Sensor_Node.a(NEOMOTE_1_isr_RX.o)
                0x0000395c                NEOMOTE_1_isr_RX_Enable
 .text.NEOMOTE_1_isr_RX_Disable
                0x00003974       0x18 .\CortexM3\ARM_GCC_473\Debug\Sensor_Node.a(NEOMOTE_1_isr_RX.o)
                0x00003974                NEOMOTE_1_isr_RX_Disable
 .text.NEOMOTE_1_isr_RX_ClearPending
                0x0000398c       0x18 .\CortexM3\ARM_GCC_473\Debug\Sensor_Node.a(NEOMOTE_1_isr_RX.o)
                0x0000398c                NEOMOTE_1_isr_RX_ClearPending
 .text.NEOMOTE_1_RX_RTS_n_Read
                0x000039a4       0x24 .\CortexM3\ARM_GCC_473\Debug\Sensor_Node.a(NEOMOTE_1_RX_RTS_n.o)
                0x000039a4                NEOMOTE_1_RX_RTS_n_Read
 .text.NEOMOTE_1_RX_RTS_n_ClearInterrupt
                0x000039c8       0x24 .\CortexM3\ARM_GCC_473\Debug\Sensor_Node.a(NEOMOTE_1_RX_RTS_n.o)
                0x000039c8                NEOMOTE_1_RX_RTS_n_ClearInterrupt
 .text.NEOMOTE_1_RX_CTS_n_Write
                0x000039ec       0x44 .\CortexM3\ARM_GCC_473\Debug\Sensor_Node.a(NEOMOTE_1_RX_CTS_n.o)
                0x000039ec                NEOMOTE_1_RX_CTS_n_Write
 .text.NEOMOTE_1_RX_CTS_n_Read
                0x00003a30       0x24 .\CortexM3\ARM_GCC_473\Debug\Sensor_Node.a(NEOMOTE_1_RX_CTS_n.o)
                0x00003a30                NEOMOTE_1_RX_CTS_n_Read
 .text.NEOMOTE_1_TX_RTS_n_Write
                0x00003a54       0x44 .\CortexM3\ARM_GCC_473\Debug\Sensor_Node.a(NEOMOTE_1_TX_RTS_n.o)
                0x00003a54                NEOMOTE_1_TX_RTS_n_Write
 .text.NEOMOTE_1_TX_CTS_n_Read
                0x00003a98       0x24 .\CortexM3\ARM_GCC_473\Debug\Sensor_Node.a(NEOMOTE_1_TX_CTS_n.o)
                0x00003a98                NEOMOTE_1_TX_CTS_n_Read
 .text.NEOMOTE_1_isr_RX_RTSn_StartEx
                0x00003abc       0x28 .\CortexM3\ARM_GCC_473\Debug\Sensor_Node.a(NEOMOTE_1_isr_RX_RTSn.o)
                0x00003abc                NEOMOTE_1_isr_RX_RTSn_StartEx
 .text.NEOMOTE_1_isr_RX_RTSn_SetVector
                0x00003ae4       0x28 .\CortexM3\ARM_GCC_473\Debug\Sensor_Node.a(NEOMOTE_1_isr_RX_RTSn.o)
                0x00003ae4                NEOMOTE_1_isr_RX_RTSn_SetVector
 .text.NEOMOTE_1_isr_RX_RTSn_SetPriority
                0x00003b0c       0x28 .\CortexM3\ARM_GCC_473\Debug\Sensor_Node.a(NEOMOTE_1_isr_RX_RTSn.o)
                0x00003b0c                NEOMOTE_1_isr_RX_RTSn_SetPriority
 .text.NEOMOTE_1_isr_RX_RTSn_Enable
                0x00003b34       0x18 .\CortexM3\ARM_GCC_473\Debug\Sensor_Node.a(NEOMOTE_1_isr_RX_RTSn.o)
                0x00003b34                NEOMOTE_1_isr_RX_RTSn_Enable
 .text.NEOMOTE_1_isr_RX_RTSn_Disable
                0x00003b4c       0x18 .\CortexM3\ARM_GCC_473\Debug\Sensor_Node.a(NEOMOTE_1_isr_RX_RTSn.o)
                0x00003b4c                NEOMOTE_1_isr_RX_RTSn_Disable
 .text.NEOMOTE_1_isr_RX_RTSn_SetPending
                0x00003b64       0x18 .\CortexM3\ARM_GCC_473\Debug\Sensor_Node.a(NEOMOTE_1_isr_RX_RTSn.o)
                0x00003b64                NEOMOTE_1_isr_RX_RTSn_SetPending
 .text.NEOMOTE_1_I2C_0_Init
                0x00003b7c       0x84 .\CortexM3\ARM_GCC_473\Debug\Sensor_Node.a(NEOMOTE_1_I2C_0.o)
                0x00003b7c                NEOMOTE_1_I2C_0_Init
 .text.NEOMOTE_1_I2C_0_Enable
                0x00003c00       0x58 .\CortexM3\ARM_GCC_473\Debug\Sensor_Node.a(NEOMOTE_1_I2C_0.o)
                0x00003c00                NEOMOTE_1_I2C_0_Enable
 .text.NEOMOTE_1_I2C_0_Start
                0x00003c58       0x38 .\CortexM3\ARM_GCC_473\Debug\Sensor_Node.a(NEOMOTE_1_I2C_0.o)
                0x00003c58                NEOMOTE_1_I2C_0_Start
 .text.NEOMOTE_1_I2C_0_Stop
                0x00003c90      0x13c .\CortexM3\ARM_GCC_473\Debug\Sensor_Node.a(NEOMOTE_1_I2C_0.o)
                0x00003c90                NEOMOTE_1_I2C_0_Stop
 .text.NEOMOTE_1_I2C_0_ISR
                0x00003dcc      0x598 .\CortexM3\ARM_GCC_473\Debug\Sensor_Node.a(NEOMOTE_1_I2C_0_INT.o)
                0x00003dcc                NEOMOTE_1_I2C_0_ISR
 .text.NEOMOTE_1_I2C_0_SaveConfig
                0x00004364       0x64 .\CortexM3\ARM_GCC_473\Debug\Sensor_Node.a(NEOMOTE_1_I2C_0_PM.o)
                0x00004364                NEOMOTE_1_I2C_0_SaveConfig
 .text.NEOMOTE_1_I2C_0_Sleep
                0x000043c8       0x48 .\CortexM3\ARM_GCC_473\Debug\Sensor_Node.a(NEOMOTE_1_I2C_0_PM.o)
                0x000043c8                NEOMOTE_1_I2C_0_Sleep
 .text.NEOMOTE_1_I2C_0_RestoreConfig
                0x00004410       0xb8 .\CortexM3\ARM_GCC_473\Debug\Sensor_Node.a(NEOMOTE_1_I2C_0_PM.o)
                0x00004410                NEOMOTE_1_I2C_0_RestoreConfig
 .text.NEOMOTE_1_I2C_0_Wakeup
                0x000044c8       0x2c .\CortexM3\ARM_GCC_473\Debug\Sensor_Node.a(NEOMOTE_1_I2C_0_PM.o)
                0x000044c8                NEOMOTE_1_I2C_0_Wakeup
 .text.NEOMOTE_1_I2C_0_MasterWriteBuf
                0x000044f4      0x158 .\CortexM3\ARM_GCC_473\Debug\Sensor_Node.a(NEOMOTE_1_I2C_0_MASTER.o)
                0x000044f4                NEOMOTE_1_I2C_0_MasterWriteBuf
 .text.NEOMOTE_1_I2C_0_MasterReadBuf
                0x0000464c      0x160 .\CortexM3\ARM_GCC_473\Debug\Sensor_Node.a(NEOMOTE_1_I2C_0_MASTER.o)
                0x0000464c                NEOMOTE_1_I2C_0_MasterReadBuf
 .text.NEOMOTE_1_I2C_0_MasterStatus
                0x000047ac       0x40 .\CortexM3\ARM_GCC_473\Debug\Sensor_Node.a(NEOMOTE_1_I2C_0_MASTER.o)
                0x000047ac                NEOMOTE_1_I2C_0_MasterStatus
 .text.NEOMOTE_1_I2C_0_MasterClearStatus
                0x000047ec       0x30 .\CortexM3\ARM_GCC_473\Debug\Sensor_Node.a(NEOMOTE_1_I2C_0_MASTER.o)
                0x000047ec                NEOMOTE_1_I2C_0_MasterClearStatus
 .text.NEOMOTE_1_I2C_0_MasterClearReadBuf
                0x0000481c       0x34 .\CortexM3\ARM_GCC_473\Debug\Sensor_Node.a(NEOMOTE_1_I2C_0_MASTER.o)
                0x0000481c                NEOMOTE_1_I2C_0_MasterClearReadBuf
 .text.NEOMOTE_1_I2C_0_MasterClearWriteBuf
                0x00004850       0x34 .\CortexM3\ARM_GCC_473\Debug\Sensor_Node.a(NEOMOTE_1_I2C_0_MASTER.o)
                0x00004850                NEOMOTE_1_I2C_0_MasterClearWriteBuf
 .text.NEOMOTE_1_I2C_0_Workaround
                0x00004884        0xc .\CortexM3\ARM_GCC_473\Debug\Sensor_Node.a(NEOMOTE_1_I2C_0_MASTER.o)
                0x00004884                NEOMOTE_1_I2C_0_Workaround
 .text.NEOMOTE_1_NEO_RTC_INT1_Read
                0x00004890       0x24 .\CortexM3\ARM_GCC_473\Debug\Sensor_Node.a(NEOMOTE_1_NEO_RTC_INT1.o)
                0x00004890                NEOMOTE_1_NEO_RTC_INT1_Read
 .text.NEOMOTE_1_NEO_RTC_INT1_ClearInterrupt
                0x000048b4       0x24 .\CortexM3\ARM_GCC_473\Debug\Sensor_Node.a(NEOMOTE_1_NEO_RTC_INT1.o)
                0x000048b4                NEOMOTE_1_NEO_RTC_INT1_ClearInterrupt
 .text.NEOMOTE_1_DELAY_COUNTER_Init
                0x000048d8       0xe4 .\CortexM3\ARM_GCC_473\Debug\Sensor_Node.a(NEOMOTE_1_DELAY_COUNTER.o)
                0x000048d8                NEOMOTE_1_DELAY_COUNTER_Init
 .text.NEOMOTE_1_DELAY_COUNTER_Enable
                0x000049bc       0x60 .\CortexM3\ARM_GCC_473\Debug\Sensor_Node.a(NEOMOTE_1_DELAY_COUNTER.o)
                0x000049bc                NEOMOTE_1_DELAY_COUNTER_Enable
 .text.NEOMOTE_1_DELAY_COUNTER_Start
                0x00004a1c       0x2c .\CortexM3\ARM_GCC_473\Debug\Sensor_Node.a(NEOMOTE_1_DELAY_COUNTER.o)
                0x00004a1c                NEOMOTE_1_DELAY_COUNTER_Start
 .text.NEOMOTE_1_DELAY_COUNTER_Stop
                0x00004a48       0x60 .\CortexM3\ARM_GCC_473\Debug\Sensor_Node.a(NEOMOTE_1_DELAY_COUNTER.o)
                0x00004a48                NEOMOTE_1_DELAY_COUNTER_Stop
 .text.NEOMOTE_1_DELAY_COUNTER_SetInterruptMode
                0x00004aa8       0x20 .\CortexM3\ARM_GCC_473\Debug\Sensor_Node.a(NEOMOTE_1_DELAY_COUNTER.o)
                0x00004aa8                NEOMOTE_1_DELAY_COUNTER_SetInterruptMode
 .text.NEOMOTE_1_DELAY_COUNTER_ReadStatusRegister
                0x00004ac8       0x18 .\CortexM3\ARM_GCC_473\Debug\Sensor_Node.a(NEOMOTE_1_DELAY_COUNTER.o)
                0x00004ac8                NEOMOTE_1_DELAY_COUNTER_ReadStatusRegister
 .text.NEOMOTE_1_DELAY_COUNTER_WriteCounter
                0x00004ae0       0x74 .\CortexM3\ARM_GCC_473\Debug\Sensor_Node.a(NEOMOTE_1_DELAY_COUNTER.o)
                0x00004ae0                NEOMOTE_1_DELAY_COUNTER_WriteCounter
 .text.NEOMOTE_1_DELAY_COUNTER_WritePeriod
                0x00004b54       0x20 .\CortexM3\ARM_GCC_473\Debug\Sensor_Node.a(NEOMOTE_1_DELAY_COUNTER.o)
                0x00004b54                NEOMOTE_1_DELAY_COUNTER_WritePeriod
 .text.NEOMOTE_1_isr_packet_delay_StartEx
                0x00004b74       0x28 .\CortexM3\ARM_GCC_473\Debug\Sensor_Node.a(NEOMOTE_1_isr_packet_delay.o)
                0x00004b74                NEOMOTE_1_isr_packet_delay_StartEx
 .text.NEOMOTE_1_isr_packet_delay_SetVector
                0x00004b9c       0x28 .\CortexM3\ARM_GCC_473\Debug\Sensor_Node.a(NEOMOTE_1_isr_packet_delay.o)
                0x00004b9c                NEOMOTE_1_isr_packet_delay_SetVector
 .text.NEOMOTE_1_isr_packet_delay_SetPriority
                0x00004bc4       0x28 .\CortexM3\ARM_GCC_473\Debug\Sensor_Node.a(NEOMOTE_1_isr_packet_delay.o)
                0x00004bc4                NEOMOTE_1_isr_packet_delay_SetPriority
 .text.NEOMOTE_1_isr_packet_delay_Enable
                0x00004bec       0x18 .\CortexM3\ARM_GCC_473\Debug\Sensor_Node.a(NEOMOTE_1_isr_packet_delay.o)
                0x00004bec                NEOMOTE_1_isr_packet_delay_Enable
 .text.NEOMOTE_1_isr_packet_delay_Disable
                0x00004c04       0x18 .\CortexM3\ARM_GCC_473\Debug\Sensor_Node.a(NEOMOTE_1_isr_packet_delay.o)
                0x00004c04                NEOMOTE_1_isr_packet_delay_Disable
 .text.NEOMOTE_1_UART_MOTE_IntClock_Start
                0x00004c1c       0x44 .\CortexM3\ARM_GCC_473\Debug\Sensor_Node.a(NEOMOTE_1_UART_MOTE_IntClock.o)
                0x00004c1c                NEOMOTE_1_UART_MOTE_IntClock_Start
 .text.NEOMOTE_1_UART_MOTE_IntClock_Stop
                0x00004c60       0x44 .\CortexM3\ARM_GCC_473\Debug\Sensor_Node.a(NEOMOTE_1_UART_MOTE_IntClock.o)
                0x00004c60                NEOMOTE_1_UART_MOTE_IntClock_Stop
 .text._CalcDataCRC16Dummy
                0x00004ca4        0x6 ..\..\..\emFile_V322b\LinkLibrary\PSoC5\GCC\libemf32nosnlfn.a(MMC_Drv.o)
 *fill*         0x00004caa        0x2 00
 .text._MMC_GetNumUnits
                0x00004cac        0xc ..\..\..\emFile_V322b\LinkLibrary\PSoC5\GCC\libemf32nosnlfn.a(MMC_Drv.o)
 .text._MMC_GetDriverName
                0x00004cb8        0x8 ..\..\..\emFile_V322b\LinkLibrary\PSoC5\GCC\libemf32nosnlfn.a(MMC_Drv.o)
 .text._MMC_GetStatus
                0x00004cc0        0x4 ..\..\..\emFile_V322b\LinkLibrary\PSoC5\GCC\libemf32nosnlfn.a(MMC_Drv.o)
 .text._CheckR1
                0x00004cc4       0x38 ..\..\..\emFile_V322b\LinkLibrary\PSoC5\GCC\libemf32nosnlfn.a(MMC_Drv.o)
 .text._WaitToGetReady
                0x00004cfc       0x26 ..\..\..\emFile_V322b\LinkLibrary\PSoC5\GCC\libemf32nosnlfn.a(MMC_Drv.o)
 .text._SendEmptyCycles
                0x00004d22       0x24 ..\..\..\emFile_V322b\LinkLibrary\PSoC5\GCC\libemf32nosnlfn.a(MMC_Drv.o)
 *fill*         0x00004d46        0x2 00
 .text._MMC_AddDevice
                0x00004d48       0x2c ..\..\..\emFile_V322b\LinkLibrary\PSoC5\GCC\libemf32nosnlfn.a(MMC_Drv.o)
 .text.T.53     0x00004d74       0x14 ..\..\..\emFile_V322b\LinkLibrary\PSoC5\GCC\libemf32nosnlfn.a(MMC_Drv.o)
 .text._GetFromCSD
                0x00004d88       0x34 ..\..\..\emFile_V322b\LinkLibrary\PSoC5\GCC\libemf32nosnlfn.a(MMC_Drv.o)
 .text._ExecCmdR1
                0x00004dbc       0x98 ..\..\..\emFile_V322b\LinkLibrary\PSoC5\GCC\libemf32nosnlfn.a(MMC_Drv.o)
 .text._ReadCSD
                0x00004e54       0x86 ..\..\..\emFile_V322b\LinkLibrary\PSoC5\GCC\libemf32nosnlfn.a(MMC_Drv.o)
 *fill*         0x00004eda        0x2 00
 .text._MMC_Read
                0x00004edc      0x130 ..\..\..\emFile_V322b\LinkLibrary\PSoC5\GCC\libemf32nosnlfn.a(MMC_Drv.o)
 .text._MMC_Write
                0x0000500c      0x13c ..\..\..\emFile_V322b\LinkLibrary\PSoC5\GCC\libemf32nosnlfn.a(MMC_Drv.o)
 .text._ApplyCSD
                0x00005148      0x228 ..\..\..\emFile_V322b\LinkLibrary\PSoC5\GCC\libemf32nosnlfn.a(MMC_Drv.o)
 .text._MMC_Init
                0x00005370      0x1c0 ..\..\..\emFile_V322b\LinkLibrary\PSoC5\GCC\libemf32nosnlfn.a(MMC_Drv.o)
 .text._MMC_InitMedium
                0x00005530       0x28 ..\..\..\emFile_V322b\LinkLibrary\PSoC5\GCC\libemf32nosnlfn.a(MMC_Drv.o)
 .text._MMC_IoCtl
                0x00005558       0x60 ..\..\..\emFile_V322b\LinkLibrary\PSoC5\GCC\libemf32nosnlfn.a(MMC_Drv.o)
 .text.emFile_1_Init
                0x000055b8       0x8c .\CortexM3\ARM_GCC_473\Debug\Sensor_Node.a(emFile_1_MMC_HW_SPI.o)
 .text.emFile_1_ReadWriteSPI
                0x00005644       0x68 .\CortexM3\ARM_GCC_473\Debug\Sensor_Node.a(emFile_1_MMC_HW_SPI.o)
 .text.FS_MMC_HW_X_EnableCS
                0x000056ac       0x2c .\CortexM3\ARM_GCC_473\Debug\Sensor_Node.a(emFile_1_MMC_HW_SPI.o)
                0x000056ac                FS_MMC_HW_X_EnableCS
 .text.FS_MMC_HW_X_DisableCS
                0x000056d8       0x2c .\CortexM3\ARM_GCC_473\Debug\Sensor_Node.a(emFile_1_MMC_HW_SPI.o)
                0x000056d8                FS_MMC_HW_X_DisableCS
 .text.FS_MMC_HW_X_IsWriteProtected
                0x00005704       0x30 .\CortexM3\ARM_GCC_473\Debug\Sensor_Node.a(emFile_1_MMC_HW_SPI.o)
                0x00005704                FS_MMC_HW_X_IsWriteProtected
 .text.FS_MMC_HW_X_SetMaxSpeed
                0x00005734       0x94 .\CortexM3\ARM_GCC_473\Debug\Sensor_Node.a(emFile_1_MMC_HW_SPI.o)
                0x00005734                FS_MMC_HW_X_SetMaxSpeed
 .text.FS_MMC_HW_X_SetVoltage
                0x000057c8       0x74 .\CortexM3\ARM_GCC_473\Debug\Sensor_Node.a(emFile_1_MMC_HW_SPI.o)
                0x000057c8                FS_MMC_HW_X_SetVoltage
 .text.FS_MMC_HW_X_IsPresent
                0x0000583c       0x38 .\CortexM3\ARM_GCC_473\Debug\Sensor_Node.a(emFile_1_MMC_HW_SPI.o)
                0x0000583c                FS_MMC_HW_X_IsPresent
 .text.FS_MMC_HW_X_Read
                0x00005874       0x40 .\CortexM3\ARM_GCC_473\Debug\Sensor_Node.a(emFile_1_MMC_HW_SPI.o)
                0x00005874                FS_MMC_HW_X_Read
 .text.FS_MMC_HW_X_Write
                0x000058b4       0x3c .\CortexM3\ARM_GCC_473\Debug\Sensor_Node.a(emFile_1_MMC_HW_SPI.o)
                0x000058b4                FS_MMC_HW_X_Write
 .text.emFile_1_SPI0_Init
                0x000058f0       0x3c .\CortexM3\ARM_GCC_473\Debug\Sensor_Node.a(emFile_1_SPI0.o)
                0x000058f0                emFile_1_SPI0_Init
 .text.emFile_1_SPI0_Enable
                0x0000592c       0x7c .\CortexM3\ARM_GCC_473\Debug\Sensor_Node.a(emFile_1_SPI0.o)
                0x0000592c                emFile_1_SPI0_Enable
 .text.emFile_1_SPI0_Start
                0x000059a8       0x2c .\CortexM3\ARM_GCC_473\Debug\Sensor_Node.a(emFile_1_SPI0.o)
                0x000059a8                emFile_1_SPI0_Start
 .text.emFile_1_SPI0_EnableTxInt
                0x000059d4        0xc .\CortexM3\ARM_GCC_473\Debug\Sensor_Node.a(emFile_1_SPI0.o)
                0x000059d4                emFile_1_SPI0_EnableTxInt
 .text.emFile_1_SPI0_EnableRxInt
                0x000059e0        0xc .\CortexM3\ARM_GCC_473\Debug\Sensor_Node.a(emFile_1_SPI0.o)
                0x000059e0                emFile_1_SPI0_EnableRxInt
 .text.emFile_1_SPI0_ReadTxStatus
                0x000059ec       0x20 .\CortexM3\ARM_GCC_473\Debug\Sensor_Node.a(emFile_1_SPI0.o)
                0x000059ec                emFile_1_SPI0_ReadTxStatus
 .text.emFile_1_SPI0_ReadRxStatus
                0x00005a0c       0x20 .\CortexM3\ARM_GCC_473\Debug\Sensor_Node.a(emFile_1_SPI0.o)
                0x00005a0c                emFile_1_SPI0_ReadRxStatus
 .text.emFile_1_SPI0_WriteTxData
                0x00005a2c       0x38 .\CortexM3\ARM_GCC_473\Debug\Sensor_Node.a(emFile_1_SPI0.o)
                0x00005a2c                emFile_1_SPI0_WriteTxData
 .text.emFile_1_SPI0_ReadRxData
                0x00005a64       0x20 .\CortexM3\ARM_GCC_473\Debug\Sensor_Node.a(emFile_1_SPI0.o)
                0x00005a64                emFile_1_SPI0_ReadRxData
 .text.emFile_1_SPI0_ClearFIFO
                0x00005a84       0x78 .\CortexM3\ARM_GCC_473\Debug\Sensor_Node.a(emFile_1_SPI0.o)
                0x00005a84                emFile_1_SPI0_ClearFIFO
 .text.emFile_1_Clock_1_Start
                0x00005afc       0x44 .\CortexM3\ARM_GCC_473\Debug\Sensor_Node.a(emFile_1_Clock_1.o)
                0x00005afc                emFile_1_Clock_1_Start
 .text.emFile_1_Clock_1_Stop
                0x00005b40       0x44 .\CortexM3\ARM_GCC_473\Debug\Sensor_Node.a(emFile_1_Clock_1.o)
                0x00005b40                emFile_1_Clock_1_Stop
 .text.emFile_1_Clock_1_SetDividerRegister
                0x00005b84      0x1e8 .\CortexM3\ARM_GCC_473\Debug\Sensor_Node.a(emFile_1_Clock_1.o)
                0x00005b84                emFile_1_Clock_1_SetDividerRegister
 .text.emFile_1_Clock_1_GetDividerRegister
                0x00005d6c       0x18 .\CortexM3\ARM_GCC_473\Debug\Sensor_Node.a(emFile_1_Clock_1.o)
                0x00005d6c                emFile_1_Clock_1_GetDividerRegister
 .text.emFile_1_Clock_1_GetSourceRegister
                0x00005d84       0x20 .\CortexM3\ARM_GCC_473\Debug\Sensor_Node.a(emFile_1_Clock_1.o)
                0x00005d84                emFile_1_Clock_1_GetSourceRegister
 .text.emFile_1_SPI0_CS_Write
                0x00005da4       0x40 .\CortexM3\ARM_GCC_473\Debug\Sensor_Node.a(emFile_1_SPI0_CS.o)
                0x00005da4                emFile_1_SPI0_CS_Write
 .text.__register_exitproc
                0x00005de4       0xac c:/program files (x86)/cypress/psoc creator/3.0/psoc creator/import/gnu_cs/arm/4.7.3/bin/../lib/gcc/arm-none-eabi/4.7.3/../../../../arm-none-eabi/lib/armv7-m\libg.a(lib_a-__atexit.o)
                0x00005de4                __register_exitproc
 .text.__libc_fini_array
                0x00005e90       0x50 c:/program files (x86)/cypress/psoc creator/3.0/psoc creator/import/gnu_cs/arm/4.7.3/bin/../lib/gcc/arm-none-eabi/4.7.3/../../../../arm-none-eabi/lib/armv7-m\libg.a(lib_a-fini.o)
                0x00005e90                __libc_fini_array
 .text.gmtime   0x00005ee0       0x10 c:/program files (x86)/cypress/psoc creator/3.0/psoc creator/import/gnu_cs/arm/4.7.3/bin/../lib/gcc/arm-none-eabi/4.7.3/../../../../arm-none-eabi/lib/armv7-m\libg.a(lib_a-gmtime.o)
                0x00005ee0                gmtime
 .text.gmtime_r
                0x00005ef0        0x8 c:/program files (x86)/cypress/psoc creator/3.0/psoc creator/import/gnu_cs/arm/4.7.3/bin/../lib/gcc/arm-none-eabi/4.7.3/../../../../arm-none-eabi/lib/armv7-m\libg.a(lib_a-gmtime_r.o)
                0x00005ef0                gmtime_r
 .text.__libc_init_array
                0x00005ef8       0x94 c:/program files (x86)/cypress/psoc creator/3.0/psoc creator/import/gnu_cs/arm/4.7.3/bin/../lib/gcc/arm-none-eabi/4.7.3/../../../../arm-none-eabi/lib/armv7-m\libg.a(lib_a-init.o)
                0x00005ef8                __libc_init_array
 .text.memcmp   0x00005f8c       0xb8 c:/program files (x86)/cypress/psoc creator/3.0/psoc creator/import/gnu_cs/arm/4.7.3/bin/../lib/gcc/arm-none-eabi/4.7.3/../../../../arm-none-eabi/lib/armv7-m\libg.a(lib_a-memcmp.o)
                0x00005f8c                memcmp
 .text.memcpy   0x00006044      0x15c c:/program files (x86)/cypress/psoc creator/3.0/psoc creator/import/gnu_cs/arm/4.7.3/bin/../lib/gcc/arm-none-eabi/4.7.3/../../../../arm-none-eabi/lib/armv7-m\libg.a(lib_a-memcpy.o)
                0x00006044                memcpy
 .text.memset   0x000061a0      0x12c c:/program files (x86)/cypress/psoc creator/3.0/psoc creator/import/gnu_cs/arm/4.7.3/bin/../lib/gcc/arm-none-eabi/4.7.3/../../../../arm-none-eabi/lib/armv7-m\libg.a(lib_a-memset.o)
                0x000061a0                memset
 .text.__tzcalc_limits
                0x000062cc      0x1ac c:/program files (x86)/cypress/psoc creator/3.0/psoc creator/import/gnu_cs/arm/4.7.3/bin/../lib/gcc/arm-none-eabi/4.7.3/../../../../arm-none-eabi/lib/armv7-m\libg.a(lib_a-mktm_r.o)
                0x000062cc                __tzcalc_limits
 .text._mktm_r  0x00006478      0x37c c:/program files (x86)/cypress/psoc creator/3.0/psoc creator/import/gnu_cs/arm/4.7.3/bin/../lib/gcc/arm-none-eabi/4.7.3/../../../../arm-none-eabi/lib/armv7-m\libg.a(lib_a-mktm_r.o)
                0x00006478                _mktm_r
 .text.sscanf   0x000067f4       0x5c c:/program files (x86)/cypress/psoc creator/3.0/psoc creator/import/gnu_cs/arm/4.7.3/bin/../lib/gcc/arm-none-eabi/4.7.3/../../../../arm-none-eabi/lib/armv7-m\libg.a(lib_a-sscanf.o)
                0x000067f4                sscanf
 .text.__seofread
                0x00006850        0x4 c:/program files (x86)/cypress/psoc creator/3.0/psoc creator/import/gnu_cs/arm/4.7.3/bin/../lib/gcc/arm-none-eabi/4.7.3/../../../../arm-none-eabi/lib/armv7-m\libg.a(lib_a-stdio.o)
                0x00006850                __seofread
 .text.strlen   0x00006854       0x60 c:/program files (x86)/cypress/psoc creator/3.0/psoc creator/import/gnu_cs/arm/4.7.3/bin/../lib/gcc/arm-none-eabi/4.7.3/../../../../arm-none-eabi/lib/armv7-m\libg.a(lib_a-strlen.o)
                0x00006854                strlen
 .text.strtok   0x000068b4       0x14 c:/program files (x86)/cypress/psoc creator/3.0/psoc creator/import/gnu_cs/arm/4.7.3/bin/../lib/gcc/arm-none-eabi/4.7.3/../../../../arm-none-eabi/lib/armv7-m\libg.a(lib_a-strtok.o)
                0x000068b4                strtok
 .text.__strtok_r
                0x000068c8       0x60 c:/program files (x86)/cypress/psoc creator/3.0/psoc creator/import/gnu_cs/arm/4.7.3/bin/../lib/gcc/arm-none-eabi/4.7.3/../../../../arm-none-eabi/lib/armv7-m\libg.a(lib_a-strtok_r.o)
                0x000068c8                __strtok_r
 .text.__ssvfscanf_r
                0x00006928     0x11b8 c:/program files (x86)/cypress/psoc creator/3.0/psoc creator/import/gnu_cs/arm/4.7.3/bin/../lib/gcc/arm-none-eabi/4.7.3/../../../../arm-none-eabi/lib/armv7-m\libg.a(lib_a-svfscanf.o)
                0x00006928                __ssvfscanf_r
 .text.__tz_lock
                0x00007ae0        0x4 c:/program files (x86)/cypress/psoc creator/3.0/psoc creator/import/gnu_cs/arm/4.7.3/bin/../lib/gcc/arm-none-eabi/4.7.3/../../../../arm-none-eabi/lib/armv7-m\libg.a(lib_a-tzlock.o)
                0x00007ae0                __tz_lock
 .text.__tz_unlock
                0x00007ae4        0x4 c:/program files (x86)/cypress/psoc creator/3.0/psoc creator/import/gnu_cs/arm/4.7.3/bin/../lib/gcc/arm-none-eabi/4.7.3/../../../../arm-none-eabi/lib/armv7-m\libg.a(lib_a-tzlock.o)
                0x00007ae4                __tz_unlock
 .text.startup.register_fini
                0x00007ae8       0x14 c:/program files (x86)/cypress/psoc creator/3.0/psoc creator/import/gnu_cs/arm/4.7.3/bin/../lib/gcc/arm-none-eabi/4.7.3/../../../../arm-none-eabi/lib/armv7-m\libg.a(lib_a-__call_atexit.o)
 .text.atexit   0x00007afc        0xc c:/program files (x86)/cypress/psoc creator/3.0/psoc creator/import/gnu_cs/arm/4.7.3/bin/../lib/gcc/arm-none-eabi/4.7.3/../../../../arm-none-eabi/lib/armv7-m\libg.a(lib_a-atexit.o)
                0x00007afc                atexit
 .text.__sfp_lock_acquire
                0x00007b08        0x4 c:/program files (x86)/cypress/psoc creator/3.0/psoc creator/import/gnu_cs/arm/4.7.3/bin/../lib/gcc/arm-none-eabi/4.7.3/../../../../arm-none-eabi/lib/armv7-m\libg.a(lib_a-findfp.o)
                0x00007b08                __sfp_lock_acquire
 .text.__sfp_lock_release
                0x00007b0c        0x4 c:/program files (x86)/cypress/psoc creator/3.0/psoc creator/import/gnu_cs/arm/4.7.3/bin/../lib/gcc/arm-none-eabi/4.7.3/../../../../arm-none-eabi/lib/armv7-m\libg.a(lib_a-findfp.o)
                0x00007b0c                __sfp_lock_release
 .text.__gettzinfo
                0x00007b10        0xc c:/program files (x86)/cypress/psoc creator/3.0/psoc creator/import/gnu_cs/arm/4.7.3/bin/../lib/gcc/arm-none-eabi/4.7.3/../../../../arm-none-eabi/lib/armv7-m\libg.a(lib_a-gettzinfo.o)
                0x00007b10                __gettzinfo
 .text.iswspace
                0x00007b1c       0x1c c:/program files (x86)/cypress/psoc creator/3.0/psoc creator/import/gnu_cs/arm/4.7.3/bin/../lib/gcc/arm-none-eabi/4.7.3/../../../../arm-none-eabi/lib/armv7-m\libg.a(lib_a-iswspace.o)
                0x00007b1c                iswspace
 .text.__locale_charset
                0x00007b38        0xc c:/program files (x86)/cypress/psoc creator/3.0/psoc creator/import/gnu_cs/arm/4.7.3/bin/../lib/gcc/arm-none-eabi/4.7.3/../../../../arm-none-eabi/lib/armv7-m\libg.a(lib_a-locale.o)
                0x00007b38                __locale_charset
 .text.__locale_mb_cur_max
                0x00007b44        0xc c:/program files (x86)/cypress/psoc creator/3.0/psoc creator/import/gnu_cs/arm/4.7.3/bin/../lib/gcc/arm-none-eabi/4.7.3/../../../../arm-none-eabi/lib/armv7-m\libg.a(lib_a-locale.o)
                0x00007b44                __locale_mb_cur_max
 .text._localeconv_r
                0x00007b50        0xc c:/program files (x86)/cypress/psoc creator/3.0/psoc creator/import/gnu_cs/arm/4.7.3/bin/../lib/gcc/arm-none-eabi/4.7.3/../../../../arm-none-eabi/lib/armv7-m\libg.a(lib_a-locale.o)
                0x00007b50                _localeconv_r
 .text._malloc_r
                0x00007b5c      0x530 c:/program files (x86)/cypress/psoc creator/3.0/psoc creator/import/gnu_cs/arm/4.7.3/bin/../lib/gcc/arm-none-eabi/4.7.3/../../../../arm-none-eabi/lib/armv7-m\libg.a(lib_a-mallocr.o)
                0x00007b5c                _malloc_r
 .text._mbrtowc_r
                0x0000808c       0x5c c:/program files (x86)/cypress/psoc creator/3.0/psoc creator/import/gnu_cs/arm/4.7.3/bin/../lib/gcc/arm-none-eabi/4.7.3/../../../../arm-none-eabi/lib/armv7-m\libg.a(lib_a-mbrtowc.o)
                0x0000808c                _mbrtowc_r
 .text.__ascii_mbtowc
                0x000080e8       0x28 c:/program files (x86)/cypress/psoc creator/3.0/psoc creator/import/gnu_cs/arm/4.7.3/bin/../lib/gcc/arm-none-eabi/4.7.3/../../../../arm-none-eabi/lib/armv7-m\libg.a(lib_a-mbtowc_r.o)
                0x000080e8                __ascii_mbtowc
 .text.__malloc_lock
                0x00008110        0x4 c:/program files (x86)/cypress/psoc creator/3.0/psoc creator/import/gnu_cs/arm/4.7.3/bin/../lib/gcc/arm-none-eabi/4.7.3/../../../../arm-none-eabi/lib/armv7-m\libg.a(lib_a-mlock.o)
                0x00008110                __malloc_lock
 .text.__malloc_unlock
                0x00008114        0x4 c:/program files (x86)/cypress/psoc creator/3.0/psoc creator/import/gnu_cs/arm/4.7.3/bin/../lib/gcc/arm-none-eabi/4.7.3/../../../../arm-none-eabi/lib/armv7-m\libg.a(lib_a-mlock.o)
                0x00008114                __malloc_unlock
 .text.__fpclassifyd
                0x00008118       0x68 c:/program files (x86)/cypress/psoc creator/3.0/psoc creator/import/gnu_cs/arm/4.7.3/bin/../lib/gcc/arm-none-eabi/4.7.3/../../../../arm-none-eabi/lib/armv7-m\libg.a(lib_a-s_fpclassify.o)
                0x00008118                __fpclassifyd
 .text._sbrk_r  0x00008180       0x24 c:/program files (x86)/cypress/psoc creator/3.0/psoc creator/import/gnu_cs/arm/4.7.3/bin/../lib/gcc/arm-none-eabi/4.7.3/../../../../arm-none-eabi/lib/armv7-m\libg.a(lib_a-sbrkr.o)
                0x00008180                _sbrk_r
 .text.__sccl   0x000081a4       0x94 c:/program files (x86)/cypress/psoc creator/3.0/psoc creator/import/gnu_cs/arm/4.7.3/bin/../lib/gcc/arm-none-eabi/4.7.3/../../../../arm-none-eabi/lib/armv7-m\libg.a(lib_a-sccl.o)
                0x000081a4                __sccl
 .text.nanf     0x00008238        0x8 c:/program files (x86)/cypress/psoc creator/3.0/psoc creator/import/gnu_cs/arm/4.7.3/bin/../lib/gcc/arm-none-eabi/4.7.3/../../../../arm-none-eabi/lib/armv7-m\libg.a(lib_a-sf_nan.o)
                0x00008238                nanf
 .text.sprintf  0x00008240       0x50 c:/program files (x86)/cypress/psoc creator/3.0/psoc creator/import/gnu_cs/arm/4.7.3/bin/../lib/gcc/arm-none-eabi/4.7.3/../../../../arm-none-eabi/lib/armv7-m\libg.a(lib_a-sprintf.o)
                0x00008240                sprintf
 .text._strtod_r
                0x00008290      0xeb0 c:/program files (x86)/cypress/psoc creator/3.0/psoc creator/import/gnu_cs/arm/4.7.3/bin/../lib/gcc/arm-none-eabi/4.7.3/../../../../arm-none-eabi/lib/armv7-m\libg.a(lib_a-strtod.o)
                0x00008290                _strtod_r
 .text._strtol_r
                0x00009140      0x130 c:/program files (x86)/cypress/psoc creator/3.0/psoc creator/import/gnu_cs/arm/4.7.3/bin/../lib/gcc/arm-none-eabi/4.7.3/../../../../arm-none-eabi/lib/armv7-m\libg.a(lib_a-strtol.o)
                0x00009140                _strtol_r
 .text._strtoll_r
                0x00009270      0x1b0 c:/program files (x86)/cypress/psoc creator/3.0/psoc creator/import/gnu_cs/arm/4.7.3/bin/../lib/gcc/arm-none-eabi/4.7.3/../../../../arm-none-eabi/lib/armv7-m\libg.a(lib_a-strtoll_r.o)
                0x00009270                _strtoll_r
 .text._strtoul_r
                0x00009420      0x150 c:/program files (x86)/cypress/psoc creator/3.0/psoc creator/import/gnu_cs/arm/4.7.3/bin/../lib/gcc/arm-none-eabi/4.7.3/../../../../arm-none-eabi/lib/armv7-m\libg.a(lib_a-strtoul.o)
                0x00009420                _strtoul_r
 .text._strtoull_r
                0x00009570      0x1f0 c:/program files (x86)/cypress/psoc creator/3.0/psoc creator/import/gnu_cs/arm/4.7.3/bin/../lib/gcc/arm-none-eabi/4.7.3/../../../../arm-none-eabi/lib/armv7-m\libg.a(lib_a-strtoull_r.o)
                0x00009570                _strtoull_r
 .text._sungetc_r
                0x00009760       0x80 c:/program files (x86)/cypress/psoc creator/3.0/psoc creator/import/gnu_cs/arm/4.7.3/bin/../lib/gcc/arm-none-eabi/4.7.3/../../../../arm-none-eabi/lib/armv7-m\libg.a(lib_a-svfiscanf.o)
                0x00009760                _sungetc_r
 .text.__ssrefill_r
                0x000097e0       0x3c c:/program files (x86)/cypress/psoc creator/3.0/psoc creator/import/gnu_cs/arm/4.7.3/bin/../lib/gcc/arm-none-eabi/4.7.3/../../../../arm-none-eabi/lib/armv7-m\libg.a(lib_a-svfiscanf.o)
                0x000097e0                __ssrefill_r
 .text._sfread_r
                0x0000981c       0x7c c:/program files (x86)/cypress/psoc creator/3.0/psoc creator/import/gnu_cs/arm/4.7.3/bin/../lib/gcc/arm-none-eabi/4.7.3/../../../../arm-none-eabi/lib/armv7-m\libg.a(lib_a-svfiscanf.o)
                0x0000981c                _sfread_r
 .text._svfprintf_r
                0x00009898     0x1adc c:/program files (x86)/cypress/psoc creator/3.0/psoc creator/import/gnu_cs/arm/4.7.3/bin/../lib/gcc/arm-none-eabi/4.7.3/../../../../arm-none-eabi/lib/armv7-m\libg.a(lib_a-svfprintf.o)
                0x00009898                _svfprintf_r
 .text.__submore
                0x0000b374       0x7c c:/program files (x86)/cypress/psoc creator/3.0/psoc creator/import/gnu_cs/arm/4.7.3/bin/../lib/gcc/arm-none-eabi/4.7.3/../../../../arm-none-eabi/lib/armv7-m\libg.a(lib_a-ungetc.o)
                0x0000b374                __submore
 .text.quorem   0x0000b3f0      0x2ec c:/program files (x86)/cypress/psoc creator/3.0/psoc creator/import/gnu_cs/arm/4.7.3/bin/../lib/gcc/arm-none-eabi/4.7.3/../../../../arm-none-eabi/lib/armv7-m\libg.a(lib_a-dtoa.o)
 *fill*         0x0000b6dc        0x4 00
 .text._dtoa_r  0x0000b6e0     0x11f8 c:/program files (x86)/cypress/psoc creator/3.0/psoc creator/import/gnu_cs/arm/4.7.3/bin/../lib/gcc/arm-none-eabi/4.7.3/../../../../arm-none-eabi/lib/armv7-m\libg.a(lib_a-dtoa.o)
                0x0000b6e0                _dtoa_r
 .text._malloc_trim_r
                0x0000c8d8       0x98 c:/program files (x86)/cypress/psoc creator/3.0/psoc creator/import/gnu_cs/arm/4.7.3/bin/../lib/gcc/arm-none-eabi/4.7.3/../../../../arm-none-eabi/lib/armv7-m\libg.a(lib_a-freer.o)
                0x0000c8d8                _malloc_trim_r
 .text._free_r  0x0000c970      0x194 c:/program files (x86)/cypress/psoc creator/3.0/psoc creator/import/gnu_cs/arm/4.7.3/bin/../lib/gcc/arm-none-eabi/4.7.3/../../../../arm-none-eabi/lib/armv7-m\libg.a(lib_a-freer.o)
                0x0000c970                _free_r
 .text.rshift   0x0000cb04      0x148 c:/program files (x86)/cypress/psoc creator/3.0/psoc creator/import/gnu_cs/arm/4.7.3/bin/../lib/gcc/arm-none-eabi/4.7.3/../../../../arm-none-eabi/lib/armv7-m\libg.a(lib_a-gdtoa-gethex.o)
 .text.__hexdig_init
                0x0000cc4c       0x50 c:/program files (x86)/cypress/psoc creator/3.0/psoc creator/import/gnu_cs/arm/4.7.3/bin/../lib/gcc/arm-none-eabi/4.7.3/../../../../arm-none-eabi/lib/armv7-m\libg.a(lib_a-gdtoa-gethex.o)
                0x0000cc4c                __hexdig_init
 .text.__gethex
                0x0000cc9c      0x588 c:/program files (x86)/cypress/psoc creator/3.0/psoc creator/import/gnu_cs/arm/4.7.3/bin/../lib/gcc/arm-none-eabi/4.7.3/../../../../arm-none-eabi/lib/armv7-m\libg.a(lib_a-gdtoa-gethex.o)
                0x0000cc9c                __gethex
 .text.__hexnan
                0x0000d224      0x2f0 c:/program files (x86)/cypress/psoc creator/3.0/psoc creator/import/gnu_cs/arm/4.7.3/bin/../lib/gcc/arm-none-eabi/4.7.3/../../../../arm-none-eabi/lib/armv7-m\libg.a(lib_a-gdtoa-hexnan.o)
                0x0000d224                __hexnan
 .text.memchr   0x0000d514      0x140 c:/program files (x86)/cypress/psoc creator/3.0/psoc creator/import/gnu_cs/arm/4.7.3/bin/../lib/gcc/arm-none-eabi/4.7.3/../../../../arm-none-eabi/lib/armv7-m\libg.a(lib_a-memchr.o)
                0x0000d514                memchr
 .text._Balloc  0x0000d654       0x4c c:/program files (x86)/cypress/psoc creator/3.0/psoc creator/import/gnu_cs/arm/4.7.3/bin/../lib/gcc/arm-none-eabi/4.7.3/../../../../arm-none-eabi/lib/armv7-m\libg.a(lib_a-mprec.o)
                0x0000d654                _Balloc
 .text._Bfree   0x0000d6a0       0x14 c:/program files (x86)/cypress/psoc creator/3.0/psoc creator/import/gnu_cs/arm/4.7.3/bin/../lib/gcc/arm-none-eabi/4.7.3/../../../../arm-none-eabi/lib/armv7-m\libg.a(lib_a-mprec.o)
                0x0000d6a0                _Bfree
 .text.__multadd
                0x0000d6b4       0xfc c:/program files (x86)/cypress/psoc creator/3.0/psoc creator/import/gnu_cs/arm/4.7.3/bin/../lib/gcc/arm-none-eabi/4.7.3/../../../../arm-none-eabi/lib/armv7-m\libg.a(lib_a-mprec.o)
                0x0000d6b4                __multadd
 .text.__s2b    0x0000d7b0      0x140 c:/program files (x86)/cypress/psoc creator/3.0/psoc creator/import/gnu_cs/arm/4.7.3/bin/../lib/gcc/arm-none-eabi/4.7.3/../../../../arm-none-eabi/lib/armv7-m\libg.a(lib_a-mprec.o)
                0x0000d7b0                __s2b
 .text.__hi0bits
                0x0000d8f0       0x3c c:/program files (x86)/cypress/psoc creator/3.0/psoc creator/import/gnu_cs/arm/4.7.3/bin/../lib/gcc/arm-none-eabi/4.7.3/../../../../arm-none-eabi/lib/armv7-m\libg.a(lib_a-mprec.o)
                0x0000d8f0                __hi0bits
 .text.__lo0bits
                0x0000d92c       0x5c c:/program files (x86)/cypress/psoc creator/3.0/psoc creator/import/gnu_cs/arm/4.7.3/bin/../lib/gcc/arm-none-eabi/4.7.3/../../../../arm-none-eabi/lib/armv7-m\libg.a(lib_a-mprec.o)
                0x0000d92c                __lo0bits
 .text.__i2b    0x0000d988       0x14 c:/program files (x86)/cypress/psoc creator/3.0/psoc creator/import/gnu_cs/arm/4.7.3/bin/../lib/gcc/arm-none-eabi/4.7.3/../../../../arm-none-eabi/lib/armv7-m\libg.a(lib_a-mprec.o)
                0x0000d988                __i2b
 .text.__multiply
                0x0000d99c      0x2d0 c:/program files (x86)/cypress/psoc creator/3.0/psoc creator/import/gnu_cs/arm/4.7.3/bin/../lib/gcc/arm-none-eabi/4.7.3/../../../../arm-none-eabi/lib/armv7-m\libg.a(lib_a-mprec.o)
                0x0000d99c                __multiply
 .text.__pow5mult
                0x0000dc6c       0x94 c:/program files (x86)/cypress/psoc creator/3.0/psoc creator/import/gnu_cs/arm/4.7.3/bin/../lib/gcc/arm-none-eabi/4.7.3/../../../../arm-none-eabi/lib/armv7-m\libg.a(lib_a-mprec.o)
                0x0000dc6c                __pow5mult
 .text.__lshift
                0x0000dd00      0x16c c:/program files (x86)/cypress/psoc creator/3.0/psoc creator/import/gnu_cs/arm/4.7.3/bin/../lib/gcc/arm-none-eabi/4.7.3/../../../../arm-none-eabi/lib/armv7-m\libg.a(lib_a-mprec.o)
                0x0000dd00                __lshift
 .text.__mcmp   0x0000de6c       0x5c c:/program files (x86)/cypress/psoc creator/3.0/psoc creator/import/gnu_cs/arm/4.7.3/bin/../lib/gcc/arm-none-eabi/4.7.3/../../../../arm-none-eabi/lib/armv7-m\libg.a(lib_a-mprec.o)
                0x0000de6c                __mcmp
 .text.__mdiff  0x0000dec8      0x218 c:/program files (x86)/cypress/psoc creator/3.0/psoc creator/import/gnu_cs/arm/4.7.3/bin/../lib/gcc/arm-none-eabi/4.7.3/../../../../arm-none-eabi/lib/armv7-m\libg.a(lib_a-mprec.o)
                0x0000dec8                __mdiff
 .text.__ulp    0x0000e0e0       0x44 c:/program files (x86)/cypress/psoc creator/3.0/psoc creator/import/gnu_cs/arm/4.7.3/bin/../lib/gcc/arm-none-eabi/4.7.3/../../../../arm-none-eabi/lib/armv7-m\libg.a(lib_a-mprec.o)
                0x0000e0e0                __ulp
 .text.__b2d    0x0000e124       0xbc c:/program files (x86)/cypress/psoc creator/3.0/psoc creator/import/gnu_cs/arm/4.7.3/bin/../lib/gcc/arm-none-eabi/4.7.3/../../../../arm-none-eabi/lib/armv7-m\libg.a(lib_a-mprec.o)
                0x0000e124                __b2d
 .text.__d2b    0x0000e1e0       0xc0 c:/program files (x86)/cypress/psoc creator/3.0/psoc creator/import/gnu_cs/arm/4.7.3/bin/../lib/gcc/arm-none-eabi/4.7.3/../../../../arm-none-eabi/lib/armv7-m\libg.a(lib_a-mprec.o)
                0x0000e1e0                __d2b
 .text.__ratio  0x0000e2a0       0x54 c:/program files (x86)/cypress/psoc creator/3.0/psoc creator/import/gnu_cs/arm/4.7.3/bin/../lib/gcc/arm-none-eabi/4.7.3/../../../../arm-none-eabi/lib/armv7-m\libg.a(lib_a-mprec.o)
                0x0000e2a0                __ratio
 .text.__copybits
                0x0000e2f4       0xa0 c:/program files (x86)/cypress/psoc creator/3.0/psoc creator/import/gnu_cs/arm/4.7.3/bin/../lib/gcc/arm-none-eabi/4.7.3/../../../../arm-none-eabi/lib/armv7-m\libg.a(lib_a-mprec.o)
                0x0000e2f4                __copybits
 .text.__any_on
                0x0000e394       0x74 c:/program files (x86)/cypress/psoc creator/3.0/psoc creator/import/gnu_cs/arm/4.7.3/bin/../lib/gcc/arm-none-eabi/4.7.3/../../../../arm-none-eabi/lib/armv7-m\libg.a(lib_a-mprec.o)
                0x0000e394                __any_on
 .text._realloc_r
                0x0000e408      0x3ec c:/program files (x86)/cypress/psoc creator/3.0/psoc creator/import/gnu_cs/arm/4.7.3/bin/../lib/gcc/arm-none-eabi/4.7.3/../../../../arm-none-eabi/lib/armv7-m\libg.a(lib_a-reallocr.o)
                0x0000e408                _realloc_r
 .text.strncmp  0x0000e7f4      0x120 c:/program files (x86)/cypress/psoc creator/3.0/psoc creator/import/gnu_cs/arm/4.7.3/bin/../lib/gcc/arm-none-eabi/4.7.3/../../../../arm-none-eabi/lib/armv7-m\libg.a(lib_a-strncmp.o)
                0x0000e7f4                strncmp
 .text.__ssprint_r
                0x0000e914      0x100 c:/program files (x86)/cypress/psoc creator/3.0/psoc creator/import/gnu_cs/arm/4.7.3/bin/../lib/gcc/arm-none-eabi/4.7.3/../../../../arm-none-eabi/lib/armv7-m\libg.a(lib_a-svfiprintf.o)
                0x0000e914                __ssprint_r
 .text._calloc_r
                0x0000ea14       0x60 c:/program files (x86)/cypress/psoc creator/3.0/psoc creator/import/gnu_cs/arm/4.7.3/bin/../lib/gcc/arm-none-eabi/4.7.3/../../../../arm-none-eabi/lib/armv7-m\libg.a(lib_a-callocr.o)
                0x0000ea14                _calloc_r
 .text.memmove  0x0000ea74      0x1b0 c:/program files (x86)/cypress/psoc creator/3.0/psoc creator/import/gnu_cs/arm/4.7.3/bin/../lib/gcc/arm-none-eabi/4.7.3/../../../../arm-none-eabi/lib/armv7-m\libg.a(lib_a-memmove.o)
                0x0000ea74                memmove
 .text          0x0000ec24      0x370 c:/program files (x86)/cypress/psoc creator/3.0/psoc creator/import/gnu_cs/arm/4.7.3/bin/../lib/gcc/arm-none-eabi/4.7.3/armv7-m\libgcc.a(_arm_addsubdf3.o)
                0x0000ec24                __aeabi_drsub
                0x0000ec2c                __aeabi_dsub
                0x0000ec2c                __subdf3
                0x0000ec30                __aeabi_dadd
                0x0000ec30                __adddf3
                0x0000eea8                __floatunsidf
                0x0000eea8                __aeabi_ui2d
                0x0000eec8                __floatsidf
                0x0000eec8                __aeabi_i2d
                0x0000eeec                __aeabi_f2d
                0x0000eeec                __extendsfdf2
                0x0000ef28                __floatundidf
                0x0000ef28                __aeabi_ul2d
                0x0000ef38                __floatdidf
                0x0000ef38                __aeabi_l2d
 .text          0x0000ef94      0x424 c:/program files (x86)/cypress/psoc creator/3.0/psoc creator/import/gnu_cs/arm/4.7.3/bin/../lib/gcc/arm-none-eabi/4.7.3/armv7-m\libgcc.a(_arm_muldivdf3.o)
                0x0000ef94                __aeabi_dmul
                0x0000ef94                __muldf3
                0x0000f1e8                __divdf3
                0x0000f1e8                __aeabi_ddiv
 .text          0x0000f3b8      0x110 c:/program files (x86)/cypress/psoc creator/3.0/psoc creator/import/gnu_cs/arm/4.7.3/bin/../lib/gcc/arm-none-eabi/4.7.3/armv7-m\libgcc.a(_arm_cmpdf2.o)
                0x0000f3b8                __gtdf2
                0x0000f3b8                __gedf2
                0x0000f3c0                __ltdf2
                0x0000f3c0                __ledf2
                0x0000f3c8                __nedf2
                0x0000f3c8                __eqdf2
                0x0000f3c8                __cmpdf2
                0x0000f444                __aeabi_cdrcmple
                0x0000f454                __aeabi_cdcmpeq
                0x0000f454                __aeabi_cdcmple
                0x0000f464                __aeabi_dcmpeq
                0x0000f478                __aeabi_dcmplt
                0x0000f48c                __aeabi_dcmple
                0x0000f4a0                __aeabi_dcmpge
                0x0000f4b4                __aeabi_dcmpgt
 .text          0x0000f4c8       0x50 c:/program files (x86)/cypress/psoc creator/3.0/psoc creator/import/gnu_cs/arm/4.7.3/bin/../lib/gcc/arm-none-eabi/4.7.3/armv7-m\libgcc.a(_arm_fixdfsi.o)
                0x0000f4c8                __aeabi_d2iz
                0x0000f4c8                __fixdfsi
 .text          0x0000f518       0x40 c:/program files (x86)/cypress/psoc creator/3.0/psoc creator/import/gnu_cs/arm/4.7.3/bin/../lib/gcc/arm-none-eabi/4.7.3/armv7-m\libgcc.a(_arm_fixunsdfsi.o)
                0x0000f518                __aeabi_d2uiz
                0x0000f518                __fixunsdfsi
 .text          0x0000f558       0xa0 c:/program files (x86)/cypress/psoc creator/3.0/psoc creator/import/gnu_cs/arm/4.7.3/bin/../lib/gcc/arm-none-eabi/4.7.3/armv7-m\libgcc.a(_arm_truncdfsf2.o)
                0x0000f558                __truncdfsf2
                0x0000f558                __aeabi_d2f
 .text          0x0000f5f8       0x2c c:/program files (x86)/cypress/psoc creator/3.0/psoc creator/import/gnu_cs/arm/4.7.3/bin/../lib/gcc/arm-none-eabi/4.7.3/armv7-m\libgcc.a(_aeabi_uldivmod.o)
                0x0000f5f8                __aeabi_uldivmod
 .text          0x0000f624       0x60 c:/program files (x86)/cypress/psoc creator/3.0/psoc creator/import/gnu_cs/arm/4.7.3/bin/../lib/gcc/arm-none-eabi/4.7.3/armv7-m\libgcc.a(bpabi.o)
                0x0000f624                __gnu_ldivmod_helper
                0x0000f654                __gnu_uldivmod_helper
 .text          0x0000f684        0x4 c:/program files (x86)/cypress/psoc creator/3.0/psoc creator/import/gnu_cs/arm/4.7.3/bin/../lib/gcc/arm-none-eabi/4.7.3/armv7-m\libgcc.a(_dvmd_tls.o)
                0x0000f684                __aeabi_idiv0
                0x0000f684                __aeabi_ldiv0
 .text          0x0000f688      0x2bc c:/program files (x86)/cypress/psoc creator/3.0/psoc creator/import/gnu_cs/arm/4.7.3/bin/../lib/gcc/arm-none-eabi/4.7.3/armv7-m\libgcc.a(_divdi3.o)
                0x0000f688                __divdi3
 .text          0x0000f944      0x28c c:/program files (x86)/cypress/psoc creator/3.0/psoc creator/import/gnu_cs/arm/4.7.3/bin/../lib/gcc/arm-none-eabi/4.7.3/armv7-m\libgcc.a(_udivdi3.o)
                0x0000f944                __udivdi3
 .text._sbrk    0x0000fbd0       0x34 c:/program files (x86)/cypress/psoc creator/3.0/psoc creator/import/gnu_cs/arm/4.7.3/bin/../lib/gcc/arm-none-eabi/4.7.3/../../../../arm-none-eabi/lib/armv7-m\libnosys.a(sbrk.o)
                0x0000fbd0                _sbrk
 *(.plt)
 *(.gnu.warning)
 *(.glue_7t)
 .glue_7t       0x00000000        0x0 linker stubs
 *(.glue_7)
 .glue_7        0x00000000        0x0 linker stubs
 *(.vfp11_veneer)
 .vfp11_veneer  0x00000000        0x0 linker stubs
 *(.bootloader)
 *(.ARM.extab* .gnu.linkonce.armextab.*)
 *(.gcc_except_table)

.v4_bx          0x0000fc04        0x0
 .v4_bx         0x00000000        0x0 linker stubs

.iplt           0x0000fc04        0x0
 .iplt          0x00000000        0x0 c:/program files (x86)/cypress/psoc creator/3.0/psoc creator/import/gnu_cs/arm/4.7.3/bin/../lib/gcc/arm-none-eabi/4.7.3/armv7-m/crtbegin.o

.eh_frame_hdr
 *(.eh_frame_hdr)

.eh_frame       0x0000fc04        0x4
 *(.eh_frame)
 .eh_frame      0x0000fc04        0x0 c:/program files (x86)/cypress/psoc creator/3.0/psoc creator/import/gnu_cs/arm/4.7.3/bin/../lib/gcc/arm-none-eabi/4.7.3/armv7-m/crtbegin.o
 .eh_frame      0x0000fc04        0x4 c:/program files (x86)/cypress/psoc creator/3.0/psoc creator/import/gnu_cs/arm/4.7.3/bin/../lib/gcc/arm-none-eabi/4.7.3/armv7-m/crtend.o
                0x0000fc08                PROVIDE (__exidx_start, .)

.ARM.exidx      0x0000fc08        0x8
 *(.ARM.exidx* .gnu.linkonce.armexidx.*)
 .ARM.exidx     0x0000fc08        0x8 c:/program files (x86)/cypress/psoc creator/3.0/psoc creator/import/gnu_cs/arm/4.7.3/bin/../lib/gcc/arm-none-eabi/4.7.3/armv7-m\libgcc.a(_divdi3.o)
 .ARM.exidx     0x0000fc10        0x0 c:/program files (x86)/cypress/psoc creator/3.0/psoc creator/import/gnu_cs/arm/4.7.3/bin/../lib/gcc/arm-none-eabi/4.7.3/armv7-m\libgcc.a(_udivdi3.o)
                                  0x8 (size before relaxing)
                0x0000fc10                __exidx_end = .

.rodata         0x0000fc10      0x6a0
 *(.rodata .rodata.* .gnu.linkonce.r.*)
 .rodata        0x0000fc10        0x8 .\CortexM3\ARM_GCC_473\Debug\Ultrasonic_Maxbotix.o
 .rodata        0x0000fc18       0x10 .\CortexM3\ARM_GCC_473\Debug\SoilMoisture_Decagon.o
 .rodata        0x0000fc28       0x70 .\CortexM3\ARM_GCC_473\Debug\Sensor_Node.a(cyfitter_cfg.o)
 .rodata        0x0000fc98      0x200 ..\..\..\neolib\libneomote.a(fcs.o)
 .rodata        0x0000fe98       0x68 ..\..\..\emFile_V322b\LinkLibrary\PSoC5\GCC\libemf32nosnlfn.a(MMC_Drv.o)
                0x0000fee0                FS_MMC_SPI_Driver
 .rodata.str1.1
                0x0000ff00        0x4 ..\..\..\emFile_V322b\LinkLibrary\PSoC5\GCC\libemf32nosnlfn.a(MMC_Drv.o)
 .rodata.str1.4
                0x0000ff04        0x2 c:/program files (x86)/cypress/psoc creator/3.0/psoc creator/import/gnu_cs/arm/4.7.3/bin/../lib/gcc/arm-none-eabi/4.7.3/../../../../arm-none-eabi/lib/armv7-m\libg.a(lib_a-impure.o)
                                  0x4 (size before relaxing)
 *fill*         0x0000ff06        0x2 00
 .rodata._global_impure_ptr
                0x0000ff08        0x4 c:/program files (x86)/cypress/psoc creator/3.0/psoc creator/import/gnu_cs/arm/4.7.3/bin/../lib/gcc/arm-none-eabi/4.7.3/../../../../arm-none-eabi/lib/armv7-m\libg.a(lib_a-impure.o)
                0x0000ff08                _global_impure_ptr
 .rodata.mon_lengths
                0x0000ff0c       0x60 c:/program files (x86)/cypress/psoc creator/3.0/psoc creator/import/gnu_cs/arm/4.7.3/bin/../lib/gcc/arm-none-eabi/4.7.3/../../../../arm-none-eabi/lib/armv7-m\libg.a(lib_a-mktm_r.o)
 .rodata.year_lengths
                0x0000ff6c        0x8 c:/program files (x86)/cypress/psoc creator/3.0/psoc creator/import/gnu_cs/arm/4.7.3/bin/../lib/gcc/arm-none-eabi/4.7.3/../../../../arm-none-eabi/lib/armv7-m\libg.a(lib_a-mktm_r.o)
 .rodata.basefix.6637
                0x0000ff74       0x24 c:/program files (x86)/cypress/psoc creator/3.0/psoc creator/import/gnu_cs/arm/4.7.3/bin/../lib/gcc/arm-none-eabi/4.7.3/../../../../arm-none-eabi/lib/armv7-m\libg.a(lib_a-svfscanf.o)
 .rodata.str1.4
                0x0000ff98        0x5 c:/program files (x86)/cypress/psoc creator/3.0/psoc creator/import/gnu_cs/arm/4.7.3/bin/../lib/gcc/arm-none-eabi/4.7.3/../../../../arm-none-eabi/lib/armv7-m\libg.a(lib_a-svfscanf.o)
                                  0x8 (size before relaxing)
 *fill*         0x0000ff9d        0x3 00
 .rodata._ctype_
                0x0000ffa0      0x104 c:/program files (x86)/cypress/psoc creator/3.0/psoc creator/import/gnu_cs/arm/4.7.3/bin/../lib/gcc/arm-none-eabi/4.7.3/../../../../arm-none-eabi/lib/armv7-m\libg.a(lib_a-ctype_.o)
                0x0000ffa0                _ctype_
 .rodata.str1.4
                0x000100a4        0xa c:/program files (x86)/cypress/psoc creator/3.0/psoc creator/import/gnu_cs/arm/4.7.3/bin/../lib/gcc/arm-none-eabi/4.7.3/../../../../arm-none-eabi/lib/armv7-m\libg.a(lib_a-locale.o)
                                 0x14 (size before relaxing)
 .rodata.str1.4
                0x00000000        0x4 c:/program files (x86)/cypress/psoc creator/3.0/psoc creator/import/gnu_cs/arm/4.7.3/bin/../lib/gcc/arm-none-eabi/4.7.3/../../../../arm-none-eabi/lib/armv7-m\libg.a(lib_a-mbrtowc.o)
 *fill*         0x000100ae        0x2 00
 .rodata.str1.4
                0x000100b0        0xf c:/program files (x86)/cypress/psoc creator/3.0/psoc creator/import/gnu_cs/arm/4.7.3/bin/../lib/gcc/arm-none-eabi/4.7.3/../../../../arm-none-eabi/lib/armv7-m\libg.a(lib_a-strtod.o)
                                 0x10 (size before relaxing)
 *fill*         0x000100bf        0x1 00
 .rodata.tinytens
                0x000100c0       0x28 c:/program files (x86)/cypress/psoc creator/3.0/psoc creator/import/gnu_cs/arm/4.7.3/bin/../lib/gcc/arm-none-eabi/4.7.3/../../../../arm-none-eabi/lib/armv7-m\libg.a(lib_a-strtod.o)
 .rodata.str1.4
                0x000100e8       0x42 c:/program files (x86)/cypress/psoc creator/3.0/psoc creator/import/gnu_cs/arm/4.7.3/bin/../lib/gcc/arm-none-eabi/4.7.3/../../../../arm-none-eabi/lib/armv7-m\libg.a(lib_a-svfprintf.o)
                                 0x44 (size before relaxing)
 *fill*         0x0001012a        0x2 00
 .rodata.zeroes.6721
                0x0001012c       0x10 c:/program files (x86)/cypress/psoc creator/3.0/psoc creator/import/gnu_cs/arm/4.7.3/bin/../lib/gcc/arm-none-eabi/4.7.3/../../../../arm-none-eabi/lib/armv7-m\libg.a(lib_a-svfprintf.o)
 .rodata.blanks.6720
                0x0001013c       0x10 c:/program files (x86)/cypress/psoc creator/3.0/psoc creator/import/gnu_cs/arm/4.7.3/bin/../lib/gcc/arm-none-eabi/4.7.3/../../../../arm-none-eabi/lib/armv7-m\libg.a(lib_a-svfprintf.o)
 .rodata.str1.4
                0x0001014c       0x10 c:/program files (x86)/cypress/psoc creator/3.0/psoc creator/import/gnu_cs/arm/4.7.3/bin/../lib/gcc/arm-none-eabi/4.7.3/../../../../arm-none-eabi/lib/armv7-m\libg.a(lib_a-dtoa.o)
                                 0x14 (size before relaxing)
 .rodata.str1.4
                0x0001015c       0x1c c:/program files (x86)/cypress/psoc creator/3.0/psoc creator/import/gnu_cs/arm/4.7.3/bin/../lib/gcc/arm-none-eabi/4.7.3/../../../../arm-none-eabi/lib/armv7-m\libg.a(lib_a-gdtoa-gethex.o)
 .rodata.p05.5242
                0x00010178        0xc c:/program files (x86)/cypress/psoc creator/3.0/psoc creator/import/gnu_cs/arm/4.7.3/bin/../lib/gcc/arm-none-eabi/4.7.3/../../../../arm-none-eabi/lib/armv7-m\libg.a(lib_a-mprec.o)
 *fill*         0x00010184        0x4 00
 .rodata.__mprec_tens
                0x00010188       0xc8 c:/program files (x86)/cypress/psoc creator/3.0/psoc creator/import/gnu_cs/arm/4.7.3/bin/../lib/gcc/arm-none-eabi/4.7.3/../../../../arm-none-eabi/lib/armv7-m\libg.a(lib_a-mprec.o)
                0x00010188                __mprec_tens
 .rodata.__mprec_bigtens
                0x00010250       0x28 c:/program files (x86)/cypress/psoc creator/3.0/psoc creator/import/gnu_cs/arm/4.7.3/bin/../lib/gcc/arm-none-eabi/4.7.3/../../../../arm-none-eabi/lib/armv7-m\libg.a(lib_a-mprec.o)
                0x00010250                __mprec_bigtens
                0x00010278                . = ALIGN (0x4)
 *(.init)
 .init          0x00010278        0x4 c:/program files (x86)/cypress/psoc creator/3.0/psoc creator/import/gnu_cs/arm/4.7.3/bin/../lib/gcc/arm-none-eabi/4.7.3/armv7-m/crti.o
                0x00010278                _init
 .init          0x0001027c        0x8 c:/program files (x86)/cypress/psoc creator/3.0/psoc creator/import/gnu_cs/arm/4.7.3/bin/../lib/gcc/arm-none-eabi/4.7.3/armv7-m/crtn.o
                0x00010284                . = ALIGN (0x4)
                0x00010284                __preinit_array_start = .
 *(.preinit_array)
                0x00010284                __preinit_array_end = .
                0x00010284                . = ALIGN (0x4)
                0x00010284                __init_array_start = .
 *(SORT(.init_array.*))
 .init_array.00000
                0x00010284        0x4 c:/program files (x86)/cypress/psoc creator/3.0/psoc creator/import/gnu_cs/arm/4.7.3/bin/../lib/gcc/arm-none-eabi/4.7.3/../../../../arm-none-eabi/lib/armv7-m\libg.a(lib_a-__call_atexit.o)
 *(.init_array)
 .init_array    0x00010288        0x4 c:/program files (x86)/cypress/psoc creator/3.0/psoc creator/import/gnu_cs/arm/4.7.3/bin/../lib/gcc/arm-none-eabi/4.7.3/armv7-m/crtbegin.o
 .init_array    0x0001028c        0x4 .\CortexM3\ARM_GCC_473\Debug\Cm3Start.o
                0x00010290                __init_array_end = .
                0x00010290                . = ALIGN (0x4)
 *(.fini)
 .fini          0x00010290        0x4 c:/program files (x86)/cypress/psoc creator/3.0/psoc creator/import/gnu_cs/arm/4.7.3/bin/../lib/gcc/arm-none-eabi/4.7.3/armv7-m/crti.o
                0x00010290                _fini
 .fini          0x00010294        0x8 c:/program files (x86)/cypress/psoc creator/3.0/psoc creator/import/gnu_cs/arm/4.7.3/bin/../lib/gcc/arm-none-eabi/4.7.3/armv7-m/crtn.o
                0x0001029c                . = ALIGN (0x4)
                0x0001029c                __fini_array_start = .
 *(.fini_array)
 .fini_array    0x0001029c        0x4 c:/program files (x86)/cypress/psoc creator/3.0/psoc creator/import/gnu_cs/arm/4.7.3/bin/../lib/gcc/arm-none-eabi/4.7.3/armv7-m/crtbegin.o
 *(SORT(.fini_array.*))
                0x000102a0                __fini_array_end = .
                0x000102a0                . = ALIGN (0x4)
 *crtbegin.o(.ctors)
 *(EXCLUDE_FILE(*crtend.o) .ctors)
 *(SORT(.ctors.*))
 *crtend.o(.ctors)
                0x000102a0                . = ALIGN (0x4)
 *crtbegin.o(.dtors)
 *(EXCLUDE_FILE(*crtend.o) .dtors)
 *(SORT(.dtors.*))
 *crtend.o(.dtors)
                0x000102a0                . = ALIGN (0x4)
                0x000102a0                __cy_regions = .
                0x000102a0        0x4 LONG 0x102b0 __cy_region_init_ram
                0x000102a4        0x4 LONG 0x1fff8108 __cy_region_start_data
                0x000102a8        0x4 LONG 0xa70 __cy_region_init_size_ram
                0x000102ac        0x4 LONG 0x18b8 __cy_region_zero_size_ram
                0x000102b0                __cy_regions_end = .
                0x000102b0                . = ALIGN (0x8)
                0x000102b0                _etext = .

.ramvectors     0x1fff8000      0x100
                0x1fff8000                __cy_region_start_ram = .
 *(.ramvectors)
 .ramvectors    0x1fff8000      0x100 .\CortexM3\ARM_GCC_473\Debug\Cm3Start.o
                0x1fff8000                CyRamVectors

.noinit         0x1fff8100        0x5
 *(.noinit)
 .noinit        0x1fff8100        0x4 .\CortexM3\ARM_GCC_473\Debug\Cm3Start.o
 .noinit        0x1fff8104        0x1 .\CortexM3\ARM_GCC_473\Debug\Sensor_Node.a(CyLib.o)
                0x1fff8104                CyResetStatus

.data           0x1fff8108      0xa70 load address 0x000102b0
                0x1fff8108                __cy_region_start_data = .
 *(.jcr)
 .jcr           0x1fff8108        0x0 c:/program files (x86)/cypress/psoc creator/3.0/psoc creator/import/gnu_cs/arm/4.7.3/bin/../lib/gcc/arm-none-eabi/4.7.3/armv7-m/crtbegin.o
 .jcr           0x1fff8108        0x4 c:/program files (x86)/cypress/psoc creator/3.0/psoc creator/import/gnu_cs/arm/4.7.3/bin/../lib/gcc/arm-none-eabi/4.7.3/armv7-m/crtend.o
 *(.got.plt)
 *(.got)
 *(.shdata)
 *(.data .data.* .gnu.linkonce.d.*)
 .data          0x1fff810c       0x10 .\CortexM3\ARM_GCC_473\Debug\Sensor_Node.a(CyLib.o)
                0x1fff810c                cydelay_freq_hz
                0x1fff8110                cydelay_freq_khz
                0x1fff8114                cydelay_freq_mhz
                0x1fff8118                cydelay_32k_ms
 .data          0x1fff811c      0x148 ..\..\..\neolib\libneomote.a(OskiStateMachine.o)
                0x1fff811c                val_add
 .data          0x1fff8264        0x8 .\CortexM3\ARM_GCC_473\Debug\Sensor_Node.a(NEOMOTE_1_I2C_0_PM.o)
                0x1fff8264                NEOMOTE_1_I2C_0_backup
 .data          0x1fff826c        0x4 ..\..\..\emFile_V322b\LinkLibrary\PSoC5\GCC\libemf32nosnlfn.a(MMC_Drv.o)
 .data.impure_data
                0x1fff8270      0x428 c:/program files (x86)/cypress/psoc creator/3.0/psoc creator/import/gnu_cs/arm/4.7.3/bin/../lib/gcc/arm-none-eabi/4.7.3/../../../../arm-none-eabi/lib/armv7-m\libg.a(lib_a-impure.o)
 .data._impure_ptr
                0x1fff8698        0x4 c:/program files (x86)/cypress/psoc creator/3.0/psoc creator/import/gnu_cs/arm/4.7.3/bin/../lib/gcc/arm-none-eabi/4.7.3/../../../../arm-none-eabi/lib/armv7-m\libg.a(lib_a-impure.o)
                0x1fff8698                _impure_ptr
 .data.__ctype_ptr__
                0x1fff869c        0x4 c:/program files (x86)/cypress/psoc creator/3.0/psoc creator/import/gnu_cs/arm/4.7.3/bin/../lib/gcc/arm-none-eabi/4.7.3/../../../../arm-none-eabi/lib/armv7-m\libg.a(lib_a-ctype_.o)
                0x1fff869c                __ctype_ptr__
 .data.tzinfo   0x1fff86a0       0x40 c:/program files (x86)/cypress/psoc creator/3.0/psoc creator/import/gnu_cs/arm/4.7.3/bin/../lib/gcc/arm-none-eabi/4.7.3/../../../../arm-none-eabi/lib/armv7-m\libg.a(lib_a-gettzinfo.o)
 .data.lconv    0x1fff86e0       0x38 c:/program files (x86)/cypress/psoc creator/3.0/psoc creator/import/gnu_cs/arm/4.7.3/bin/../lib/gcc/arm-none-eabi/4.7.3/../../../../arm-none-eabi/lib/armv7-m\libg.a(lib_a-locale.o)
 .data.lc_ctype_charset
                0x1fff8718       0x20 c:/program files (x86)/cypress/psoc creator/3.0/psoc creator/import/gnu_cs/arm/4.7.3/bin/../lib/gcc/arm-none-eabi/4.7.3/../../../../arm-none-eabi/lib/armv7-m\libg.a(lib_a-locale.o)
 .data.__mb_cur_max
                0x1fff8738        0x4 c:/program files (x86)/cypress/psoc creator/3.0/psoc creator/import/gnu_cs/arm/4.7.3/bin/../lib/gcc/arm-none-eabi/4.7.3/../../../../arm-none-eabi/lib/armv7-m\libg.a(lib_a-locale.o)
                0x1fff8738                __mb_cur_max
 .data.__malloc_av_
                0x1fff873c      0x408 c:/program files (x86)/cypress/psoc creator/3.0/psoc creator/import/gnu_cs/arm/4.7.3/bin/../lib/gcc/arm-none-eabi/4.7.3/../../../../arm-none-eabi/lib/armv7-m\libg.a(lib_a-mallocr.o)
                0x1fff873c                __malloc_av_
 .data.__malloc_trim_threshold
                0x1fff8b44        0x4 c:/program files (x86)/cypress/psoc creator/3.0/psoc creator/import/gnu_cs/arm/4.7.3/bin/../lib/gcc/arm-none-eabi/4.7.3/../../../../arm-none-eabi/lib/armv7-m\libg.a(lib_a-mallocr.o)
                0x1fff8b44                __malloc_trim_threshold
 .data.__malloc_sbrk_base
                0x1fff8b48        0x4 c:/program files (x86)/cypress/psoc creator/3.0/psoc creator/import/gnu_cs/arm/4.7.3/bin/../lib/gcc/arm-none-eabi/4.7.3/../../../../arm-none-eabi/lib/armv7-m\libg.a(lib_a-mallocr.o)
                0x1fff8b48                __malloc_sbrk_base
 .data.__mbtowc
                0x1fff8b4c        0x4 c:/program files (x86)/cypress/psoc creator/3.0/psoc creator/import/gnu_cs/arm/4.7.3/bin/../lib/gcc/arm-none-eabi/4.7.3/../../../../arm-none-eabi/lib/armv7-m\libg.a(lib_a-mbtowc_r.o)
                0x1fff8b4c                __mbtowc
 .data.fpi.5202
                0x1fff8b50       0x14 c:/program files (x86)/cypress/psoc creator/3.0/psoc creator/import/gnu_cs/arm/4.7.3/bin/../lib/gcc/arm-none-eabi/4.7.3/../../../../arm-none-eabi/lib/armv7-m\libg.a(lib_a-strtod.o)
 .data.fpinan.5238
                0x1fff8b64       0x14 c:/program files (x86)/cypress/psoc creator/3.0/psoc creator/import/gnu_cs/arm/4.7.3/bin/../lib/gcc/arm-none-eabi/4.7.3/../../../../arm-none-eabi/lib/armv7-m\libg.a(lib_a-strtod.o)
                0x1fff8b78                . = ALIGN (0x8)
 *(.ram)
                0x1fff8b78                _edata = .

.igot.plt       0x1fff8b78        0x0 load address 0x00010d20
 .igot.plt      0x00000000        0x0 c:/program files (x86)/cypress/psoc creator/3.0/psoc creator/import/gnu_cs/arm/4.7.3/bin/../lib/gcc/arm-none-eabi/4.7.3/armv7-m/crtbegin.o

.bss            0x1fff8b78     0x18b8 load address 0x00010d20
                0x1fff8b78                PROVIDE (__bss_start__, .)
 *(.shbss)
 *(.bss .bss.* .gnu.linkonce.b.*)
 .bss           0x1fff8b78       0x1c c:/program files (x86)/cypress/psoc creator/3.0/psoc creator/import/gnu_cs/arm/4.7.3/bin/../lib/gcc/arm-none-eabi/4.7.3/armv7-m/crtbegin.o
 .bss           0x1fff8b94        0x1 .\CortexM3\ARM_GCC_473\Debug\Sensor_Node.a(UART_SoilMoisture_Decagon.o)
                0x1fff8b94                UART_SoilMoisture_Decagon_initVar
 .bss           0x1fff8b95        0x1 .\CortexM3\ARM_GCC_473\Debug\Sensor_Node.a(UART_Ultrasonic_Maxbotix.o)
                0x1fff8b95                UART_Ultrasonic_Maxbotix_initVar
 *fill*         0x1fff8b96        0x2 00
 .bss           0x1fff8b98      0x104 ..\..\..\neolib\libneomote.a(OskiHdlc.o)
 .bss           0x1fff8c9c        0xc ..\..\..\emFile_V322b\LinkLibrary\PSoC5\GCC\libemf32nosnlfn.a(FS_Core.o)
 .bss           0x1fff8ca8     0x1000 .\CortexM3\ARM_GCC_473\Debug\Sensor_Node.a(emFile_1_ConfigMMC_SPI.o)
 .bss           0x1fff9ca8        0x2 .\CortexM3\ARM_GCC_473\Debug\Sensor_Node.a(NEOMOTE_1_UART_MOTE.o)
                0x1fff9ca8                NEOMOTE_1_UART_MOTE_initVar
 *fill*         0x1fff9caa        0x2 00
 .bss           0x1fff9cac        0x4 .\CortexM3\ARM_GCC_473\Debug\Sensor_Node.a(NEOMOTE_1_UART_MOTE_PM.o)
 .bss           0x1fff9cb0        0x1 .\CortexM3\ARM_GCC_473\Debug\Sensor_Node.a(NEOMOTE_1_I2C_0.o)
                0x1fff9cb0                NEOMOTE_1_I2C_0_initVar
 .bss           0x1fff9cb1        0x1 .\CortexM3\ARM_GCC_473\Debug\Sensor_Node.a(NEOMOTE_1_DELAY_COUNTER.o)
                0x1fff9cb1                NEOMOTE_1_DELAY_COUNTER_initVar
 *fill*         0x1fff9cb2        0x2 00
 .bss           0x1fff9cb4       0x14 ..\..\..\emFile_V322b\LinkLibrary\PSoC5\GCC\libemf32nosnlfn.a(MMC_Drv.o)
 .bss           0x1fff9cc8        0x1 .\CortexM3\ARM_GCC_473\Debug\Sensor_Node.a(emFile_1_MMC_HW_SPI.o)
 .bss           0x1fff9cc9        0x1 .\CortexM3\ARM_GCC_473\Debug\Sensor_Node.a(emFile_1_SPI0.o)
                0x1fff9cc9                emFile_1_SPI0_initVar
 *fill*         0x1fff9cca        0x2 00
 .bss._daylight
                0x1fff9ccc        0x4 c:/program files (x86)/cypress/psoc creator/3.0/psoc creator/import/gnu_cs/arm/4.7.3/bin/../lib/gcc/arm-none-eabi/4.7.3/../../../../arm-none-eabi/lib/armv7-m\libg.a(lib_a-tzvars.o)
                0x1fff9ccc                _daylight
 .bss.__malloc_max_total_mem
                0x1fff9cd0        0x4 c:/program files (x86)/cypress/psoc creator/3.0/psoc creator/import/gnu_cs/arm/4.7.3/bin/../lib/gcc/arm-none-eabi/4.7.3/../../../../arm-none-eabi/lib/armv7-m\libg.a(lib_a-mallocr.o)
                0x1fff9cd0                __malloc_max_total_mem
 .bss.__malloc_max_sbrked_mem
                0x1fff9cd4        0x4 c:/program files (x86)/cypress/psoc creator/3.0/psoc creator/import/gnu_cs/arm/4.7.3/bin/../lib/gcc/arm-none-eabi/4.7.3/../../../../arm-none-eabi/lib/armv7-m\libg.a(lib_a-mallocr.o)
                0x1fff9cd4                __malloc_max_sbrked_mem
 .bss.__malloc_top_pad
                0x1fff9cd8        0x4 c:/program files (x86)/cypress/psoc creator/3.0/psoc creator/import/gnu_cs/arm/4.7.3/bin/../lib/gcc/arm-none-eabi/4.7.3/../../../../arm-none-eabi/lib/armv7-m\libg.a(lib_a-mallocr.o)
                0x1fff9cd8                __malloc_top_pad
 .bss.__malloc_current_mallinfo
                0x1fff9cdc       0x28 c:/program files (x86)/cypress/psoc creator/3.0/psoc creator/import/gnu_cs/arm/4.7.3/bin/../lib/gcc/arm-none-eabi/4.7.3/../../../../arm-none-eabi/lib/armv7-m\libg.a(lib_a-mallocr.o)